Archive member included to satisfy reference by file (symbol)

e:/_tool/arm-gnu-toolchain-12.2.mpacbti-rel1-mingw-w64-i686-arm-none-eabi/bin/../lib/gcc/arm-none-eabi/12.2.1/thumb/v7-m/nofp\libgcc.a(_arm_mulsf3.o)
                              CMakeFiles/Ink-Paper.elf.dir/Lib/WaveShare1in54v2/GUI_Paint.c.obj (__aeabi_fmul)
e:/_tool/arm-gnu-toolchain-12.2.mpacbti-rel1-mingw-w64-i686-arm-none-eabi/bin/../lib/gcc/arm-none-eabi/12.2.1/thumb/v7-m/nofp\libgcc.a(_arm_addsubdf3.o)
                              CMakeFiles/Ink-Paper.elf.dir/Lib/WaveShare1in54v2/GUI_Paint.c.obj (__aeabi_dsub)
e:/_tool/arm-gnu-toolchain-12.2.mpacbti-rel1-mingw-w64-i686-arm-none-eabi/bin/../lib/gcc/arm-none-eabi/12.2.1/thumb/v7-m/nofp\libgcc.a(_arm_fixdfsi.o)
                              CMakeFiles/Ink-Paper.elf.dir/Lib/WaveShare1in54v2/GUI_Paint.c.obj (__aeabi_d2iz)
e:/_tool/arm-gnu-toolchain-12.2.mpacbti-rel1-mingw-w64-i686-arm-none-eabi/bin/../lib/gcc/arm-none-eabi/12.2.1/thumb/v7-m/nofp\libgcc.a(_arm_truncdfsf2.o)
                              CMakeFiles/Ink-Paper.elf.dir/Lib/WaveShare1in54v2/GUI_Paint.c.obj (__aeabi_d2f)
e:/_tool/arm-gnu-toolchain-12.2.mpacbti-rel1-mingw-w64-i686-arm-none-eabi/bin/../lib/gcc/arm-none-eabi/12.2.1/thumb/v7-m/nofp\libgcc.a(_arm_fixsfsi.o)
                              CMakeFiles/Ink-Paper.elf.dir/Lib/WaveShare1in54v2/GUI_Paint.c.obj (__aeabi_f2iz)
e:/_tool/arm-gnu-toolchain-12.2.mpacbti-rel1-mingw-w64-i686-arm-none-eabi/bin/../lib/gcc/arm-none-eabi/12.2.1/thumb/v7-m/nofp\libgcc.a(_arm_fixunssfsi.o)
                              CMakeFiles/Ink-Paper.elf.dir/User/Src/recorder.c.obj (__aeabi_f2uiz)
e:/_tool/arm-gnu-toolchain-12.2.mpacbti-rel1-mingw-w64-i686-arm-none-eabi/bin/../lib/gcc/arm-none-eabi/12.2.1/thumb/v7-m/nofp\libgcc.a(_aeabi_uldivmod.o)
                              CMakeFiles/Ink-Paper.elf.dir/Lib/Lvgl/src/misc/lv_printf.c.obj (__aeabi_uldivmod)
e:/_tool/arm-gnu-toolchain-12.2.mpacbti-rel1-mingw-w64-i686-arm-none-eabi/bin/../lib/gcc/arm-none-eabi/12.2.1/thumb/v7-m/nofp\libgcc.a(_udivmoddi4.o)
                              e:/_tool/arm-gnu-toolchain-12.2.mpacbti-rel1-mingw-w64-i686-arm-none-eabi/bin/../lib/gcc/arm-none-eabi/12.2.1/thumb/v7-m/nofp\libgcc.a(_aeabi_uldivmod.o) (__udivmoddi4)
e:/_tool/arm-gnu-toolchain-12.2.mpacbti-rel1-mingw-w64-i686-arm-none-eabi/bin/../lib/gcc/arm-none-eabi/12.2.1/thumb/v7-m/nofp\libgcc.a(_dvmd_tls.o)
                              e:/_tool/arm-gnu-toolchain-12.2.mpacbti-rel1-mingw-w64-i686-arm-none-eabi/bin/../lib/gcc/arm-none-eabi/12.2.1/thumb/v7-m/nofp\libgcc.a(_aeabi_uldivmod.o) (__aeabi_ldiv0)
e:/_tool/arm-gnu-toolchain-12.2.mpacbti-rel1-mingw-w64-i686-arm-none-eabi/bin/../lib/gcc/arm-none-eabi/12.2.1/thumb/v7-m/nofp\libg.a(libc_a-exit.o)
                              e:/_tool/arm-gnu-toolchain-12.2.mpacbti-rel1-mingw-w64-i686-arm-none-eabi/bin/../lib/gcc/arm-none-eabi/12.2.1/thumb/v7-m/nofp/crt0.o (exit)
e:/_tool/arm-gnu-toolchain-12.2.mpacbti-rel1-mingw-w64-i686-arm-none-eabi/bin/../lib/gcc/arm-none-eabi/12.2.1/thumb/v7-m/nofp\libg.a(libc_a-malloc.o)
                              CMakeFiles/Ink-Paper.elf.dir/User/Src/bsp_ink_paper.c.obj (malloc)
e:/_tool/arm-gnu-toolchain-12.2.mpacbti-rel1-mingw-w64-i686-arm-none-eabi/bin/../lib/gcc/arm-none-eabi/12.2.1/thumb/v7-m/nofp\libg.a(libc_a-mallocr.o)
                              e:/_tool/arm-gnu-toolchain-12.2.mpacbti-rel1-mingw-w64-i686-arm-none-eabi/bin/../lib/gcc/arm-none-eabi/12.2.1/thumb/v7-m/nofp\libg.a(libc_a-malloc.o) (_malloc_r)
e:/_tool/arm-gnu-toolchain-12.2.mpacbti-rel1-mingw-w64-i686-arm-none-eabi/bin/../lib/gcc/arm-none-eabi/12.2.1/thumb/v7-m/nofp\libg.a(libc_a-mlock.o)
                              e:/_tool/arm-gnu-toolchain-12.2.mpacbti-rel1-mingw-w64-i686-arm-none-eabi/bin/../lib/gcc/arm-none-eabi/12.2.1/thumb/v7-m/nofp\libg.a(libc_a-mallocr.o) (__malloc_lock)
e:/_tool/arm-gnu-toolchain-12.2.mpacbti-rel1-mingw-w64-i686-arm-none-eabi/bin/../lib/gcc/arm-none-eabi/12.2.1/thumb/v7-m/nofp\libg.a(libc_a-findfp.o)
                              e:/_tool/arm-gnu-toolchain-12.2.mpacbti-rel1-mingw-w64-i686-arm-none-eabi/bin/../lib/gcc/arm-none-eabi/12.2.1/thumb/v7-m/nofp\libg.a(libc_a-exit.o) (__stdio_exit_handler)
e:/_tool/arm-gnu-toolchain-12.2.mpacbti-rel1-mingw-w64-i686-arm-none-eabi/bin/../lib/gcc/arm-none-eabi/12.2.1/thumb/v7-m/nofp\libg.a(libc_a-fwalk.o)
                              e:/_tool/arm-gnu-toolchain-12.2.mpacbti-rel1-mingw-w64-i686-arm-none-eabi/bin/../lib/gcc/arm-none-eabi/12.2.1/thumb/v7-m/nofp\libg.a(libc_a-findfp.o) (_fwalk_sglue)
e:/_tool/arm-gnu-toolchain-12.2.mpacbti-rel1-mingw-w64-i686-arm-none-eabi/bin/../lib/gcc/arm-none-eabi/12.2.1/thumb/v7-m/nofp\libg.a(libc_a-printf.o)
                              CMakeFiles/Ink-Paper.elf.dir/Core/Src/main.c.obj (printf)
e:/_tool/arm-gnu-toolchain-12.2.mpacbti-rel1-mingw-w64-i686-arm-none-eabi/bin/../lib/gcc/arm-none-eabi/12.2.1/thumb/v7-m/nofp\libg.a(libc_a-puts.o)
[...]
Memory Configuration

Name             Origin             Length             Attributes
RAM              0x20000000         0x00010000         xrw
FLASH            0x08000000         0x00080000         xr
*default*        0x00000000         0xffffffff

Linker script and memory map

LOAD e:/_tool/arm-gnu-toolchain-12.2.mpacbti-rel1-mingw-w64-i686-arm-none-eabi/bin/../lib/gcc/arm-none-eabi/12.2.1/thumb/v7-m/nofp/crti.o
LOAD e:/_tool/arm-gnu-toolchain-12.2.mpacbti-rel1-mingw-w64-i686-arm-none-eabi/bin/../lib/gcc/arm-none-eabi/12.2.1/thumb/v7-m/nofp/crtbegin.o
LOAD e:/_tool/arm-gnu-toolchain-12.2.mpacbti-rel1-mingw-w64-i686-arm-none-eabi/bin/../lib/gcc/arm-none-eabi/12.2.1/thumb/v7-m/nofp/crt0.o
LOAD CMakeFiles/Ink-Paper.elf.dir/Core/Src/freertos.c.obj
LOAD CMakeFiles/Ink-Paper.elf.dir/Core/Src/gpio.c.obj
LOAD CMakeFiles/Ink-Paper.elf.dir/Core/Src/main.c.obj
LOAD CMakeFiles/Ink-Paper.elf.dir/Core/Src/sdio.c.obj
LOAD CMakeFiles/Ink-Paper.elf.dir/Core/Src/spi.c.obj
LOAD CMakeFiles/Ink-Paper.elf.dir/Core/Src/stm32f1xx_hal_msp.c.obj
LOAD CMakeFiles/Ink-Paper.elf.dir/Core/Src/stm32f1xx_hal_timebase_tim.c.obj
LOAD CMakeFiles/Ink-Paper.elf.dir/Core/Src/stm32f1xx_it.c.obj
LOAD CMakeFiles/Ink-Paper.elf.dir/Core/Src/syscalls.c.obj
LOAD CMakeFiles/Ink-Paper.elf.dir/Core/Src/sysmem.c.obj
LOAD CMakeFiles/Ink-Paper.elf.dir/Core/Src/system_stm32f1xx.c.obj
LOAD CMakeFiles/Ink-Paper.elf.dir/Core/Src/usart.c.obj
LOAD CMakeFiles/Ink-Paper.elf.dir/Core/Startup/startup_stm32f103vetx.s.obj
LOAD CMakeFiles/Ink-Paper.elf.dir/Drivers/STM32F1xx_HAL_Driver/Src/stm32f1xx_hal.c.obj
LOAD CMakeFiles/Ink-Paper.elf.dir/Drivers/STM32F1xx_HAL_Driver/Src/stm32f1xx_hal_cortex.c.obj
LOAD CMakeFiles/Ink-Paper.elf.dir/Drivers/STM32F1xx_HAL_Driver/Src/stm32f1xx_hal_dma.c.obj
LOAD CMakeFiles/Ink-Paper.elf.dir/Drivers/STM32F1xx_HAL_Driver/Src/stm32f1xx_hal_exti.c.obj
LOAD CMakeFiles/Ink-Paper.elf.dir/Drivers/STM32F1xx_HAL_Driver/Src/stm32f1xx_hal_flash.c.obj
LOAD CMakeFiles/Ink-Paper.elf.dir/Drivers/STM32F1xx_HAL_Driver/Src/stm32f1xx_hal_flash_ex.c.obj
LOAD CMakeFiles/Ink-Paper.elf.dir/Drivers/STM32F1xx_HAL_Driver/Src/stm32f1xx_hal_gpio.c.obj
LOAD CMakeFiles/Ink-Paper.elf.dir/Drivers/STM32F1xx_HAL_Driver/Src/stm32f1xx_hal_gpio_ex.c.obj
LOAD CMakeFiles/Ink-Paper.elf.dir/Drivers/STM32F1xx_HAL_Driver/Src/stm32f1xx_hal_pcd.c.obj
LOAD CMakeFiles/Ink-Paper.elf.dir/Drivers/STM32F1xx_HAL_Driver/Src/stm32f1xx_hal_pcd_ex.c.obj
LOAD CMakeFiles/Ink-Paper.elf.dir/Drivers/STM32F1xx_HAL_Driver/Src/stm32f1xx_hal_pwr.c.obj
LOAD CMakeFiles/Ink-Paper.elf.dir/Drivers/STM32F1xx_HAL_Driver/Src/stm32f1xx_hal_rcc.c.obj
LOAD CMakeFiles/Ink-Paper.elf.dir/Drivers/STM32F1xx_HAL_Driver/Src/stm32f1xx_hal_rcc_ex.c.obj
LOAD CMakeFiles/Ink-Paper.elf.dir/Drivers/STM32F1xx_HAL_Driver/Src/stm32f1xx_hal_sd.c.obj
LOAD CMakeFiles/Ink-Paper.elf.dir/Drivers/STM32F1xx_HAL_Driver/Src/stm32f1xx_hal_spi.c.obj
LOAD CMakeFiles/Ink-Paper.elf.dir/Drivers/STM32F1xx_HAL_Driver/Src/stm32f1xx_hal_tim.c.obj
LOAD CMakeFiles/Ink-Paper.elf.dir/Drivers/STM32F1xx_HAL_Driver/Src/stm32f1xx_hal_tim_ex.c.obj
LOAD CMakeFiles/Ink-Paper.elf.dir/Drivers/STM32F1xx_HAL_Driver/Src/stm32f1xx_hal_uart.c.obj
LOAD CMakeFiles/Ink-Paper.elf.dir/Drivers/STM32F1xx_HAL_Driver/Src/stm32f1xx_ll_sdmmc.c.obj
LOAD CMakeFiles/Ink-Paper.elf.dir/Drivers/STM32F1xx_HAL_Driver/Src/stm32f1xx_ll_usb.c.obj
LOAD CMakeFiles/Ink-Paper.elf.dir/FATFS/App/fatfs.c.obj
LOAD CMakeFiles/Ink-Paper.elf.dir/FATFS/Target/bsp_driver_sd.c.obj
LOAD CMakeFiles/Ink-Paper.elf.dir/Lib/Lvgl/porting/lv_port_disp.c.obj
LOAD CMakeFiles/Ink-Paper.elf.dir/Lib/Lvgl/porting/lv_port_fs.c.obj
LOAD CMakeFiles/Ink-Paper.elf.dir/Lib/Lvgl/porting/lv_port_indev.c.obj
LOAD CMakeFiles/Ink-Paper.elf.dir/Lib/Lvgl/src/core/lv_disp.c.obj
LOAD CMakeFiles/Ink-Paper.elf.dir/Lib/Lvgl/src/core/lv_event.c.obj
LOAD CMakeFiles/Ink-Paper.elf.dir/Lib/Lvgl/src/core/lv_group.c.obj
LOAD CMakeFiles/Ink-Paper.elf.dir/Lib/Lvgl/src/core/lv_indev.c.obj
LOAD CMakeFiles/Ink-Paper.elf.dir/Lib/Lvgl/src/core/lv_indev_scroll.c.obj
LOAD CMakeFiles/Ink-Paper.elf.dir/Lib/Lvgl/src/core/lv_obj.c.obj
LOAD CMakeFiles/Ink-Paper.elf.dir/Lib/Lvgl/src/core/lv_obj_class.c.obj
LOAD CMakeFiles/Ink-Paper.elf.dir/Lib/Lvgl/src/core/lv_obj_draw.c.obj
LOAD CMakeFiles/Ink-Paper.elf.dir/Lib/Lvgl/src/core/lv_obj_pos.c.obj
LOAD CMakeFiles/Ink-Paper.elf.dir/Lib/Lvgl/src/core/lv_obj_scroll.c.obj
LOAD CMakeFiles/Ink-Paper.elf.dir/Lib/Lvgl/src/core/lv_obj_style.c.obj
LOAD CMakeFiles/Ink-Paper.elf.dir/Lib/Lvgl/src/core/lv_obj_style_gen.c.obj
LOAD CMakeFiles/Ink-Paper.elf.dir/Lib/Lvgl/src/core/lv_obj_tree.c.obj
LOAD CMakeFiles/Ink-Paper.elf.dir/Lib/Lvgl/src/core/lv_refr.c.obj
LOAD CMakeFiles/Ink-Paper.elf.dir/Lib/Lvgl/src/core/lv_theme.c.obj
LOAD CMakeFiles/Ink-Paper.elf.dir/Lib/Lvgl/src/draw/lv_draw_arc.c.obj
LOAD CMakeFiles/Ink-Paper.elf.dir/Lib/Lvgl/src/draw/lv_draw_blend.c.obj
LOAD CMakeFiles/Ink-Paper.elf.dir/Lib/Lvgl/src/draw/lv_draw_img.c.obj
LOAD CMakeFiles/Ink-Paper.elf.dir/Lib/Lvgl/src/draw/lv_draw_label.c.obj
LOAD CMakeFiles/Ink-Paper.elf.dir/Lib/Lvgl/src/draw/lv_draw_line.c.obj
LOAD CMakeFiles/Ink-Paper.elf.dir/Lib/Lvgl/src/draw/lv_draw_mask.c.obj
LOAD CMakeFiles/Ink-Paper.elf.dir/Lib/Lvgl/src/draw/lv_draw_rect.c.obj
LOAD CMakeFiles/Ink-Paper.elf.dir/Lib/Lvgl/src/draw/lv_draw_triangle.c.obj
LOAD CMakeFiles/Ink-Paper.elf.dir/Lib/Lvgl/src/draw/lv_img_buf.c.obj
LOAD CMakeFiles/Ink-Paper.elf.dir/Lib/Lvgl/src/draw/lv_img_cache.c.obj
LOAD CMakeFiles/Ink-Paper.elf.dir/Lib/Lvgl/src/draw/lv_img_decoder.c.obj
LOAD CMakeFiles/Ink-Paper.elf.dir/Lib/Lvgl/src/extra/layouts/flex/lv_flex.c.obj
LOAD CMakeFiles/Ink-Paper.elf.dir/Lib/Lvgl/src/extra/layouts/grid/lv_grid.c.obj
LOAD CMakeFiles/Ink-Paper.elf.dir/Lib/Lvgl/src/extra/lv_extra.c.obj
LOAD CMakeFiles/Ink-Paper.elf.dir/Lib/Lvgl/src/extra/themes/basic/lv_theme_basic.c.obj
LOAD CMakeFiles/Ink-Paper.elf.dir/Lib/Lvgl/src/extra/themes/default/lv_theme_default.c.obj
LOAD CMakeFiles/Ink-Paper.elf.dir/Lib/Lvgl/src/extra/themes/mono/lv_theme_mono.c.obj
LOAD CMakeFiles/Ink-Paper.elf.dir/Lib/Lvgl/src/extra/widgets/animimg/lv_animimg.c.obj
LOAD CMakeFiles/Ink-Paper.elf.dir/Lib/Lvgl/src/extra/widgets/calendar/lv_calendar.c.obj
LOAD CMakeFiles/Ink-Paper.elf.dir/Lib/Lvgl/src/extra/widgets/calendar/lv_calendar_header_arrow.c.obj
LOAD CMakeFiles/Ink-Paper.elf.dir/Lib/Lvgl/src/extra/widgets/calendar/lv_calendar_header_dropdown.c.obj
LOAD CMakeFiles/Ink-Paper.elf.dir/Lib/Lvgl/src/extra/widgets/chart/lv_chart.c.obj
LOAD CMakeFiles/Ink-Paper.elf.dir/Lib/Lvgl/src/extra/widgets/colorwheel/lv_colorwheel.c.obj
LOAD CMakeFiles/Ink-Paper.elf.dir/Lib/Lvgl/src/extra/widgets/imgbtn/lv_imgbtn.c.obj
LOAD CMakeFiles/Ink-Paper.elf.dir/Lib/Lvgl/src/extra/widgets/keyboard/lv_keyboard.c.obj
LOAD CMakeFiles/Ink-Paper.elf.dir/Lib/Lvgl/src/extra/widgets/led/lv_led.c.obj
LOAD CMakeFiles/Ink-Paper.elf.dir/Lib/Lvgl/src/extra/widgets/list/lv_list.c.obj
LOAD CMakeFiles/Ink-Paper.elf.dir/Lib/Lvgl/src/extra/widgets/meter/lv_meter.c.obj
LOAD CMakeFiles/Ink-Paper.elf.dir/Lib/Lvgl/src/extra/widgets/msgbox/lv_msgbox.c.obj
LOAD CMakeFiles/Ink-Paper.elf.dir/Lib/Lvgl/src/extra/widgets/span/lv_span.c.obj
LOAD CMakeFiles/Ink-Paper.elf.dir/Lib/Lvgl/src/extra/widgets/spinbox/lv_spinbox.c.obj
LOAD CMakeFiles/Ink-Paper.elf.dir/Lib/Lvgl/src/extra/widgets/spinner/lv_spinner.c.obj
LOAD CMakeFiles/Ink-Paper.elf.dir/Lib/Lvgl/src/extra/widgets/tabview/lv_tabview.c.obj
LOAD CMakeFiles/Ink-Paper.elf.dir/Lib/Lvgl/src/extra/widgets/tileview/lv_tileview.c.obj
LOAD CMakeFiles/Ink-Paper.elf.dir/Lib/Lvgl/src/extra/widgets/win/lv_win.c.obj
LOAD CMakeFiles/Ink-Paper.elf.dir/Lib/Lvgl/src/font/lv_font.c.obj
LOAD CMakeFiles/Ink-Paper.elf.dir/Lib/Lvgl/src/font/lv_font_dejavu_16_persian_hebrew.c.obj
LOAD CMakeFiles/Ink-Paper.elf.dir/Lib/Lvgl/src/font/lv_font_fmt_txt.c.obj
LOAD CMakeFiles/Ink-Paper.elf.dir/Lib/Lvgl/src/font/lv_font_loader.c.obj
LOAD CMakeFiles/Ink-Paper.elf.dir/Lib/Lvgl/src/font/lv_font_montserrat_10.c.obj
LOAD CMakeFiles/Ink-Paper.elf.dir/Lib/Lvgl/src/font/lv_font_montserrat_12.c.obj
LOAD CMakeFiles/Ink-Paper.elf.dir/Lib/Lvgl/src/font/lv_font_montserrat_12_subpx.c.obj
LOAD CMakeFiles/Ink-Paper.elf.dir/Lib/Lvgl/src/font/lv_font_montserrat_14.c.obj
LOAD CMakeFiles/Ink-Paper.elf.dir/Lib/Lvgl/src/font/lv_font_montserrat_16.c.obj
LOAD CMakeFiles/Ink-Paper.elf.dir/Lib/Lvgl/src/font/lv_font_montserrat_18.c.obj
LOAD CMakeFiles/Ink-Paper.elf.dir/Lib/Lvgl/src/font/lv_font_montserrat_20.c.obj
LOAD CMakeFiles/Ink-Paper.elf.dir/Lib/Lvgl/src/font/lv_font_montserrat_22.c.obj
LOAD CMakeFiles/Ink-Paper.elf.dir/Lib/Lvgl/src/font/lv_font_montserrat_24.c.obj
LOAD CMakeFiles/Ink-Paper.elf.dir/Lib/Lvgl/src/font/lv_font_montserrat_26.c.obj
LOAD CMakeFiles/Ink-Paper.elf.dir/Lib/Lvgl/src/font/lv_font_montserrat_28.c.obj
LOAD CMakeFiles/Ink-Paper.elf.dir/Lib/Lvgl/src/font/lv_font_montserrat_28_compressed.c.obj
LOAD CMakeFiles/Ink-Paper.elf.dir/Lib/Lvgl/src/font/lv_font_montserrat_30.c.obj
LOAD CMakeFiles/Ink-Paper.elf.dir/Lib/Lvgl/src/font/lv_font_montserrat_32.c.obj
LOAD CMakeFiles/Ink-Paper.elf.dir/Lib/Lvgl/src/font/lv_font_montserrat_34.c.obj
LOAD CMakeFiles/Ink-Paper.elf.dir/Lib/Lvgl/src/font/lv_font_montserrat_36.c.obj
LOAD CMakeFiles/Ink-Paper.elf.dir/Lib/Lvgl/src/font/lv_font_montserrat_38.c.obj
LOAD CMakeFiles/Ink-Paper.elf.dir/Lib/Lvgl/src/font/lv_font_montserrat_40.c.obj
LOAD CMakeFiles/Ink-Paper.elf.dir/Lib/Lvgl/src/font/lv_font_montserrat_42.c.obj
LOAD CMakeFiles/Ink-Paper.elf.dir/Lib/Lvgl/src/font/lv_font_montserrat_44.c.obj
LOAD CMakeFiles/Ink-Paper.elf.dir/Lib/Lvgl/src/font/lv_font_montserrat_46.c.obj
LOAD CMakeFiles/Ink-Paper.elf.dir/Lib/Lvgl/src/font/lv_font_montserrat_48.c.obj
LOAD CMakeFiles/Ink-Paper.elf.dir/Lib/Lvgl/src/font/lv_font_montserrat_8.c.obj
LOAD CMakeFiles/Ink-Paper.elf.dir/Lib/Lvgl/src/font/lv_font_simsun_16_cjk.c.obj
LOAD CMakeFiles/Ink-Paper.elf.dir/Lib/Lvgl/src/font/lv_font_unscii_16.c.obj
LOAD CMakeFiles/Ink-Paper.elf.dir/Lib/Lvgl/src/font/lv_font_unscii_8.c.obj
LOAD CMakeFiles/Ink-Paper.elf.dir/Lib/Lvgl/src/gpu/lv_gpu_nxp_pxp.c.obj
LOAD CMakeFiles/Ink-Paper.elf.dir/Lib/Lvgl/src/gpu/lv_gpu_nxp_pxp_osa.c.obj
LOAD CMakeFiles/Ink-Paper.elf.dir/Lib/Lvgl/src/gpu/lv_gpu_nxp_vglite.c.obj
LOAD CMakeFiles/Ink-Paper.elf.dir/Lib/Lvgl/src/gpu/lv_gpu_stm32_dma2d.c.obj
LOAD CMakeFiles/Ink-Paper.elf.dir/Lib/Lvgl/src/hal/lv_hal_disp.c.obj
LOAD CMakeFiles/Ink-Paper.elf.dir/Lib/Lvgl/src/hal/lv_hal_indev.c.obj
LOAD CMakeFiles/Ink-Paper.elf.dir/Lib/Lvgl/src/hal/lv_hal_tick.c.obj
LOAD CMakeFiles/Ink-Paper.elf.dir/Lib/Lvgl/src/misc/lv_anim.c.obj
LOAD CMakeFiles/Ink-Paper.elf.dir/Lib/Lvgl/src/misc/lv_area.c.obj
LOAD CMakeFiles/Ink-Paper.elf.dir/Lib/Lvgl/src/misc/lv_async.c.obj
LOAD CMakeFiles/Ink-Paper.elf.dir/Lib/Lvgl/src/misc/lv_bidi.c.obj
LOAD CMakeFiles/Ink-Paper.elf.dir/Lib/Lvgl/src/misc/lv_color.c.obj
LOAD CMakeFiles/Ink-Paper.elf.dir/Lib/Lvgl/src/misc/lv_fs.c.obj
LOAD CMakeFiles/Ink-Paper.elf.dir/Lib/Lvgl/src/misc/lv_gc.c.obj
LOAD CMakeFiles/Ink-Paper.elf.dir/Lib/Lvgl/src/misc/lv_ll.c.obj
LOAD CMakeFiles/Ink-Paper.elf.dir/Lib/Lvgl/src/misc/lv_log.c.obj
LOAD CMakeFiles/Ink-Paper.elf.dir/Lib/Lvgl/src/misc/lv_math.c.obj
LOAD CMakeFiles/Ink-Paper.elf.dir/Lib/Lvgl/src/misc/lv_mem.c.obj
LOAD CMakeFiles/Ink-Paper.elf.dir/Lib/Lvgl/src/misc/lv_printf.c.obj
LOAD CMakeFiles/Ink-Paper.elf.dir/Lib/Lvgl/src/misc/lv_style.c.obj
LOAD CMakeFiles/Ink-Paper.elf.dir/Lib/Lvgl/src/misc/lv_style_gen.c.obj
LOAD CMakeFiles/Ink-Paper.elf.dir/Lib/Lvgl/src/misc/lv_templ.c.obj
LOAD CMakeFiles/Ink-Paper.elf.dir/Lib/Lvgl/src/misc/lv_timer.c.obj
LOAD CMakeFiles/Ink-Paper.elf.dir/Lib/Lvgl/src/misc/lv_tlsf.c.obj
LOAD CMakeFiles/Ink-Paper.elf.dir/Lib/Lvgl/src/misc/lv_txt.c.obj
LOAD CMakeFiles/Ink-Paper.elf.dir/Lib/Lvgl/src/misc/lv_txt_ap.c.obj
LOAD CMakeFiles/Ink-Paper.elf.dir/Lib/Lvgl/src/misc/lv_utils.c.obj
LOAD CMakeFiles/Ink-Paper.elf.dir/Lib/Lvgl/src/widgets/lv_arc.c.obj
LOAD CMakeFiles/Ink-Paper.elf.dir/Lib/Lvgl/src/widgets/lv_bar.c.obj
LOAD CMakeFiles/Ink-Paper.elf.dir/Lib/Lvgl/src/widgets/lv_btn.c.obj
LOAD CMakeFiles/Ink-Paper.elf.dir/Lib/Lvgl/src/widgets/lv_btnmatrix.c.obj
LOAD CMakeFiles/Ink-Paper.elf.dir/Lib/Lvgl/src/widgets/lv_canvas.c.obj
LOAD CMakeFiles/Ink-Paper.elf.dir/Lib/Lvgl/src/widgets/lv_checkbox.c.obj
LOAD CMakeFiles/Ink-Paper.elf.dir/Lib/Lvgl/src/widgets/lv_dropdown.c.obj
LOAD CMakeFiles/Ink-Paper.elf.dir/Lib/Lvgl/src/widgets/lv_img.c.obj
LOAD CMakeFiles/Ink-Paper.elf.dir/Lib/Lvgl/src/widgets/lv_label.c.obj
LOAD CMakeFiles/Ink-Paper.elf.dir/Lib/Lvgl/src/widgets/lv_line.c.obj
LOAD CMakeFiles/Ink-Paper.elf.dir/Lib/Lvgl/src/widgets/lv_objx_templ.c.obj
LOAD CMakeFiles/Ink-Paper.elf.dir/Lib/Lvgl/src/widgets/lv_roller.c.obj
LOAD CMakeFiles/Ink-Paper.elf.dir/Lib/Lvgl/src/widgets/lv_slider.c.obj
LOAD CMakeFiles/Ink-Paper.elf.dir/Lib/Lvgl/src/widgets/lv_switch.c.obj
LOAD CMakeFiles/Ink-Paper.elf.dir/Lib/Lvgl/src/widgets/lv_table.c.obj
LOAD CMakeFiles/Ink-Paper.elf.dir/Lib/Lvgl/src/widgets/lv_textarea.c.obj
LOAD CMakeFiles/Ink-Paper.elf.dir/Lib/WaveShare1in54v2/DEV_Config.c.obj
LOAD CMakeFiles/Ink-Paper.elf.dir/Lib/WaveShare1in54v2/EPD_1in54_V2.c.obj
LOAD CMakeFiles/Ink-Paper.elf.dir/Lib/WaveShare1in54v2/Fonts/font12.c.obj
LOAD CMakeFiles/Ink-Paper.elf.dir/Lib/WaveShare1in54v2/Fonts/font12CN.c.obj
LOAD CMakeFiles/Ink-Paper.elf.dir/Lib/WaveShare1in54v2/Fonts/font16.c.obj
LOAD CMakeFiles/Ink-Paper.elf.dir/Lib/WaveShare1in54v2/Fonts/font20.c.obj
LOAD CMakeFiles/Ink-Paper.elf.dir/Lib/WaveShare1in54v2/Fonts/font24.c.obj
LOAD CMakeFiles/Ink-Paper.elf.dir/Lib/WaveShare1in54v2/Fonts/font24CN.c.obj
LOAD CMakeFiles/Ink-Paper.elf.dir/Lib/WaveShare1in54v2/Fonts/font8.c.obj
LOAD CMakeFiles/Ink-Paper.elf.dir/Lib/WaveShare1in54v2/GUI_Paint.c.obj
LOAD CMakeFiles/Ink-Paper.elf.dir/Lib/WaveShare1in54v2/Imgs/ImageData.c.obj
LOAD CMakeFiles/Ink-Paper.elf.dir/Middlewares/ST/STM32_USB_Device_Library/Class/MSC/Src/usbd_msc.c.obj
LOAD CMakeFiles/Ink-Paper.elf.dir/Middlewares/ST/STM32_USB_Device_Library/Class/MSC/Src/usbd_msc_bot.c.obj
LOAD CMakeFiles/Ink-Paper.elf.dir/Middlewares/ST/STM32_USB_Device_Library/Class/MSC/Src/usbd_msc_data.c.obj
LOAD CMakeFiles/Ink-Paper.elf.dir/Middlewares/ST/STM32_USB_Device_Library/Class/MSC/Src/usbd_msc_scsi.c.obj
LOAD CMakeFiles/Ink-Paper.elf.dir/Middlewares/ST/STM32_USB_Device_Library/Core/Src/usbd_core.c.obj
LOAD CMakeFiles/Ink-Paper.elf.dir/Middlewares/ST/STM32_USB_Device_Library/Core/Src/usbd_ctlreq.c.obj
LOAD CMakeFiles/Ink-Paper.elf.dir/Middlewares/ST/STM32_USB_Device_Library/Core/Src/usbd_ioreq.c.obj
LOAD CMakeFiles/Ink-Paper.elf.dir/Middlewares/Third_Party/FatFs/src/diskio.c.obj
LOAD CMakeFiles/Ink-Paper.elf.dir/Middlewares/Third_Party/FatFs/src/drivers/sd_diskio.c.obj
LOAD CMakeFiles/Ink-Paper.elf.dir/Middlewares/Third_Party/FatFs/src/ff.c.obj
LOAD CMakeFiles/Ink-Paper.elf.dir/Middlewares/Third_Party/FatFs/src/ff_gen_drv.c.obj
LOAD CMakeFiles/Ink-Paper.elf.dir/Middlewares/Third_Party/FatFs/src/option/cc936.c.obj
LOAD CMakeFiles/Ink-Paper.elf.dir/Middlewares/Third_Party/FatFs/src/option/syscall.c.obj
LOAD CMakeFiles/Ink-Paper.elf.dir/Middlewares/Third_Party/FreeRTOS/Source/CMSIS_RTOS/cmsis_os.c.obj
LOAD CMakeFiles/Ink-Paper.elf.dir/Middlewares/Third_Party/FreeRTOS/Source/croutine.c.obj
LOAD CMakeFiles/Ink-Paper.elf.dir/Middlewares/Third_Party/FreeRTOS/Source/event_groups.c.obj
LOAD CMakeFiles/Ink-Paper.elf.dir/Middlewares/Third_Party/FreeRTOS/Source/list.c.obj
LOAD CMakeFiles/Ink-Paper.elf.dir/Middlewares/Third_Party/FreeRTOS/Source/portable/GCC/ARM_CM3/port.c.obj
LOAD CMakeFiles/Ink-Paper.elf.dir/Middlewares/Third_Party/FreeRTOS/Source/portable/MemMang/heap_4.c.obj
LOAD CMakeFiles/Ink-Paper.elf.dir/Middlewares/Third_Party/FreeRTOS/Source/queue.c.obj
LOAD CMakeFiles/Ink-Paper.elf.dir/Middlewares/Third_Party/FreeRTOS/Source/stream_buffer.c.obj
LOAD CMakeFiles/Ink-Paper.elf.dir/Middlewares/Third_Party/FreeRTOS/Source/tasks.c.obj
LOAD CMakeFiles/Ink-Paper.elf.dir/Middlewares/Third_Party/FreeRTOS/Source/timers.c.obj
LOAD CMakeFiles/Ink-Paper.elf.dir/USB_DEVICE/App/usb_device.c.obj
LOAD CMakeFiles/Ink-Paper.elf.dir/USB_DEVICE/App/usbd_desc.c.obj
LOAD CMakeFiles/Ink-Paper.elf.dir/USB_DEVICE/App/usbd_storage_if.c.obj
LOAD CMakeFiles/Ink-Paper.elf.dir/USB_DEVICE/Target/usbd_conf.c.obj
LOAD CMakeFiles/Ink-Paper.elf.dir/User/Src/CustomFonts/custom_yaheiBold_18.c.obj
LOAD CMakeFiles/Ink-Paper.elf.dir/User/Src/CustomFonts/custom_yaheiBold_22.c.obj
LOAD CMakeFiles/Ink-Paper.elf.dir/User/Src/CustomFonts/custom_yaheiBold_26.c.obj
LOAD CMakeFiles/Ink-Paper.elf.dir/User/Src/CustomFonts/custom_yahei_18.c.obj
LOAD CMakeFiles/Ink-Paper.elf.dir/User/Src/CustomFonts/custom_yahei_22.c.obj
LOAD CMakeFiles/Ink-Paper.elf.dir/User/Src/CustomFonts/custom_yahei_26.c.obj
LOAD CMakeFiles/Ink-Paper.elf.dir/User/Src/Img/me.c.obj
LOAD CMakeFiles/Ink-Paper.elf.dir/User/Src/Img/me2.c.obj
LOAD CMakeFiles/Ink-Paper.elf.dir/User/Src/bsp_delay.c.obj
LOAD CMakeFiles/Ink-Paper.elf.dir/User/Src/bsp_ink_paper.c.obj
LOAD CMakeFiles/Ink-Paper.elf.dir/User/Src/bsp_key.c.obj
LOAD CMakeFiles/Ink-Paper.elf.dir/User/Src/bsp_usart.c.obj
LOAD CMakeFiles/Ink-Paper.elf.dir/User/Src/bsp_vs10xx.c.obj
LOAD CMakeFiles/Ink-Paper.elf.dir/User/Src/fops.c.obj
LOAD CMakeFiles/Ink-Paper.elf.dir/User/Src/recorder.c.obj
START GROUP
LOAD e:/_tool/arm-gnu-toolchain-12.2.mpacbti-rel1-mingw-w64-i686-arm-none-eabi/bin/../lib/gcc/arm-none-eabi/12.2.1/thumb/v7-m/nofp\libgcc.a
LOAD e:/_tool/arm-gnu-toolchain-12.2.mpacbti-rel1-mingw-w64-i686-arm-none-eabi/bin/../lib/gcc/arm-none-eabi/12.2.1/thumb/v7-m/nofp\libg.a
LOAD e:/_tool/arm-gnu-toolchain-12.2.mpacbti-rel1-mingw-w64-i686-arm-none-eabi/bin/../lib/gcc/arm-none-eabi/12.2.1/thumb/v7-m/nofp\libc.a
END GROUP
LOAD e:/_tool/arm-gnu-toolchain-12.2.mpacbti-rel1-mingw-w64-i686-arm-none-eabi/bin/../lib/gcc/arm-none-eabi/12.2.1/thumb/v7-m/nofp/crtend.o
LOAD e:/_tool/arm-gnu-toolchain-12.2.mpacbti-rel1-mingw-w64-i686-arm-none-eabi/bin/../lib/gcc/arm-none-eabi/12.2.1/thumb/v7-m/nofp/crtn.o
                0x20010000                        _estack = (ORIGIN (RAM) + LENGTH (RAM))
                0x00001800                        _Min_Heap_Size = 0x1800
                0x00001000                        _Min_Stack_Size = 0x1000

.isr_vector     0x08000000      0x1e4
                0x08000000                        . = ALIGN (0x4)
 *(.isr_vector)
 .isr_vector    0x08000000      0x1e4 CMakeFiles/Ink-Paper.elf.dir/Core/Startup/startup_stm32f103vetx.s.obj
                0x08000000                g_pfnVectors
                0x080001e4                        . = ALIGN (0x4)

.text           0x080001f0     0xe500
                0x080001f0                        . = ALIGN (0x4)
 *(.text)
 .text          0x080001f0      0x378 e:/_tool/arm-gnu-toolchain-12.2.mpacbti-rel1-mingw-w64-i686-arm-none-eabi/bin/../lib/gcc/arm-none-eabi/12.2.1/thumb/v7-m/nofp\libgcc.a(_arm_addsubdf3.o)
                0x080001f0                __aeabi_drsub
                0x080001f8                __aeabi_dsub
                0x080001f8                __subdf3
                0x080001fc                __aeabi_dadd
                0x080001fc                __adddf3
                0x08000474                __floatunsidf
                0x08000474                __aeabi_ui2d
                0x08000494                __floatsidf
                0x08000494                __aeabi_i2d
                0x080004b8                __aeabi_f2d
                0x080004b8                __extendsfdf2
                0x080004fc                __floatundidf
                0x080004fc                __aeabi_ul2d
                0x0800050c                __floatdidf
                0x0800050c                __aeabi_l2d
 .text          0x08000568       0x50 e:/_tool/arm-gnu-toolchain-12.2.mpacbti-rel1-mingw-w64-i686-arm-none-eabi/bin/../lib/gcc/arm-none-eabi/12.2.1/thumb/v7-m/nofp\libgcc.a(_arm_fixdfsi.o)
                0x08000568                __aeabi_d2iz
                0x08000568                __fixdfsi
 .text          0x080005b8       0xec e:/_tool/arm-gnu-toolchain-12.2.mpacbti-rel1-mingw-w64-i686-arm-none-eabi/bin/../lib/gcc/arm-none-eabi/12.2.1/thumb/v7-m/nofp\libg.a(libc_a-memcpy.o)
                0x080005b8                memcpy
 .text          0x080006a4      0x424 e:/_tool/arm-gnu-toolchain-12.2.mpacbti-rel1-mingw-w64-i686-arm-none-eabi/bin/../lib/gcc/arm-none-eabi/12.2.1/thumb/v7-m/nofp\libgcc.a(_arm_muldivdf3.o)
                0x080006a4                __aeabi_dmul
                0x080006a4                __muldf3
                0x080008f8                __divdf3
                0x080008f8                __aeabi_ddiv
 .text          0x08000ac8      0x110 e:/_tool/arm-gnu-toolchain-12.2.mpacbti-rel1-mingw-w64-i686-arm-none-eabi/bin/../lib/gcc/arm-none-eabi/12.2.1/thumb/v7-m/nofp\libgcc.a(_arm_cmpdf2.o)
                0x08000ac8                __gtdf2
                0x08000ac8                __gedf2
                0x08000ad0                __ltdf2
                0x08000ad0                __ledf2
                0x08000ad8                __nedf2
                0x08000ad8                __eqdf2
                0x08000ad8                __cmpdf2
                0x08000b54                __aeabi_cdrcmple
                0x08000b64                __aeabi_cdcmpeq
                0x08000b64                __aeabi_cdcmple
                0x08000b74                __aeabi_dcmpeq
                0x08000b88                __aeabi_dcmplt
                0x08000b9c                __aeabi_dcmple
                0x08000bb0                __aeabi_dcmpge
                0x08000bc4                __aeabi_dcmpgt
 .text          0x08000bd8       0x2c e:/_tool/arm-gnu-toolchain-12.2.mpacbti-rel1-mingw-w64-i686-arm-none-eabi/bin/../lib/gcc/arm-none-eabi/12.2.1/thumb/v7-m/nofp\libgcc.a(_arm_unorddf2.o)
                0x08000bd8                __unorddf2
                0x08000bd8                __aeabi_dcmpun
 *(.text*)
 .text.deregister_tm_clones
                0x08000c04       0x1c e:/_tool/arm-gnu-toolchain-12.2.mpacbti-rel1-mingw-w64-i686-arm-none-eabi/bin/../lib/gcc/arm-none-eabi/12.2.1/thumb/v7-m/nofp/crtbegin.o
 .text.register_tm_clones
                0x08000c20       0x24 e:/_tool/arm-gnu-toolchain-12.2.mpacbti-rel1-mingw-w64-i686-arm-none-eabi/bin/../lib/gcc/arm-none-eabi/12.2.1/thumb/v7-m/nofp/crtbegin.o
 .text.__do_global_dtors_aux
                0x08000c44       0x28 e:/_tool/arm-gnu-toolchain-12.2.mpacbti-rel1-mingw-w64-i686-arm-none-eabi/bin/../lib/gcc/arm-none-eabi/12.2.1/thumb/v7-m/nofp/crtbegin.o
 .text.frame_dummy
                0x08000c6c       0x24 e:/_tool/arm-gnu-toolchain-12.2.mpacbti-rel1-mingw-w64-i686-arm-none-eabi/bin/../lib/gcc/arm-none-eabi/12.2.1/thumb/v7-m/nofp/crtbegin.o
 .text.MX_GPIO_Init
                0x08000c90      0x164 CMakeFiles/Ink-Paper.elf.dir/Core/Src/gpio.c.obj
                0x08000c90                MX_GPIO_Init
 .text.HAL_TIM_PeriodElapsedCallback
                0x08000df4       0x28 CMakeFiles/Ink-Paper.elf.dir/Core/Src/main.c.obj
                0x08000df4                HAL_TIM_PeriodElapsedCallback
 .text.Error_Handler
                0x08000e1c        0x4 CMakeFiles/Ink-Paper.elf.dir/Core/Src/main.c.obj
                0x08000e1c                Error_Handler
 .text.SystemClock_Config
                0x08000e20       0x84 CMakeFiles/Ink-Paper.elf.dir/Core/Src/main.c.obj
                0x08000e20                SystemClock_Config
 .text.main     0x08000ea4       0x60 CMakeFiles/Ink-Paper.elf.dir/Core/Src/main.c.obj
                0x08000ea4                main
 .text.MX_SDIO_SD_Init
                0x08000f04       0x24 CMakeFiles/Ink-Paper.elf.dir/Core/Src/sdio.c.obj
                0x08000f04                MX_SDIO_SD_Init
 .text.HAL_SD_MspInit
                0x08000f28       0x98 CMakeFiles/Ink-Paper.elf.dir/Core/Src/sdio.c.obj
                0x08000f28                HAL_SD_MspInit
 .text.MX_SPI1_Init
                0x08000fc0       0x44 CMakeFiles/Ink-Paper.elf.dir/Core/Src/spi.c.obj
                0x08000fc0                MX_SPI1_Init
 .text.MX_SPI2_Init
                0x08001004       0x48 CMakeFiles/Ink-Paper.elf.dir/Core/Src/spi.c.obj
                0x08001004                MX_SPI2_Init
 .text.HAL_SPI_MspInit
                0x0800104c       0xc4 CMakeFiles/Ink-Paper.elf.dir/Core/Src/spi.c.obj
                0x0800104c                HAL_SPI_MspInit
 .text.HAL_MspInit
                0x08001110       0x54 CMakeFiles/Ink-Paper.elf.dir/Core/Src/stm32f1xx_hal_msp.c.obj
                0x08001110                HAL_MspInit
 .text.HAL_InitTick
                0x08001164       0x94 CMakeFiles/Ink-Paper.elf.dir/Core/Src/stm32f1xx_hal_timebase_tim.c.obj
                0x08001164                HAL_InitTick
 .text.NMI_Handler
                0x080011f8        0x2 CMakeFiles/Ink-Paper.elf.dir/Core/Src/stm32f1xx_it.c.obj
                0x080011f8                NMI_Handler
 .text.HardFault_Handler
                0x080011fa        0x2 CMakeFiles/Ink-Paper.elf.dir/Core/Src/stm32f1xx_it.c.obj
                0x080011fa                HardFault_Handler
 .text.MemManage_Handler
                0x080011fc        0x2 CMakeFiles/Ink-Paper.elf.dir/Core/Src/stm32f1xx_it.c.obj
                0x080011fc                MemManage_Handler
 .text.BusFault_Handler
                0x080011fe        0x2 CMakeFiles/Ink-Paper.elf.dir/Core/Src/stm32f1xx_it.c.obj
                0x080011fe                BusFault_Handler
 .text.UsageFault_Handler
                0x08001200        0x2 CMakeFiles/Ink-Paper.elf.dir/Core/Src/stm32f1xx_it.c.obj
                0x08001200                UsageFault_Handler
 .text.DebugMon_Handler
                0x08001202        0x2 CMakeFiles/Ink-Paper.elf.dir/Core/Src/stm32f1xx_it.c.obj
                0x08001202                DebugMon_Handler
 .text.EXTI0_IRQHandler
                0x08001204        0xa CMakeFiles/Ink-Paper.elf.dir/Core/Src/stm32f1xx_it.c.obj
                0x08001204                EXTI0_IRQHandler
 *fill*         0x0800120e        0x2 
 .text.USB_LP_CAN1_RX0_IRQHandler
                0x08001210       0x10 CMakeFiles/Ink-Paper.elf.dir/Core/Src/stm32f1xx_it.c.obj
                0x08001210                USB_LP_CAN1_RX0_IRQHandler
 .text.TIM1_UP_IRQHandler
                0x08001220       0x10 CMakeFiles/Ink-Paper.elf.dir/Core/Src/stm32f1xx_it.c.obj
                0x08001220                TIM1_UP_IRQHandler
 .text.EXTI15_10_IRQHandler
                0x08001230        0xc CMakeFiles/Ink-Paper.elf.dir/Core/Src/stm32f1xx_it.c.obj
                0x08001230                EXTI15_10_IRQHandler
 .text.SDIO_IRQHandler
                0x0800123c       0x10 CMakeFiles/Ink-Paper.elf.dir/Core/Src/stm32f1xx_it.c.obj
                0x0800123c                SDIO_IRQHandler
 .text._getpid  0x0800124c        0x4 CMakeFiles/Ink-Paper.elf.dir/Core/Src/syscalls.c.obj
                0x0800124c                _getpid
 .text._kill    0x08001250       0x10 CMakeFiles/Ink-Paper.elf.dir/Core/Src/syscalls.c.obj
                0x08001250                _kill
 .text._exit    0x08001260        0xc CMakeFiles/Ink-Paper.elf.dir/Core/Src/syscalls.c.obj
                0x08001260                _exit
 .text._read    0x0800126c       0x20 CMakeFiles/Ink-Paper.elf.dir/Core/Src/syscalls.c.obj
                0x0800126c                _read
 .text._write   0x0800128c       0x1c CMakeFiles/Ink-Paper.elf.dir/Core/Src/syscalls.c.obj
                0x0800128c                _write
 .text._close   0x080012a8        0x6 CMakeFiles/Ink-Paper.elf.dir/Core/Src/syscalls.c.obj
                0x080012a8                _close
 .text._fstat   0x080012ae        0xa CMakeFiles/Ink-Paper.elf.dir/Core/Src/syscalls.c.obj
                0x080012ae                _fstat
 .text._isatty  0x080012b8        0x4 CMakeFiles/Ink-Paper.elf.dir/Core/Src/syscalls.c.obj
                0x080012b8                _isatty
 .text._lseek   0x080012bc        0x4 CMakeFiles/Ink-Paper.elf.dir/Core/Src/syscalls.c.obj
                0x080012bc                _lseek
 .text._sbrk    0x080012c0       0x48 CMakeFiles/Ink-Paper.elf.dir/Core/Src/sysmem.c.obj
                0x080012c0                _sbrk
 .text.SystemInit
                0x08001308        0x2 CMakeFiles/Ink-Paper.elf.dir/Core/Src/system_stm32f1xx.c.obj
                0x08001308                SystemInit
 *fill*         0x0800130a        0x2 
 .text.MX_USART1_UART_Init
                0x0800130c       0x34 CMakeFiles/Ink-Paper.elf.dir/Core/Src/usart.c.obj
                0x0800130c                MX_USART1_UART_Init
 .text.HAL_UART_MspInit
                0x08001340       0x78 CMakeFiles/Ink-Paper.elf.dir/Core/Src/usart.c.obj
                0x08001340                HAL_UART_MspInit
 .text.__io_putchar
                0x080013b8       0x20 CMakeFiles/Ink-Paper.elf.dir/Core/Src/usart.c.obj
                0x080013b8                __io_putchar
 .text.Reset_Handler
                0x080013d8       0x48 CMakeFiles/Ink-Paper.elf.dir/Core/Startup/startup_stm32f103vetx.s.obj
                0x080013d8                Reset_Handler
 .text.Default_Handler
                0x08001420        0x2 CMakeFiles/Ink-Paper.elf.dir/Core/Startup/startup_stm32f103vetx.s.obj
                0x08001420                RTC_Alarm_IRQHandler
                0x08001420                EXTI2_IRQHandler
                0x08001420                TIM8_TRG_COM_IRQHandler
                0x08001420                TIM8_CC_IRQHandler
                0x08001420                TIM1_CC_IRQHandler
                0x08001420                TIM6_IRQHandler
                0x08001420                PVD_IRQHandler
                0x08001420                EXTI3_IRQHandler
                0x08001420                I2C2_EV_IRQHandler
                0x08001420                ADC1_2_IRQHandler
                0x08001420                SPI1_IRQHandler
                0x08001420                TAMPER_IRQHandler
                0x08001420                TIM8_UP_IRQHandler
                0x08001420                DMA2_Channel2_IRQHandler
                0x08001420                DMA1_Channel4_IRQHandler
                0x08001420                USART3_IRQHandler
                0x08001420                RTC_IRQHandler
                0x08001420                DMA1_Channel7_IRQHandler
                0x08001420                CAN1_RX1_IRQHandler
                0x08001420                UART5_IRQHandler
                0x08001420                ADC3_IRQHandler
                0x08001420                TIM4_IRQHandler
                0x08001420                DMA2_Channel1_IRQHandler
                0x08001420                I2C1_EV_IRQHandler
                0x08001420                DMA1_Channel6_IRQHandler
                0x08001420                UART4_IRQHandler
                0x08001420                TIM3_IRQHandler
                0x08001420                RCC_IRQHandler
                0x08001420                TIM1_TRG_COM_IRQHandler
                0x08001420                DMA1_Channel1_IRQHandler
                0x08001420                Default_Handler
                0x08001420                TIM7_IRQHandler
                0x08001420                TIM5_IRQHandler
                0x08001420                EXTI9_5_IRQHandler
                0x08001420                SPI2_IRQHandler
                0x08001420                DMA1_Channel5_IRQHandler
                0x08001420                EXTI4_IRQHandler
                0x08001420                USB_HP_CAN1_TX_IRQHandler
                0x08001420                DMA1_Channel3_IRQHandler
                0x08001420                FSMC_IRQHandler
                0x08001420                WWDG_IRQHandler
                0x08001420                TIM2_IRQHandler
                0x08001420                TIM1_BRK_IRQHandler
                0x08001420                EXTI1_IRQHandler
                0x08001420                DMA2_Channel4_5_IRQHandler
                0x08001420                USART2_IRQHandler
                0x08001420                I2C2_ER_IRQHandler
                0x08001420                DMA1_Channel2_IRQHandler
                0x08001420                TIM8_BRK_IRQHandler
                0x08001420                CAN1_SCE_IRQHandler
                0x08001420                FLASH_IRQHandler
                0x08001420                USART1_IRQHandler
                0x08001420                SPI3_IRQHandler
                0x08001420                I2C1_ER_IRQHandler
                0x08001420                USBWakeUp_IRQHandler
                0x08001420                DMA2_Channel3_IRQHandler
 *fill*         0x08001422        0x2 
 .text.HAL_Init
                0x08001424       0x24 CMakeFiles/Ink-Paper.elf.dir/Drivers/STM32F1xx_HAL_Driver/Src/stm32f1xx_hal.c.obj
                0x08001424                HAL_Init
 .text.HAL_IncTick
                0x08001448       0x18 CMakeFiles/Ink-Paper.elf.dir/Drivers/STM32F1xx_HAL_Driver/Src/stm32f1xx_hal.c.obj
                0x08001448                HAL_IncTick
 .text.HAL_GetTick
                0x08001460        0xc CMakeFiles/Ink-Paper.elf.dir/Drivers/STM32F1xx_HAL_Driver/Src/stm32f1xx_hal.c.obj
                0x08001460                HAL_GetTick
 .text.HAL_Delay
                0x0800146c       0x28 CMakeFiles/Ink-Paper.elf.dir/Drivers/STM32F1xx_HAL_Driver/Src/stm32f1xx_hal.c.obj
                0x0800146c                HAL_Delay
 .text.__NVIC_SetPriority
                0x08001494       0x28 CMakeFiles/Ink-Paper.elf.dir/Drivers/STM32F1xx_HAL_Driver/Src/stm32f1xx_hal_cortex.c.obj
 .text.NVIC_EncodePriority
                0x080014bc       0x3e CMakeFiles/Ink-Paper.elf.dir/Drivers/STM32F1xx_HAL_Driver/Src/stm32f1xx_hal_cortex.c.obj
 *fill*         0x080014fa        0x2 
 .text.HAL_NVIC_SetPriorityGrouping
                0x080014fc       0x24 CMakeFiles/Ink-Paper.elf.dir/Drivers/STM32F1xx_HAL_Driver/Src/stm32f1xx_hal_cortex.c.obj
                0x080014fc                HAL_NVIC_SetPriorityGrouping
 .text.HAL_NVIC_SetPriority
                0x08001520       0x20 CMakeFiles/Ink-Paper.elf.dir/Drivers/STM32F1xx_HAL_Driver/Src/stm32f1xx_hal_cortex.c.obj
                0x08001520                HAL_NVIC_SetPriority
 .text.HAL_NVIC_EnableIRQ
                0x08001540       0x1c CMakeFiles/Ink-Paper.elf.dir/Drivers/STM32F1xx_HAL_Driver/Src/stm32f1xx_hal_cortex.c.obj
                0x08001540                HAL_NVIC_EnableIRQ
 .text.HAL_DMA_Abort_IT
                0x0800155c      0x16c CMakeFiles/Ink-Paper.elf.dir/Drivers/STM32F1xx_HAL_Driver/Src/stm32f1xx_hal_dma.c.obj
                0x0800155c                HAL_DMA_Abort_IT
 .text.HAL_GPIO_Init
                0x080016c8      0x238 CMakeFiles/Ink-Paper.elf.dir/Drivers/STM32F1xx_HAL_Driver/Src/stm32f1xx_hal_gpio.c.obj
                0x080016c8                HAL_GPIO_Init
 .text.HAL_GPIO_WritePin
                0x08001900        0xc CMakeFiles/Ink-Paper.elf.dir/Drivers/STM32F1xx_HAL_Driver/Src/stm32f1xx_hal_gpio.c.obj
                0x08001900                HAL_GPIO_WritePin
 .text.HAL_GPIO_EXTI_IRQHandler
                0x0800190c       0x1c CMakeFiles/Ink-Paper.elf.dir/Drivers/STM32F1xx_HAL_Driver/Src/stm32f1xx_hal_gpio.c.obj
                0x0800190c                HAL_GPIO_EXTI_IRQHandler
 .text.HAL_PCD_EP_DB_Receive
                0x08001928      0x11c CMakeFiles/Ink-Paper.elf.dir/Drivers/STM32F1xx_HAL_Driver/Src/stm32f1xx_hal_pcd.c.obj
 .text.HAL_PCD_Init
                0x08001a44      0x110 CMakeFiles/Ink-Paper.elf.dir/Drivers/STM32F1xx_HAL_Driver/Src/stm32f1xx_hal_pcd.c.obj
                0x08001a44                HAL_PCD_Init
 .text.HAL_PCD_Start
                0x08001b54       0x32 CMakeFiles/Ink-Paper.elf.dir/Drivers/STM32F1xx_HAL_Driver/Src/stm32f1xx_hal_pcd.c.obj
                0x08001b54                HAL_PCD_Start
 .text.HAL_PCD_EP_DB_Transmit
                0x08001b86      0x424 CMakeFiles/Ink-Paper.elf.dir/Drivers/STM32F1xx_HAL_Driver/Src/stm32f1xx_hal_pcd.c.obj
 .text.PCD_EP_ISR_Handler
                0x08001faa      0x53e CMakeFiles/Ink-Paper.elf.dir/Drivers/STM32F1xx_HAL_Driver/Src/stm32f1xx_hal_pcd.c.obj
 .text.HAL_PCD_SetAddress
                0x080024e8       0x28 CMakeFiles/Ink-Paper.elf.dir/Drivers/STM32F1xx_HAL_Driver/Src/stm32f1xx_hal_pcd.c.obj
                0x080024e8                HAL_PCD_SetAddress
 .text.HAL_PCD_IRQHandler
                0x08002510      0x1b0 CMakeFiles/Ink-Paper.elf.dir/Drivers/STM32F1xx_HAL_Driver/Src/stm32f1xx_hal_pcd.c.obj
                0x08002510                HAL_PCD_IRQHandler
 .text.HAL_PCD_EP_Open
                0x080026c0       0x7c CMakeFiles/Ink-Paper.elf.dir/Drivers/STM32F1xx_HAL_Driver/Src/stm32f1xx_hal_pcd.c.obj
                0x080026c0                HAL_PCD_EP_Open
 .text.HAL_PCD_EP_Close
                0x0800273c       0x64 CMakeFiles/Ink-Paper.elf.dir/Drivers/STM32F1xx_HAL_Driver/Src/stm32f1xx_hal_pcd.c.obj
                0x0800273c                HAL_PCD_EP_Close
 .text.HAL_PCD_EP_Receive
                0x080027a0       0x3a CMakeFiles/Ink-Paper.elf.dir/Drivers/STM32F1xx_HAL_Driver/Src/stm32f1xx_hal_pcd.c.obj
                0x080027a0                HAL_PCD_EP_Receive
 .text.HAL_PCD_EP_GetRxCount
                0x080027da       0x12 CMakeFiles/Ink-Paper.elf.dir/Drivers/STM32F1xx_HAL_Driver/Src/stm32f1xx_hal_pcd.c.obj
                0x080027da                HAL_PCD_EP_GetRxCount
 .text.HAL_PCD_EP_Transmit
                0x080027ec       0x44 CMakeFiles/Ink-Paper.elf.dir/Drivers/STM32F1xx_HAL_Driver/Src/stm32f1xx_hal_pcd.c.obj
                0x080027ec                HAL_PCD_EP_Transmit
 .text.HAL_PCD_EP_SetStall
                0x08002830       0x78 CMakeFiles/Ink-Paper.elf.dir/Drivers/STM32F1xx_HAL_Driver/Src/stm32f1xx_hal_pcd.c.obj
                0x08002830                HAL_PCD_EP_SetStall
 .text.HAL_PCD_EP_ClrStall
                0x080028a8       0x76 CMakeFiles/Ink-Paper.elf.dir/Drivers/STM32F1xx_HAL_Driver/Src/stm32f1xx_hal_pcd.c.obj
                0x080028a8                HAL_PCD_EP_ClrStall
 .text.HAL_PCD_EP_Flush
                0x0800291e       0x36 CMakeFiles/Ink-Paper.elf.dir/Drivers/STM32F1xx_HAL_Driver/Src/stm32f1xx_hal_pcd.c.obj
                0x0800291e                HAL_PCD_EP_Flush
 .text.HAL_PCDEx_PMAConfig
                0x08002954       0x38 CMakeFiles/Ink-Paper.elf.dir/Drivers/STM32F1xx_HAL_Driver/Src/stm32f1xx_hal_pcd_ex.c.obj
                0x08002954                HAL_PCDEx_PMAConfig
 .text.RCC_Delay
                0x0800298c       0x2c CMakeFiles/Ink-Paper.elf.dir/Drivers/STM32F1xx_HAL_Driver/Src/stm32f1xx_hal_rcc.c.obj
 .text.HAL_RCC_OscConfig
                0x080029b8      0x410 CMakeFiles/Ink-Paper.elf.dir/Drivers/STM32F1xx_HAL_Driver/Src/stm32f1xx_hal_rcc.c.obj
                0x080029b8                HAL_RCC_OscConfig
 .text.HAL_RCC_GetSysClockFreq
                0x08002dc8       0x54 CMakeFiles/Ink-Paper.elf.dir/Drivers/STM32F1xx_HAL_Driver/Src/stm32f1xx_hal_rcc.c.obj
                0x08002dc8                HAL_RCC_GetSysClockFreq
 .text.HAL_RCC_ClockConfig
                0x08002e1c      0x16c CMakeFiles/Ink-Paper.elf.dir/Drivers/STM32F1xx_HAL_Driver/Src/stm32f1xx_hal_rcc.c.obj
                0x08002e1c                HAL_RCC_ClockConfig
 .text.HAL_RCC_GetHCLKFreq
                0x08002f88        0xc CMakeFiles/Ink-Paper.elf.dir/Drivers/STM32F1xx_HAL_Driver/Src/stm32f1xx_hal_rcc.c.obj
                0x08002f88                HAL_RCC_GetHCLKFreq
 .text.HAL_RCC_GetPCLK1Freq
                0x08002f94       0x20 CMakeFiles/Ink-Paper.elf.dir/Drivers/STM32F1xx_HAL_Driver/Src/stm32f1xx_hal_rcc.c.obj
                0x08002f94                HAL_RCC_GetPCLK1Freq
 .text.HAL_RCC_GetPCLK2Freq
                0x08002fb4       0x20 CMakeFiles/Ink-Paper.elf.dir/Drivers/STM32F1xx_HAL_Driver/Src/stm32f1xx_hal_rcc.c.obj
                0x08002fb4                HAL_RCC_GetPCLK2Freq
 .text.HAL_RCC_GetClockConfig
                0x08002fd4       0x3c CMakeFiles/Ink-Paper.elf.dir/Drivers/STM32F1xx_HAL_Driver/Src/stm32f1xx_hal_rcc.c.obj
                0x08002fd4                HAL_RCC_GetClockConfig
 .text.HAL_RCCEx_PeriphCLKConfig
                0x08003010      0x118 CMakeFiles/Ink-Paper.elf.dir/Drivers/STM32F1xx_HAL_Driver/Src/stm32f1xx_hal_rcc_ex.c.obj
                0x08003010                HAL_RCCEx_PeriphCLKConfig
 .text.SD_PowerON
                0x08003128       0xc0 CMakeFiles/Ink-Paper.elf.dir/Drivers/STM32F1xx_HAL_Driver/Src/stm32f1xx_hal_sd.c.obj
 .text.SD_Read_IT
                0x080031e8       0x38 CMakeFiles/Ink-Paper.elf.dir/Drivers/STM32F1xx_HAL_Driver/Src/stm32f1xx_hal_sd.c.obj
 .text.SD_Write_IT
                0x08003220       0x48 CMakeFiles/Ink-Paper.elf.dir/Drivers/STM32F1xx_HAL_Driver/Src/stm32f1xx_hal_sd.c.obj
 .text.SD_FindSCR
                0x08003268      0x100 CMakeFiles/Ink-Paper.elf.dir/Drivers/STM32F1xx_HAL_Driver/Src/stm32f1xx_hal_sd.c.obj
 .text.SD_WideBus_Enable
                0x08003368       0x4e CMakeFiles/Ink-Paper.elf.dir/Drivers/STM32F1xx_HAL_Driver/Src/stm32f1xx_hal_sd.c.obj
 .text.SD_WideBus_Disable
                0x080033b6       0x4e CMakeFiles/Ink-Paper.elf.dir/Drivers/STM32F1xx_HAL_Driver/Src/stm32f1xx_hal_sd.c.obj
 .text.SD_SendStatus
                0x08003404       0x2c CMakeFiles/Ink-Paper.elf.dir/Drivers/STM32F1xx_HAL_Driver/Src/stm32f1xx_hal_sd.c.obj
 .text.HAL_SD_ReadBlocks
                0x08003430      0x248 CMakeFiles/Ink-Paper.elf.dir/Drivers/STM32F1xx_HAL_Driver/Src/stm32f1xx_hal_sd.c.obj
                0x08003430                HAL_SD_ReadBlocks
 .text.HAL_SD_WriteBlocks
                0x08003678      0x204 CMakeFiles/Ink-Paper.elf.dir/Drivers/STM32F1xx_HAL_Driver/Src/stm32f1xx_hal_sd.c.obj
                0x08003678                HAL_SD_WriteBlocks
 .text.HAL_SD_GetState
                0x0800387c        0x6 CMakeFiles/Ink-Paper.elf.dir/Drivers/STM32F1xx_HAL_Driver/Src/stm32f1xx_hal_sd.c.obj
                0x0800387c                HAL_SD_GetState
 .text.HAL_SD_ErrorCallback
                0x08003882        0x2 CMakeFiles/Ink-Paper.elf.dir/Drivers/STM32F1xx_HAL_Driver/Src/stm32f1xx_hal_sd.c.obj
                0x08003882                HAL_SD_ErrorCallback
 .text.HAL_SD_GetCardCSD
                0x08003884      0x1b8 CMakeFiles/Ink-Paper.elf.dir/Drivers/STM32F1xx_HAL_Driver/Src/stm32f1xx_hal_sd.c.obj
                0x08003884                HAL_SD_GetCardCSD
 .text.SD_InitCard
                0x08003a3c      0x100 CMakeFiles/Ink-Paper.elf.dir/Drivers/STM32F1xx_HAL_Driver/Src/stm32f1xx_hal_sd.c.obj
 .text.HAL_SD_InitCard
                0x08003b3c       0xa8 CMakeFiles/Ink-Paper.elf.dir/Drivers/STM32F1xx_HAL_Driver/Src/stm32f1xx_hal_sd.c.obj
                0x08003b3c                HAL_SD_InitCard
 .text.HAL_SD_Init
                0x08003be4       0x36 CMakeFiles/Ink-Paper.elf.dir/Drivers/STM32F1xx_HAL_Driver/Src/stm32f1xx_hal_sd.c.obj
                0x08003be4                HAL_SD_Init
 .text.HAL_SD_GetCardInfo
                0x08003c1a       0x24 CMakeFiles/Ink-Paper.elf.dir/Drivers/STM32F1xx_HAL_Driver/Src/stm32f1xx_hal_sd.c.obj
                0x08003c1a                HAL_SD_GetCardInfo
 *fill*         0x08003c3e        0x2 
 .text.HAL_SD_ConfigWideBusOperation
                0x08003c40       0xc0 CMakeFiles/Ink-Paper.elf.dir/Drivers/STM32F1xx_HAL_Driver/Src/stm32f1xx_hal_sd.c.obj
                0x08003c40                HAL_SD_ConfigWideBusOperation
 .text.HAL_SD_GetCardState
                0x08003d00       0x22 CMakeFiles/Ink-Paper.elf.dir/Drivers/STM32F1xx_HAL_Driver/Src/stm32f1xx_hal_sd.c.obj
                0x08003d00                HAL_SD_GetCardState
 .text.SD_DMATxAbort
                0x08003d22       0x44 CMakeFiles/Ink-Paper.elf.dir/Drivers/STM32F1xx_HAL_Driver/Src/stm32f1xx_hal_sd.c.obj
 .text.SD_DMARxAbort
                0x08003d66       0x44 CMakeFiles/Ink-Paper.elf.dir/Drivers/STM32F1xx_HAL_Driver/Src/stm32f1xx_hal_sd.c.obj
 *fill*         0x08003daa        0x2 
 .text.HAL_SD_IRQHandler
                0x08003dac      0x1cc CMakeFiles/Ink-Paper.elf.dir/Drivers/STM32F1xx_HAL_Driver/Src/stm32f1xx_hal_sd.c.obj
                0x08003dac                HAL_SD_IRQHandler
 .text.HAL_SPI_Init
                0x08003f78       0xb6 CMakeFiles/Ink-Paper.elf.dir/Drivers/STM32F1xx_HAL_Driver/Src/stm32f1xx_hal_spi.c.obj
                0x08003f78                HAL_SPI_Init
 .text.HAL_TIM_Base_MspInit
                0x0800402e        0x2 CMakeFiles/Ink-Paper.elf.dir/Drivers/STM32F1xx_HAL_Driver/Src/stm32f1xx_hal_tim.c.obj
                0x0800402e                HAL_TIM_Base_MspInit
 .text.HAL_TIM_Base_Start_IT
                0x08004030       0x78 CMakeFiles/Ink-Paper.elf.dir/Drivers/STM32F1xx_HAL_Driver/Src/stm32f1xx_hal_tim.c.obj
                0x08004030                HAL_TIM_Base_Start_IT
 .text.HAL_TIM_OC_DelayElapsedCallback
                0x080040a8        0x2 CMakeFiles/Ink-Paper.elf.dir/Drivers/STM32F1xx_HAL_Driver/Src/stm32f1xx_hal_tim.c.obj
                0x080040a8                HAL_TIM_OC_DelayElapsedCallback
 .text.HAL_TIM_IC_CaptureCallback
                0x080040aa        0x2 CMakeFiles/Ink-Paper.elf.dir/Drivers/STM32F1xx_HAL_Driver/Src/stm32f1xx_hal_tim.c.obj
                0x080040aa                HAL_TIM_IC_CaptureCallback
 .text.HAL_TIM_PWM_PulseFinishedCallback
                0x080040ac        0x2 CMakeFiles/Ink-Paper.elf.dir/Drivers/STM32F1xx_HAL_Driver/Src/stm32f1xx_hal_tim.c.obj
                0x080040ac                HAL_TIM_PWM_PulseFinishedCallback
 .text.HAL_TIM_TriggerCallback
                0x080040ae        0x2 CMakeFiles/Ink-Paper.elf.dir/Drivers/STM32F1xx_HAL_Driver/Src/stm32f1xx_hal_tim.c.obj
                0x080040ae                HAL_TIM_TriggerCallback
 .text.HAL_TIM_IRQHandler
                0x080040b0      0x17a CMakeFiles/Ink-Paper.elf.dir/Drivers/STM32F1xx_HAL_Driver/Src/stm32f1xx_hal_tim.c.obj
                0x080040b0                HAL_TIM_IRQHandler
 *fill*         0x0800422a        0x2 
 .text.TIM_Base_SetConfig
                0x0800422c       0x98 CMakeFiles/Ink-Paper.elf.dir/Drivers/STM32F1xx_HAL_Driver/Src/stm32f1xx_hal_tim.c.obj
                0x0800422c                TIM_Base_SetConfig
 .text.HAL_TIM_Base_Init
                0x080042c4       0x58 CMakeFiles/Ink-Paper.elf.dir/Drivers/STM32F1xx_HAL_Driver/Src/stm32f1xx_hal_tim.c.obj
                0x080042c4                HAL_TIM_Base_Init
 .text.HAL_TIMEx_CommutCallback
                0x0800431c        0x2 CMakeFiles/Ink-Paper.elf.dir/Drivers/STM32F1xx_HAL_Driver/Src/stm32f1xx_hal_tim_ex.c.obj
                0x0800431c                HAL_TIMEx_CommutCallback
 .text.HAL_TIMEx_BreakCallback
                0x0800431e        0x2 CMakeFiles/Ink-Paper.elf.dir/Drivers/STM32F1xx_HAL_Driver/Src/stm32f1xx_hal_tim_ex.c.obj
                0x0800431e                HAL_TIMEx_BreakCallback
 .text.UART_SetConfig
                0x08004320       0x94 CMakeFiles/Ink-Paper.elf.dir/Drivers/STM32F1xx_HAL_Driver/Src/stm32f1xx_hal_uart.c.obj
 .text.UART_WaitOnFlagUntilTimeout
                0x080043b4       0x84 CMakeFiles/Ink-Paper.elf.dir/Drivers/STM32F1xx_HAL_Driver/Src/stm32f1xx_hal_uart.c.obj
 .text.HAL_UART_Init
                0x08004438       0x60 CMakeFiles/Ink-Paper.elf.dir/Drivers/STM32F1xx_HAL_Driver/Src/stm32f1xx_hal_uart.c.obj
                0x08004438                HAL_UART_Init
 .text.HAL_UART_Transmit
                0x08004498       0xbe CMakeFiles/Ink-Paper.elf.dir/Drivers/STM32F1xx_HAL_Driver/Src/stm32f1xx_hal_uart.c.obj
                0x08004498                HAL_UART_Transmit
 *fill*         0x08004556        0x2 
 .text.SDMMC_GetCmdError
                0x08004558       0x38 CMakeFiles/Ink-Paper.elf.dir/Drivers/STM32F1xx_HAL_Driver/Src/stm32f1xx_ll_sdmmc.c.obj
 .text.SDIO_Init
                0x08004590       0x32 CMakeFiles/Ink-Paper.elf.dir/Drivers/STM32F1xx_HAL_Driver/Src/stm32f1xx_ll_sdmmc.c.obj
                0x08004590                SDIO_Init
 .text.SDIO_ReadFIFO
                0x080045c2        0x6 CMakeFiles/Ink-Paper.elf.dir/Drivers/STM32F1xx_HAL_Driver/Src/stm32f1xx_ll_sdmmc.c.obj
                0x080045c2                SDIO_ReadFIFO
 .text.SDIO_WriteFIFO
                0x080045c8        0xa CMakeFiles/Ink-Paper.elf.dir/Drivers/STM32F1xx_HAL_Driver/Src/stm32f1xx_ll_sdmmc.c.obj
                0x080045c8                SDIO_WriteFIFO
 .text.SDIO_PowerState_ON
                0x080045d2        0x8 CMakeFiles/Ink-Paper.elf.dir/Drivers/STM32F1xx_HAL_Driver/Src/stm32f1xx_ll_sdmmc.c.obj
                0x080045d2                SDIO_PowerState_ON
 .text.SDIO_GetPowerState
                0x080045da        0x8 CMakeFiles/Ink-Paper.elf.dir/Drivers/STM32F1xx_HAL_Driver/Src/stm32f1xx_ll_sdmmc.c.obj
                0x080045da                SDIO_GetPowerState
 .text.SDIO_SendCommand
                0x080045e2       0x24 CMakeFiles/Ink-Paper.elf.dir/Drivers/STM32F1xx_HAL_Driver/Src/stm32f1xx_ll_sdmmc.c.obj
                0x080045e2                SDIO_SendCommand
 .text.SDIO_GetCommandResponse
                0x08004606        0x6 CMakeFiles/Ink-Paper.elf.dir/Drivers/STM32F1xx_HAL_Driver/Src/stm32f1xx_ll_sdmmc.c.obj
                0x08004606                SDIO_GetCommandResponse
 .text.SDIO_GetResponse
                0x0800460c        0x6 CMakeFiles/Ink-Paper.elf.dir/Drivers/STM32F1xx_HAL_Driver/Src/stm32f1xx_ll_sdmmc.c.obj
                0x0800460c                SDIO_GetResponse
 .text.SDIO_ConfigData
                0x08004612       0x24 CMakeFiles/Ink-Paper.elf.dir/Drivers/STM32F1xx_HAL_Driver/Src/stm32f1xx_ll_sdmmc.c.obj
                0x08004612                SDIO_ConfigData
 .text.SDMMC_CmdGoIdleState
                0x08004636       0x26 CMakeFiles/Ink-Paper.elf.dir/Drivers/STM32F1xx_HAL_Driver/Src/stm32f1xx_ll_sdmmc.c.obj
                0x08004636                SDMMC_CmdGoIdleState
 .text.SDMMC_GetCmdResp1
                0x0800465c      0x154 CMakeFiles/Ink-Paper.elf.dir/Drivers/STM32F1xx_HAL_Driver/Src/stm32f1xx_ll_sdmmc.c.obj
                0x0800465c                SDMMC_GetCmdResp1
 .text.SDMMC_CmdBlockLength
                0x080047b0       0x30 CMakeFiles/Ink-Paper.elf.dir/Drivers/STM32F1xx_HAL_Driver/Src/stm32f1xx_ll_sdmmc.c.obj
                0x080047b0                SDMMC_CmdBlockLength
 .text.SDMMC_CmdReadSingleBlock
                0x080047e0       0x30 CMakeFiles/Ink-Paper.elf.dir/Drivers/STM32F1xx_HAL_Driver/Src/stm32f1xx_ll_sdmmc.c.obj
                0x080047e0                SDMMC_CmdReadSingleBlock
 .text.SDMMC_CmdReadMultiBlock
                0x08004810       0x30 CMakeFiles/Ink-Paper.elf.dir/Drivers/STM32F1xx_HAL_Driver/Src/stm32f1xx_ll_sdmmc.c.obj
                0x08004810                SDMMC_CmdReadMultiBlock
 .text.SDMMC_CmdWriteSingleBlock
                0x08004840       0x30 CMakeFiles/Ink-Paper.elf.dir/Drivers/STM32F1xx_HAL_Driver/Src/stm32f1xx_ll_sdmmc.c.obj
                0x08004840                SDMMC_CmdWriteSingleBlock
 .text.SDMMC_CmdWriteMultiBlock
                0x08004870       0x30 CMakeFiles/Ink-Paper.elf.dir/Drivers/STM32F1xx_HAL_Driver/Src/stm32f1xx_ll_sdmmc.c.obj
                0x08004870                SDMMC_CmdWriteMultiBlock
 .text.SDMMC_CmdStopTransfer
                0x080048a0       0x34 CMakeFiles/Ink-Paper.elf.dir/Drivers/STM32F1xx_HAL_Driver/Src/stm32f1xx_ll_sdmmc.c.obj
                0x080048a0                SDMMC_CmdStopTransfer
 .text.SDMMC_CmdSelDesel
                0x080048d4       0x30 CMakeFiles/Ink-Paper.elf.dir/Drivers/STM32F1xx_HAL_Driver/Src/stm32f1xx_ll_sdmmc.c.obj
                0x080048d4                SDMMC_CmdSelDesel
 .text.SDMMC_CmdAppCommand
                0x08004904       0x30 CMakeFiles/Ink-Paper.elf.dir/Drivers/STM32F1xx_HAL_Driver/Src/stm32f1xx_ll_sdmmc.c.obj
                0x08004904                SDMMC_CmdAppCommand
 .text.SDMMC_CmdBusWidth
                0x08004934       0x30 CMakeFiles/Ink-Paper.elf.dir/Drivers/STM32F1xx_HAL_Driver/Src/stm32f1xx_ll_sdmmc.c.obj
                0x08004934                SDMMC_CmdBusWidth
 .text.SDMMC_CmdSendSCR
                0x08004964       0x30 CMakeFiles/Ink-Paper.elf.dir/Drivers/STM32F1xx_HAL_Driver/Src/stm32f1xx_ll_sdmmc.c.obj
                0x08004964                SDMMC_CmdSendSCR
 .text.SDMMC_CmdSendStatus
                0x08004994       0x30 CMakeFiles/Ink-Paper.elf.dir/Drivers/STM32F1xx_HAL_Driver/Src/stm32f1xx_ll_sdmmc.c.obj
                0x08004994                SDMMC_CmdSendStatus
 .text.SDMMC_GetCmdResp2
                0x080049c4       0x5c CMakeFiles/Ink-Paper.elf.dir/Drivers/STM32F1xx_HAL_Driver/Src/stm32f1xx_ll_sdmmc.c.obj
                0x080049c4                SDMMC_GetCmdResp2
 .text.SDMMC_CmdSendCID
                0x08004a20       0x2a CMakeFiles/Ink-Paper.elf.dir/Drivers/STM32F1xx_HAL_Driver/Src/stm32f1xx_ll_sdmmc.c.obj
                0x08004a20                SDMMC_CmdSendCID
 .text.SDMMC_CmdSendCSD
                0x08004a4a       0x2a CMakeFiles/Ink-Paper.elf.dir/Drivers/STM32F1xx_HAL_Driver/Src/stm32f1xx_ll_sdmmc.c.obj
                0x08004a4a                SDMMC_CmdSendCSD
 .text.SDMMC_GetCmdResp3
                0x08004a74       0x4c CMakeFiles/Ink-Paper.elf.dir/Drivers/STM32F1xx_HAL_Driver/Src/stm32f1xx_ll_sdmmc.c.obj
                0x08004a74                SDMMC_GetCmdResp3
 .text.SDMMC_CmdAppOperCommand
                0x08004ac0       0x32 CMakeFiles/Ink-Paper.elf.dir/Drivers/STM32F1xx_HAL_Driver/Src/stm32f1xx_ll_sdmmc.c.obj
                0x08004ac0                SDMMC_CmdAppOperCommand
 *fill*         0x08004af2        0x2 
 .text.SDMMC_GetCmdResp6
                0x08004af4       0xa0 CMakeFiles/Ink-Paper.elf.dir/Drivers/STM32F1xx_HAL_Driver/Src/stm32f1xx_ll_sdmmc.c.obj
                0x08004af4                SDMMC_GetCmdResp6
 .text.SDMMC_CmdSetRelAdd
                0x08004b94       0x30 CMakeFiles/Ink-Paper.elf.dir/Drivers/STM32F1xx_HAL_Driver/Src/stm32f1xx_ll_sdmmc.c.obj
                0x08004b94                SDMMC_CmdSetRelAdd
 .text.SDMMC_GetCmdResp7
                0x08004bc4       0x64 CMakeFiles/Ink-Paper.elf.dir/Drivers/STM32F1xx_HAL_Driver/Src/stm32f1xx_ll_sdmmc.c.obj
                0x08004bc4                SDMMC_GetCmdResp7
 .text.SDMMC_CmdOperCond
                0x08004c28       0x2e CMakeFiles/Ink-Paper.elf.dir/Drivers/STM32F1xx_HAL_Driver/Src/stm32f1xx_ll_sdmmc.c.obj
                0x08004c28                SDMMC_CmdOperCond
 .text.USB_CoreInit
                0x08004c56        0xe CMakeFiles/Ink-Paper.elf.dir/Drivers/STM32F1xx_HAL_Driver/Src/stm32f1xx_ll_usb.c.obj
                0x08004c56                USB_CoreInit
 .text.USB_EnableGlobalInt
                0x08004c64       0x12 CMakeFiles/Ink-Paper.elf.dir/Drivers/STM32F1xx_HAL_Driver/Src/stm32f1xx_ll_usb.c.obj
                0x08004c64                USB_EnableGlobalInt
 .text.USB_DisableGlobalInt
                0x08004c76       0x14 CMakeFiles/Ink-Paper.elf.dir/Drivers/STM32F1xx_HAL_Driver/Src/stm32f1xx_ll_usb.c.obj
                0x08004c76                USB_DisableGlobalInt
 .text.USB_SetCurrentMode
                0x08004c8a        0x4 CMakeFiles/Ink-Paper.elf.dir/Drivers/STM32F1xx_HAL_Driver/Src/stm32f1xx_ll_usb.c.obj
                0x08004c8a                USB_SetCurrentMode
 .text.USB_DevInit
                0x08004c8e       0x22 CMakeFiles/Ink-Paper.elf.dir/Drivers/STM32F1xx_HAL_Driver/Src/stm32f1xx_ll_usb.c.obj
                0x08004c8e                USB_DevInit
 .text.USB_FlushTxFifo
                0x08004cb0        0x4 CMakeFiles/Ink-Paper.elf.dir/Drivers/STM32F1xx_HAL_Driver/Src/stm32f1xx_ll_usb.c.obj
                0x08004cb0                USB_FlushTxFifo
 .text.USB_FlushRxFifo
                0x08004cb4        0x4 CMakeFiles/Ink-Paper.elf.dir/Drivers/STM32F1xx_HAL_Driver/Src/stm32f1xx_ll_usb.c.obj
                0x08004cb4                USB_FlushRxFifo
 .text.USB_ActivateEndpoint
                0x08004cb8      0x3ca CMakeFiles/Ink-Paper.elf.dir/Drivers/STM32F1xx_HAL_Driver/Src/stm32f1xx_ll_usb.c.obj
                0x08004cb8                USB_ActivateEndpoint
 .text.USB_DeactivateEndpoint
                0x08005082      0x1d6 CMakeFiles/Ink-Paper.elf.dir/Drivers/STM32F1xx_HAL_Driver/Src/stm32f1xx_ll_usb.c.obj
                0x08005082                USB_DeactivateEndpoint
 .text.USB_EPSetStall
                0x08005258       0x4a CMakeFiles/Ink-Paper.elf.dir/Drivers/STM32F1xx_HAL_Driver/Src/stm32f1xx_ll_usb.c.obj
                0x08005258                USB_EPSetStall
 .text.USB_EPClearStall
                0x080052a2       0xa2 CMakeFiles/Ink-Paper.elf.dir/Drivers/STM32F1xx_HAL_Driver/Src/stm32f1xx_ll_usb.c.obj
                0x080052a2                USB_EPClearStall
 .text.USB_SetDevAddress
                0x08005344        0xc CMakeFiles/Ink-Paper.elf.dir/Drivers/STM32F1xx_HAL_Driver/Src/stm32f1xx_ll_usb.c.obj
                0x08005344                USB_SetDevAddress
 .text.USB_DevConnect
                0x08005350        0x4 CMakeFiles/Ink-Paper.elf.dir/Drivers/STM32F1xx_HAL_Driver/Src/stm32f1xx_ll_usb.c.obj
                0x08005350                USB_DevConnect
 .text.USB_DevDisconnect
                0x08005354        0x4 CMakeFiles/Ink-Paper.elf.dir/Drivers/STM32F1xx_HAL_Driver/Src/stm32f1xx_ll_usb.c.obj
                0x08005354                USB_DevDisconnect
 .text.USB_ReadInterrupts
                0x08005358        0x8 CMakeFiles/Ink-Paper.elf.dir/Drivers/STM32F1xx_HAL_Driver/Src/stm32f1xx_ll_usb.c.obj
                0x08005358                USB_ReadInterrupts
 .text.USB_EP0_OutStart
                0x08005360        0x4 CMakeFiles/Ink-Paper.elf.dir/Drivers/STM32F1xx_HAL_Driver/Src/stm32f1xx_ll_usb.c.obj
                0x08005360                USB_EP0_OutStart
 .text.USB_WritePMA
                0x08005364       0x26 CMakeFiles/Ink-Paper.elf.dir/Drivers/STM32F1xx_HAL_Driver/Src/stm32f1xx_ll_usb.c.obj
                0x08005364                USB_WritePMA
 .text.USB_EPStartXfer
                0x0800538a      0x7ce CMakeFiles/Ink-Paper.elf.dir/Drivers/STM32F1xx_HAL_Driver/Src/stm32f1xx_ll_usb.c.obj
                0x0800538a                USB_EPStartXfer
 .text.USB_ReadPMA
                0x08005b58       0x30 CMakeFiles/Ink-Paper.elf.dir/Drivers/STM32F1xx_HAL_Driver/Src/stm32f1xx_ll_usb.c.obj
                0x08005b58                USB_ReadPMA
 .text.MX_FATFS_Init
                0x08005b88       0x1c CMakeFiles/Ink-Paper.elf.dir/FATFS/App/fatfs.c.obj
                0x08005b88                MX_FATFS_Init
 .text.BSP_SD_ReadBlocks
                0x08005ba4       0x20 CMakeFiles/Ink-Paper.elf.dir/FATFS/Target/bsp_driver_sd.c.obj
                0x08005ba4                BSP_SD_ReadBlocks
 .text.BSP_SD_WriteBlocks
                0x08005bc4       0x20 CMakeFiles/Ink-Paper.elf.dir/FATFS/Target/bsp_driver_sd.c.obj
                0x08005bc4                BSP_SD_WriteBlocks
 .text.BSP_SD_GetCardState
                0x08005be4       0x14 CMakeFiles/Ink-Paper.elf.dir/FATFS/Target/bsp_driver_sd.c.obj
                0x08005be4                BSP_SD_GetCardState
 .text.BSP_SD_GetCardInfo
                0x08005bf8       0x10 CMakeFiles/Ink-Paper.elf.dir/FATFS/Target/bsp_driver_sd.c.obj
                0x08005bf8                BSP_SD_GetCardInfo
 .text.BSP_SD_AbortCallback
                0x08005c08        0x2 CMakeFiles/Ink-Paper.elf.dir/FATFS/Target/bsp_driver_sd.c.obj
                0x08005c08                BSP_SD_AbortCallback
 .text.HAL_SD_AbortCallback
                0x08005c0a        0x8 CMakeFiles/Ink-Paper.elf.dir/FATFS/Target/bsp_driver_sd.c.obj
                0x08005c0a                HAL_SD_AbortCallback
 .text.BSP_SD_WriteCpltCallback
                0x08005c12        0x2 CMakeFiles/Ink-Paper.elf.dir/FATFS/Target/bsp_driver_sd.c.obj
                0x08005c12                BSP_SD_WriteCpltCallback
 .text.HAL_SD_TxCpltCallback
                0x08005c14        0x8 CMakeFiles/Ink-Paper.elf.dir/FATFS/Target/bsp_driver_sd.c.obj
                0x08005c14                HAL_SD_TxCpltCallback
 .text.BSP_SD_ReadCpltCallback
                0x08005c1c        0x2 CMakeFiles/Ink-Paper.elf.dir/FATFS/Target/bsp_driver_sd.c.obj
                0x08005c1c                BSP_SD_ReadCpltCallback
 .text.HAL_SD_RxCpltCallback
                0x08005c1e        0x8 CMakeFiles/Ink-Paper.elf.dir/FATFS/Target/bsp_driver_sd.c.obj
                0x08005c1e                HAL_SD_RxCpltCallback
 .text.BSP_SD_IsDetected
                0x08005c26       0x10 CMakeFiles/Ink-Paper.elf.dir/FATFS/Target/bsp_driver_sd.c.obj
                0x08005c26                BSP_SD_IsDetected
 *fill*         0x08005c36        0x2 
 .text.BSP_SD_Init
                0x08005c38       0x34 CMakeFiles/Ink-Paper.elf.dir/FATFS/Target/bsp_driver_sd.c.obj
                0x08005c38                BSP_SD_Init
 .text.encoder_handler
                0x08005c6c       0x5c CMakeFiles/Ink-Paper.elf.dir/Lib/Lvgl/porting/lv_port_indev.c.obj
 .text.HAL_GPIO_EXTI_Callback
                0x08005cc8        0x8 CMakeFiles/Ink-Paper.elf.dir/Lib/Lvgl/porting/lv_port_indev.c.obj
                0x08005cc8                HAL_GPIO_EXTI_Callback
 .text.lv_tick_inc
                0x08005cd0       0x18 CMakeFiles/Ink-Paper.elf.dir/Lib/Lvgl/src/hal/lv_hal_tick.c.obj
                0x08005cd0                lv_tick_inc
 .text.USBD_MSC_GetHSCfgDesc
                0x08005ce8        0xc CMakeFiles/Ink-Paper.elf.dir/Middlewares/ST/STM32_USB_Device_Library/Class/MSC/Src/usbd_msc.c.obj
                0x08005ce8                USBD_MSC_GetHSCfgDesc
 .text.USBD_MSC_GetFSCfgDesc
                0x08005cf4        0xc CMakeFiles/Ink-Paper.elf.dir/Middlewares/ST/STM32_USB_Device_Library/Class/MSC/Src/usbd_msc.c.obj
                0x08005cf4                USBD_MSC_GetFSCfgDesc
 .text.USBD_MSC_GetOtherSpeedCfgDesc
                0x08005d00        0xc CMakeFiles/Ink-Paper.elf.dir/Middlewares/ST/STM32_USB_Device_Library/Class/MSC/Src/usbd_msc.c.obj
                0x08005d00                USBD_MSC_GetOtherSpeedCfgDesc
 .text.USBD_MSC_GetDeviceQualifierDescriptor
                0x08005d0c        0xc CMakeFiles/Ink-Paper.elf.dir/Middlewares/ST/STM32_USB_Device_Library/Class/MSC/Src/usbd_msc.c.obj
                0x08005d0c                USBD_MSC_GetDeviceQualifierDescriptor
 .text.USBD_MSC_Init
                0x08005d18       0x66 CMakeFiles/Ink-Paper.elf.dir/Middlewares/ST/STM32_USB_Device_Library/Class/MSC/Src/usbd_msc.c.obj
                0x08005d18                USBD_MSC_Init
 .text.USBD_MSC_DeInit
                0x08005d7e       0x32 CMakeFiles/Ink-Paper.elf.dir/Middlewares/ST/STM32_USB_Device_Library/Class/MSC/Src/usbd_msc.c.obj
                0x08005d7e                USBD_MSC_DeInit
 .text.USBD_MSC_Setup
                0x08005db0      0x198 CMakeFiles/Ink-Paper.elf.dir/Middlewares/ST/STM32_USB_Device_Library/Class/MSC/Src/usbd_msc.c.obj
                0x08005db0                USBD_MSC_Setup
 .text.USBD_MSC_DataIn
                0x08005f48        0xa CMakeFiles/Ink-Paper.elf.dir/Middlewares/ST/STM32_USB_Device_Library/Class/MSC/Src/usbd_msc.c.obj
                0x08005f48                USBD_MSC_DataIn
 .text.USBD_MSC_DataOut
                0x08005f52        0xa CMakeFiles/Ink-Paper.elf.dir/Middlewares/ST/STM32_USB_Device_Library/Class/MSC/Src/usbd_msc.c.obj
                0x08005f52                USBD_MSC_DataOut
 .text.USBD_MSC_RegisterStorage
                0x08005f5c        0xa CMakeFiles/Ink-Paper.elf.dir/Middlewares/ST/STM32_USB_Device_Library/Class/MSC/Src/usbd_msc.c.obj
                0x08005f5c                USBD_MSC_RegisterStorage
 .text.MSC_BOT_SendData
                0x08005f66       0x34 CMakeFiles/Ink-Paper.elf.dir/Middlewares/ST/STM32_USB_Device_Library/Class/MSC/Src/usbd_msc_bot.c.obj
 .text.MSC_BOT_Abort
                0x08005f9a       0x40 CMakeFiles/Ink-Paper.elf.dir/Middlewares/ST/STM32_USB_Device_Library/Class/MSC/Src/usbd_msc_bot.c.obj
 .text.MSC_BOT_Init
                0x08005fda       0x3e CMakeFiles/Ink-Paper.elf.dir/Middlewares/ST/STM32_USB_Device_Library/Class/MSC/Src/usbd_msc_bot.c.obj
                0x08005fda                MSC_BOT_Init
 .text.MSC_BOT_Reset
                0x08006018       0x1a CMakeFiles/Ink-Paper.elf.dir/Middlewares/ST/STM32_USB_Device_Library/Class/MSC/Src/usbd_msc_bot.c.obj
                0x08006018                MSC_BOT_Reset
 .text.MSC_BOT_DeInit
                0x08006032        0xa CMakeFiles/Ink-Paper.elf.dir/Middlewares/ST/STM32_USB_Device_Library/Class/MSC/Src/usbd_msc_bot.c.obj
                0x08006032                MSC_BOT_DeInit
 .text.MSC_BOT_SendCSW
                0x0800603c       0x38 CMakeFiles/Ink-Paper.elf.dir/Middlewares/ST/STM32_USB_Device_Library/Class/MSC/Src/usbd_msc_bot.c.obj
                0x0800603c                MSC_BOT_SendCSW
 .text.MSC_BOT_DataIn
                0x08006074       0x3a CMakeFiles/Ink-Paper.elf.dir/Middlewares/ST/STM32_USB_Device_Library/Class/MSC/Src/usbd_msc_bot.c.obj
                0x08006074                MSC_BOT_DataIn
 *fill*         0x080060ae        0x2 
 .text.MSC_BOT_CBW_Decode
                0x080060b0       0xa8 CMakeFiles/Ink-Paper.elf.dir/Middlewares/ST/STM32_USB_Device_Library/Class/MSC/Src/usbd_msc_bot.c.obj
 .text.MSC_BOT_DataOut
                0x08006158       0x32 CMakeFiles/Ink-Paper.elf.dir/Middlewares/ST/STM32_USB_Device_Library/Class/MSC/Src/usbd_msc_bot.c.obj
                0x08006158                MSC_BOT_DataOut
 .text.MSC_BOT_CplClrFeature
                0x0800618a       0x2a CMakeFiles/Ink-Paper.elf.dir/Middlewares/ST/STM32_USB_Device_Library/Class/MSC/Src/usbd_msc_bot.c.obj
                0x0800618a                MSC_BOT_CplClrFeature
 .text.SCSI_Inquiry
                0x080061b4       0x5c CMakeFiles/Ink-Paper.elf.dir/Middlewares/ST/STM32_USB_Device_Library/Class/MSC/Src/usbd_msc_scsi.c.obj
 .text.SCSI_ModeSense6
                0x08006210       0x24 CMakeFiles/Ink-Paper.elf.dir/Middlewares/ST/STM32_USB_Device_Library/Class/MSC/Src/usbd_msc_scsi.c.obj
 .text.SCSI_ModeSense10
                0x08006234       0x24 CMakeFiles/Ink-Paper.elf.dir/Middlewares/ST/STM32_USB_Device_Library/Class/MSC/Src/usbd_msc_scsi.c.obj
 .text.SCSI_RequestSense
                0x08006258       0x66 CMakeFiles/Ink-Paper.elf.dir/Middlewares/ST/STM32_USB_Device_Library/Class/MSC/Src/usbd_msc_scsi.c.obj
 .text.SCSI_StartStopUnit
                0x080062be        0xa CMakeFiles/Ink-Paper.elf.dir/Middlewares/ST/STM32_USB_Device_Library/Class/MSC/Src/usbd_msc_scsi.c.obj
 .text.SCSI_SenseCode
                0x080062c8       0x2a CMakeFiles/Ink-Paper.elf.dir/Middlewares/ST/STM32_USB_Device_Library/Class/MSC/Src/usbd_msc_scsi.c.obj
                0x080062c8                SCSI_SenseCode
 .text.SCSI_TestUnitReady
                0x080062f2       0x4a CMakeFiles/Ink-Paper.elf.dir/Middlewares/ST/STM32_USB_Device_Library/Class/MSC/Src/usbd_msc_scsi.c.obj
 .text.SCSI_ReadFormatCapacity
                0x0800633c       0x7c CMakeFiles/Ink-Paper.elf.dir/Middlewares/ST/STM32_USB_Device_Library/Class/MSC/Src/usbd_msc_scsi.c.obj
 .text.SCSI_ReadCapacity10
                0x080063b8       0x60 CMakeFiles/Ink-Paper.elf.dir/Middlewares/ST/STM32_USB_Device_Library/Class/MSC/Src/usbd_msc_scsi.c.obj
 .text.SCSI_CheckAddressRange
                0x08006418       0x22 CMakeFiles/Ink-Paper.elf.dir/Middlewares/ST/STM32_USB_Device_Library/Class/MSC/Src/usbd_msc_scsi.c.obj
 .text.SCSI_ProcessRead
                0x0800643a       0x96 CMakeFiles/Ink-Paper.elf.dir/Middlewares/ST/STM32_USB_Device_Library/Class/MSC/Src/usbd_msc_scsi.c.obj
 .text.SCSI_Read10
                0x080064d0       0xba CMakeFiles/Ink-Paper.elf.dir/Middlewares/ST/STM32_USB_Device_Library/Class/MSC/Src/usbd_msc_scsi.c.obj
 .text.SCSI_ProcessWrite
                0x0800658a       0xa8 CMakeFiles/Ink-Paper.elf.dir/Middlewares/ST/STM32_USB_Device_Library/Class/MSC/Src/usbd_msc_scsi.c.obj
 .text.SCSI_Write10
                0x08006632       0xf6 CMakeFiles/Ink-Paper.elf.dir/Middlewares/ST/STM32_USB_Device_Library/Class/MSC/Src/usbd_msc_scsi.c.obj
 .text.SCSI_Verify10
                0x08006728       0x38 CMakeFiles/Ink-Paper.elf.dir/Middlewares/ST/STM32_USB_Device_Library/Class/MSC/Src/usbd_msc_scsi.c.obj
 .text.SCSI_ProcessCmd
                0x08006760       0xd6 CMakeFiles/Ink-Paper.elf.dir/Middlewares/ST/STM32_USB_Device_Library/Class/MSC/Src/usbd_msc_scsi.c.obj
                0x08006760                SCSI_ProcessCmd
 .text.USBD_Init
                0x08006836       0x2e CMakeFiles/Ink-Paper.elf.dir/Middlewares/ST/STM32_USB_Device_Library/Core/Src/usbd_core.c.obj
                0x08006836                USBD_Init
 .text.USBD_RegisterClass
                0x08006864        0xe CMakeFiles/Ink-Paper.elf.dir/Middlewares/ST/STM32_USB_Device_Library/Core/Src/usbd_core.c.obj
                0x08006864                USBD_RegisterClass
 .text.USBD_Start
                0x08006872        0xa CMakeFiles/Ink-Paper.elf.dir/Middlewares/ST/STM32_USB_Device_Library/Core/Src/usbd_core.c.obj
                0x08006872                USBD_Start
 .text.USBD_SetClassConfig
                0x0800687c       0x18 CMakeFiles/Ink-Paper.elf.dir/Middlewares/ST/STM32_USB_Device_Library/Core/Src/usbd_core.c.obj
                0x0800687c                USBD_SetClassConfig
 .text.USBD_ClrClassConfig
                0x08006894        0xe CMakeFiles/Ink-Paper.elf.dir/Middlewares/ST/STM32_USB_Device_Library/Core/Src/usbd_core.c.obj
                0x08006894                USBD_ClrClassConfig
 .text.USBD_LL_SetupStage
                0x080068a2       0x5a CMakeFiles/Ink-Paper.elf.dir/Middlewares/ST/STM32_USB_Device_Library/Core/Src/usbd_core.c.obj
                0x080068a2                USBD_LL_SetupStage
 .text.USBD_LL_DataOutStage
                0x080068fc       0x8c CMakeFiles/Ink-Paper.elf.dir/Middlewares/ST/STM32_USB_Device_Library/Core/Src/usbd_core.c.obj
                0x080068fc                USBD_LL_DataOutStage
 .text.USBD_LL_DataInStage
                0x08006988       0xd0 CMakeFiles/Ink-Paper.elf.dir/Middlewares/ST/STM32_USB_Device_Library/Core/Src/usbd_core.c.obj
                0x08006988                USBD_LL_DataInStage
 .text.USBD_LL_Reset
                0x08006a58       0x50 CMakeFiles/Ink-Paper.elf.dir/Middlewares/ST/STM32_USB_Device_Library/Core/Src/usbd_core.c.obj
                0x08006a58                USBD_LL_Reset
 .text.USBD_LL_SetSpeed
                0x08006aa8        0x6 CMakeFiles/Ink-Paper.elf.dir/Middlewares/ST/STM32_USB_Device_Library/Core/Src/usbd_core.c.obj
                0x08006aa8                USBD_LL_SetSpeed
 .text.USBD_LL_Suspend
                0x08006aae       0x12 CMakeFiles/Ink-Paper.elf.dir/Middlewares/ST/STM32_USB_Device_Library/Core/Src/usbd_core.c.obj
                0x08006aae                USBD_LL_Suspend
 .text.USBD_LL_Resume
                0x08006ac0       0x16 CMakeFiles/Ink-Paper.elf.dir/Middlewares/ST/STM32_USB_Device_Library/Core/Src/usbd_core.c.obj
                0x08006ac0                USBD_LL_Resume
 .text.USBD_LL_SOF
                0x08006ad6       0x1c CMakeFiles/Ink-Paper.elf.dir/Middlewares/ST/STM32_USB_Device_Library/Core/Src/usbd_core.c.obj
                0x08006ad6                USBD_LL_SOF
 .text.USBD_GetLen
                0x08006af2       0x14 CMakeFiles/Ink-Paper.elf.dir/Middlewares/ST/STM32_USB_Device_Library/Core/Src/usbd_ctlreq.c.obj
 .text.USBD_SetFeature
                0x08006b06       0x14 CMakeFiles/Ink-Paper.elf.dir/Middlewares/ST/STM32_USB_Device_Library/Core/Src/usbd_ctlreq.c.obj
 .text.USBD_ParseSetupRequest
                0x08006b1a       0x28 CMakeFiles/Ink-Paper.elf.dir/Middlewares/ST/STM32_USB_Device_Library/Core/Src/usbd_ctlreq.c.obj
                0x08006b1a                USBD_ParseSetupRequest
 .text.USBD_CtlError
                0x08006b42       0x14 CMakeFiles/Ink-Paper.elf.dir/Middlewares/ST/STM32_USB_Device_Library/Core/Src/usbd_ctlreq.c.obj
                0x08006b42                USBD_CtlError
 .text.USBD_GetDescriptor
                0x08006b56      0x186 CMakeFiles/Ink-Paper.elf.dir/Middlewares/ST/STM32_USB_Device_Library/Core/Src/usbd_ctlreq.c.obj
 .text.USBD_SetAddress
                0x08006cdc       0x4e CMakeFiles/Ink-Paper.elf.dir/Middlewares/ST/STM32_USB_Device_Library/Core/Src/usbd_ctlreq.c.obj
 *fill*         0x08006d2a        0x2 
 .text.USBD_SetConfig
                0x08006d2c       0xb0 CMakeFiles/Ink-Paper.elf.dir/Middlewares/ST/STM32_USB_Device_Library/Core/Src/usbd_ctlreq.c.obj
 .text.USBD_GetConfig
                0x08006ddc       0x3e CMakeFiles/Ink-Paper.elf.dir/Middlewares/ST/STM32_USB_Device_Library/Core/Src/usbd_ctlreq.c.obj
 .text.USBD_GetStatus
                0x08006e1a       0x38 CMakeFiles/Ink-Paper.elf.dir/Middlewares/ST/STM32_USB_Device_Library/Core/Src/usbd_ctlreq.c.obj
 .text.USBD_ClrFeature
                0x08006e52       0x26 CMakeFiles/Ink-Paper.elf.dir/Middlewares/ST/STM32_USB_Device_Library/Core/Src/usbd_ctlreq.c.obj
 .text.USBD_StdDevReq
                0x08006e78       0x68 CMakeFiles/Ink-Paper.elf.dir/Middlewares/ST/STM32_USB_Device_Library/Core/Src/usbd_ctlreq.c.obj
                0x08006e78                USBD_StdDevReq
 .text.USBD_StdItfReq
                0x08006ee0       0x60 CMakeFiles/Ink-Paper.elf.dir/Middlewares/ST/STM32_USB_Device_Library/Core/Src/usbd_ctlreq.c.obj
                0x08006ee0                USBD_StdItfReq
 .text.USBD_StdEPReq
                0x08006f40      0x1e2 CMakeFiles/Ink-Paper.elf.dir/Middlewares/ST/STM32_USB_Device_Library/Core/Src/usbd_ctlreq.c.obj
                0x08006f40                USBD_StdEPReq
 .text.USBD_GetString
                0x08007122       0x3a CMakeFiles/Ink-Paper.elf.dir/Middlewares/ST/STM32_USB_Device_Library/Core/Src/usbd_ctlreq.c.obj
                0x08007122                USBD_GetString
 .text.USBD_CtlSendData
                0x0800715c       0x1a CMakeFiles/Ink-Paper.elf.dir/Middlewares/ST/STM32_USB_Device_Library/Core/Src/usbd_ioreq.c.obj
                0x0800715c                USBD_CtlSendData
 .text.USBD_CtlContinueSendData
                0x08007176       0x10 CMakeFiles/Ink-Paper.elf.dir/Middlewares/ST/STM32_USB_Device_Library/Core/Src/usbd_ioreq.c.obj
                0x08007176                USBD_CtlContinueSendData
 .text.USBD_CtlContinueRx
                0x08007186       0x10 CMakeFiles/Ink-Paper.elf.dir/Middlewares/ST/STM32_USB_Device_Library/Core/Src/usbd_ioreq.c.obj
                0x08007186                USBD_CtlContinueRx
 .text.USBD_CtlSendStatus
                0x08007196       0x16 CMakeFiles/Ink-Paper.elf.dir/Middlewares/ST/STM32_USB_Device_Library/Core/Src/usbd_ioreq.c.obj
                0x08007196                USBD_CtlSendStatus
 .text.USBD_CtlReceiveStatus
                0x080071ac       0x16 CMakeFiles/Ink-Paper.elf.dir/Middlewares/ST/STM32_USB_Device_Library/Core/Src/usbd_ioreq.c.obj
                0x080071ac                USBD_CtlReceiveStatus
 *fill*         0x080071c2        0x2 
 .text.disk_status
                0x080071c4       0x18 CMakeFiles/Ink-Paper.elf.dir/Middlewares/Third_Party/FatFs/src/diskio.c.obj
                0x080071c4                disk_status
 .text.disk_initialize
                0x080071dc       0x28 CMakeFiles/Ink-Paper.elf.dir/Middlewares/Third_Party/FatFs/src/diskio.c.obj
                0x080071dc                disk_initialize
 .text.disk_read
                0x08007204       0x18 CMakeFiles/Ink-Paper.elf.dir/Middlewares/Third_Party/FatFs/src/diskio.c.obj
                0x08007204                disk_read
 .text.disk_write
                0x0800721c       0x18 CMakeFiles/Ink-Paper.elf.dir/Middlewares/Third_Party/FatFs/src/diskio.c.obj
                0x0800721c                disk_write
 .text.SD_initialize
                0x08007234       0x24 CMakeFiles/Ink-Paper.elf.dir/Middlewares/Third_Party/FatFs/src/drivers/sd_diskio.c.obj
                0x08007234                SD_initialize
 .text.SD_status
                0x08007258       0x24 CMakeFiles/Ink-Paper.elf.dir/Middlewares/Third_Party/FatFs/src/drivers/sd_diskio.c.obj
                0x08007258                SD_status
 .text.SD_read  0x0800727c       0x38 CMakeFiles/Ink-Paper.elf.dir/Middlewares/Third_Party/FatFs/src/drivers/sd_diskio.c.obj
                0x0800727c                SD_read
 .text.SD_write
                0x080072b4       0x38 CMakeFiles/Ink-Paper.elf.dir/Middlewares/Third_Party/FatFs/src/drivers/sd_diskio.c.obj
                0x080072b4                SD_write
 .text.SD_ioctl
                0x080072ec       0x54 CMakeFiles/Ink-Paper.elf.dir/Middlewares/Third_Party/FatFs/src/drivers/sd_diskio.c.obj
                0x080072ec                SD_ioctl
 .text.clear_lock
                0x08007340       0x44 CMakeFiles/Ink-Paper.elf.dir/Middlewares/Third_Party/FatFs/src/ff.c.obj
 .text.get_ldnumber
                0x08007384       0x52 CMakeFiles/Ink-Paper.elf.dir/Middlewares/Third_Party/FatFs/src/ff.c.obj
 .text.sync_window
                0x080073d6       0x5e CMakeFiles/Ink-Paper.elf.dir/Middlewares/Third_Party/FatFs/src/ff.c.obj
 .text.move_window
                0x08007434       0x3a CMakeFiles/Ink-Paper.elf.dir/Middlewares/Third_Party/FatFs/src/ff.c.obj
 *fill*         0x0800746e        0x2 
 .text.check_fs
                0x08007470       0x90 CMakeFiles/Ink-Paper.elf.dir/Middlewares/Third_Party/FatFs/src/ff.c.obj
 .text.find_volume
                0x08007500      0x3ac CMakeFiles/Ink-Paper.elf.dir/Middlewares/Third_Party/FatFs/src/ff.c.obj
 .text.get_fat  0x080078ac       0xdc CMakeFiles/Ink-Paper.elf.dir/Middlewares/Third_Party/FatFs/src/ff.c.obj
                0x080078ac                get_fat
 .text.f_mount  0x08007988       0x60 CMakeFiles/Ink-Paper.elf.dir/Middlewares/Third_Party/FatFs/src/ff.c.obj
                0x08007988                f_mount
 .text.f_getfree
                0x080079e8       0xf8 CMakeFiles/Ink-Paper.elf.dir/Middlewares/Third_Party/FatFs/src/ff.c.obj
                0x080079e8                f_getfree
 .text.FATFS_LinkDriverEx
                0x08007ae0       0x54 CMakeFiles/Ink-Paper.elf.dir/Middlewares/Third_Party/FatFs/src/ff_gen_drv.c.obj
                0x08007ae0                FATFS_LinkDriverEx
 .text.FATFS_LinkDriver
                0x08007b34        0xa CMakeFiles/Ink-Paper.elf.dir/Middlewares/Third_Party/FatFs/src/ff_gen_drv.c.obj
                0x08007b34                FATFS_LinkDriver
 .text.vListInsertEnd
                0x08007b3e       0x16 CMakeFiles/Ink-Paper.elf.dir/Middlewares/Third_Party/FreeRTOS/Source/list.c.obj
                0x08007b3e                vListInsertEnd
 .text.uxListRemove
                0x08007b54       0x26 CMakeFiles/Ink-Paper.elf.dir/Middlewares/Third_Party/FreeRTOS/Source/list.c.obj
                0x08007b54                uxListRemove
 *fill*         0x08007b7a        0x6 
 .text.SVC_Handler
                0x08007b80       0x24 CMakeFiles/Ink-Paper.elf.dir/Middlewares/Third_Party/FreeRTOS/Source/portable/GCC/ARM_CM3/port.c.obj
                0x08007b80                SVC_Handler
 *fill*         0x08007ba4        0xc 
 .text.PendSV_Handler
                0x08007bb0       0x44 CMakeFiles/Ink-Paper.elf.dir/Middlewares/Third_Party/FreeRTOS/Source/portable/GCC/ARM_CM3/port.c.obj
                0x08007bb0                PendSV_Handler
 .text.SysTick_Handler
                0x08007bf4       0x2c CMakeFiles/Ink-Paper.elf.dir/Middlewares/Third_Party/FreeRTOS/Source/portable/GCC/ARM_CM3/port.c.obj
                0x08007bf4                SysTick_Handler
 .text.prvResetNextTaskUnblockTime
                0x08007c20       0x2c CMakeFiles/Ink-Paper.elf.dir/Middlewares/Third_Party/FreeRTOS/Source/tasks.c.obj
 .text.xTaskIncrementTick
                0x08007c4c      0x118 CMakeFiles/Ink-Paper.elf.dir/Middlewares/Third_Party/FreeRTOS/Source/tasks.c.obj
                0x08007c4c                xTaskIncrementTick
 .text.vTaskSwitchContext
                0x08007d64       0x98 CMakeFiles/Ink-Paper.elf.dir/Middlewares/Third_Party/FreeRTOS/Source/tasks.c.obj
                0x08007d64                vTaskSwitchContext
 .text.MX_USB_DEVICE_Init
                0x08007dfc       0x54 CMakeFiles/Ink-Paper.elf.dir/USB_DEVICE/App/usb_device.c.obj
                0x08007dfc                MX_USB_DEVICE_Init
 .text.USBD_FS_DeviceDescriptor
                0x08007e50        0xc CMakeFiles/Ink-Paper.elf.dir/USB_DEVICE/App/usbd_desc.c.obj
                0x08007e50                USBD_FS_DeviceDescriptor
 .text.USBD_FS_LangIDStrDescriptor
                0x08007e5c        0xc CMakeFiles/Ink-Paper.elf.dir/USB_DEVICE/App/usbd_desc.c.obj
                0x08007e5c                USBD_FS_LangIDStrDescriptor
 .text.IntToUnicode
                0x08007e68       0x46 CMakeFiles/Ink-Paper.elf.dir/USB_DEVICE/App/usbd_desc.c.obj
 *fill*         0x08007eae        0x2 
 .text.Get_SerialNum
                0x08007eb0       0x38 CMakeFiles/Ink-Paper.elf.dir/USB_DEVICE/App/usbd_desc.c.obj
 .text.USBD_FS_SerialStrDescriptor
                0x08007ee8       0x14 CMakeFiles/Ink-Paper.elf.dir/USB_DEVICE/App/usbd_desc.c.obj
                0x08007ee8                USBD_FS_SerialStrDescriptor
 .text.USBD_FS_ProductStrDescriptor
                0x08007efc       0x24 CMakeFiles/Ink-Paper.elf.dir/USB_DEVICE/App/usbd_desc.c.obj
                0x08007efc                USBD_FS_ProductStrDescriptor
 .text.USBD_FS_ManufacturerStrDescriptor
                0x08007f20       0x1c CMakeFiles/Ink-Paper.elf.dir/USB_DEVICE/App/usbd_desc.c.obj
                0x08007f20                USBD_FS_ManufacturerStrDescriptor
 .text.USBD_FS_ConfigStrDescriptor
                0x08007f3c       0x24 CMakeFiles/Ink-Paper.elf.dir/USB_DEVICE/App/usbd_desc.c.obj
                0x08007f3c                USBD_FS_ConfigStrDescriptor
 .text.USBD_FS_InterfaceStrDescriptor
                0x08007f60       0x24 CMakeFiles/Ink-Paper.elf.dir/USB_DEVICE/App/usbd_desc.c.obj
                0x08007f60                USBD_FS_InterfaceStrDescriptor
 .text.STORAGE_Init_FS
                0x08007f84        0x4 CMakeFiles/Ink-Paper.elf.dir/USB_DEVICE/App/usbd_storage_if.c.obj
 .text.STORAGE_IsWriteProtected_FS
                0x08007f88        0x4 CMakeFiles/Ink-Paper.elf.dir/USB_DEVICE/App/usbd_storage_if.c.obj
 .text.STORAGE_GetMaxLun_FS
                0x08007f8c        0x4 CMakeFiles/Ink-Paper.elf.dir/USB_DEVICE/App/usbd_storage_if.c.obj
 .text.STORAGE_Write_FS
                0x08007f90       0x34 CMakeFiles/Ink-Paper.elf.dir/USB_DEVICE/App/usbd_storage_if.c.obj
 .text.STORAGE_Read_FS
                0x08007fc4       0x34 CMakeFiles/Ink-Paper.elf.dir/USB_DEVICE/App/usbd_storage_if.c.obj
 .text.STORAGE_IsReady_FS
                0x08007ff8       0x18 CMakeFiles/Ink-Paper.elf.dir/USB_DEVICE/App/usbd_storage_if.c.obj
 .text.STORAGE_GetCapacity_FS
                0x08008010       0x30 CMakeFiles/Ink-Paper.elf.dir/USB_DEVICE/App/usbd_storage_if.c.obj
 .text.USBD_Get_USB_Status
                0x08008040       0x14 CMakeFiles/Ink-Paper.elf.dir/USB_DEVICE/Target/usbd_conf.c.obj
 .text.HAL_PCD_MspInit
                0x08008054       0x40 CMakeFiles/Ink-Paper.elf.dir/USB_DEVICE/Target/usbd_conf.c.obj
                0x08008054                HAL_PCD_MspInit
 .text.HAL_PCD_SetupStageCallback
                0x08008094       0x10 CMakeFiles/Ink-Paper.elf.dir/USB_DEVICE/Target/usbd_conf.c.obj
                0x08008094                HAL_PCD_SetupStageCallback
 .text.HAL_PCD_DataOutStageCallback
                0x080080a4       0x18 CMakeFiles/Ink-Paper.elf.dir/USB_DEVICE/Target/usbd_conf.c.obj
                0x080080a4                HAL_PCD_DataOutStageCallback
 .text.HAL_PCD_DataInStageCallback
                0x080080bc       0x16 CMakeFiles/Ink-Paper.elf.dir/USB_DEVICE/Target/usbd_conf.c.obj
                0x080080bc                HAL_PCD_DataInStageCallback
 .text.HAL_PCD_SOFCallback
                0x080080d2        0xc CMakeFiles/Ink-Paper.elf.dir/USB_DEVICE/Target/usbd_conf.c.obj
                0x080080d2                HAL_PCD_SOFCallback
 .text.HAL_PCD_ResetCallback
                0x080080de       0x24 CMakeFiles/Ink-Paper.elf.dir/USB_DEVICE/Target/usbd_conf.c.obj
                0x080080de                HAL_PCD_ResetCallback
 *fill*         0x08008102        0x2 
 .text.HAL_PCD_SuspendCallback
                0x08008104       0x20 CMakeFiles/Ink-Paper.elf.dir/USB_DEVICE/Target/usbd_conf.c.obj
                0x08008104                HAL_PCD_SuspendCallback
 .text.HAL_PCD_ResumeCallback
                0x08008124        0xc CMakeFiles/Ink-Paper.elf.dir/USB_DEVICE/Target/usbd_conf.c.obj
                0x08008124                HAL_PCD_ResumeCallback
 .text.USBD_LL_Init
                0x08008130       0x74 CMakeFiles/Ink-Paper.elf.dir/USB_DEVICE/Target/usbd_conf.c.obj
                0x08008130                USBD_LL_Init
 .text.USBD_LL_Start
                0x080081a4       0x10 CMakeFiles/Ink-Paper.elf.dir/USB_DEVICE/Target/usbd_conf.c.obj
                0x080081a4                USBD_LL_Start
 .text.USBD_LL_OpenEP
                0x080081b4       0x16 CMakeFiles/Ink-Paper.elf.dir/USB_DEVICE/Target/usbd_conf.c.obj
                0x080081b4                USBD_LL_OpenEP
 .text.USBD_LL_CloseEP
                0x080081ca       0x10 CMakeFiles/Ink-Paper.elf.dir/USB_DEVICE/Target/usbd_conf.c.obj
                0x080081ca                USBD_LL_CloseEP
 .text.USBD_LL_FlushEP
                0x080081da       0x10 CMakeFiles/Ink-Paper.elf.dir/USB_DEVICE/Target/usbd_conf.c.obj
                0x080081da                USBD_LL_FlushEP
 .text.USBD_LL_StallEP
                0x080081ea       0x10 CMakeFiles/Ink-Paper.elf.dir/USB_DEVICE/Target/usbd_conf.c.obj
                0x080081ea                USBD_LL_StallEP
 .text.USBD_LL_ClearStallEP
                0x080081fa       0x10 CMakeFiles/Ink-Paper.elf.dir/USB_DEVICE/Target/usbd_conf.c.obj
                0x080081fa                USBD_LL_ClearStallEP
 .text.USBD_LL_IsStallEP
                0x0800820a       0x2e CMakeFiles/Ink-Paper.elf.dir/USB_DEVICE/Target/usbd_conf.c.obj
                0x0800820a                USBD_LL_IsStallEP
 .text.USBD_LL_SetUSBAddress
                0x08008238       0x10 CMakeFiles/Ink-Paper.elf.dir/USB_DEVICE/Target/usbd_conf.c.obj
                0x08008238                USBD_LL_SetUSBAddress
 .text.USBD_LL_Transmit
                0x08008248       0x10 CMakeFiles/Ink-Paper.elf.dir/USB_DEVICE/Target/usbd_conf.c.obj
                0x08008248                USBD_LL_Transmit
 .text.USBD_LL_PrepareReceive
                0x08008258       0x10 CMakeFiles/Ink-Paper.elf.dir/USB_DEVICE/Target/usbd_conf.c.obj
                0x08008258                USBD_LL_PrepareReceive
 .text.USBD_LL_GetRxDataSize
                0x08008268        0xc CMakeFiles/Ink-Paper.elf.dir/USB_DEVICE/Target/usbd_conf.c.obj
                0x08008268                USBD_LL_GetRxDataSize
 .text.USBD_static_malloc
                0x08008274        0x8 CMakeFiles/Ink-Paper.elf.dir/USB_DEVICE/Target/usbd_conf.c.obj
                0x08008274                USBD_static_malloc
 .text.USBD_static_free
                0x0800827c        0x2 CMakeFiles/Ink-Paper.elf.dir/USB_DEVICE/Target/usbd_conf.c.obj
                0x0800827c                USBD_static_free
 .text.HAL_PCDEx_SetConnectionState
                0x0800827e        0x2 CMakeFiles/Ink-Paper.elf.dir/USB_DEVICE/Target/usbd_conf.c.obj
                0x0800827e                HAL_PCDEx_SetConnectionState
 .text.exf_showfree
                0x08008280       0x58 CMakeFiles/Ink-Paper.elf.dir/User/Src/fops.c.obj
                0x08008280                exf_showfree
 .text._malloc_r
                0x080082d8      0x570 e:/_tool/arm-gnu-toolchain-12.2.mpacbti-rel1-mingw-w64-i686-arm-none-eabi/bin/../lib/gcc/arm-none-eabi/12.2.1/thumb/v7-m/nofp\libg.a(libc_a-mallocr.o)
                0x080082d8                _malloc_r
 .text.__malloc_lock
                0x08008848        0xc e:/_tool/arm-gnu-toolchain-12.2.mpacbti-rel1-mingw-w64-i686-arm-none-eabi/bin/../lib/gcc/arm-none-eabi/12.2.1/thumb/v7-m/nofp\libg.a(libc_a-mlock.o)
                0x08008848                __malloc_lock
 .text.__malloc_unlock
                0x08008854        0xc e:/_tool/arm-gnu-toolchain-12.2.mpacbti-rel1-mingw-w64-i686-arm-none-eabi/bin/../lib/gcc/arm-none-eabi/12.2.1/thumb/v7-m/nofp\libg.a(libc_a-mlock.o)
                0x08008854                __malloc_unlock
 .text.stdio_exit_handler
                0x08008860       0x18 e:/_tool/arm-gnu-toolchain-12.2.mpacbti-rel1-mingw-w64-i686-arm-none-eabi/bin/../lib/gcc/arm-none-eabi/12.2.1/thumb/v7-m/nofp\libg.a(libc_a-findfp.o)
 .text.cleanup_stdio
                0x08008878       0x40 e:/_tool/arm-gnu-toolchain-12.2.mpacbti-rel1-mingw-w64-i686-arm-none-eabi/bin/../lib/gcc/arm-none-eabi/12.2.1/thumb/v7-m/nofp\libg.a(libc_a-findfp.o)
 .text.global_stdio_init.part.0
                0x080088b8       0xf0 e:/_tool/arm-gnu-toolchain-12.2.mpacbti-rel1-mingw-w64-i686-arm-none-eabi/bin/../lib/gcc/arm-none-eabi/12.2.1/thumb/v7-m/nofp\libg.a(libc_a-findfp.o)
 .text.__sinit  0x080089a8       0x3c e:/_tool/arm-gnu-toolchain-12.2.mpacbti-rel1-mingw-w64-i686-arm-none-eabi/bin/../lib/gcc/arm-none-eabi/12.2.1/thumb/v7-m/nofp\libg.a(libc_a-findfp.o)
                0x080089a8                __sinit
 .text.__sfp_lock_acquire
                0x080089e4        0xc e:/_tool/arm-gnu-toolchain-12.2.mpacbti-rel1-mingw-w64-i686-arm-none-eabi/bin/../lib/gcc/arm-none-eabi/12.2.1/thumb/v7-m/nofp\libg.a(libc_a-findfp.o)
                0x080089e4                __sfp_lock_acquire
 .text.__sfp_lock_release
                0x080089f0        0xc e:/_tool/arm-gnu-toolchain-12.2.mpacbti-rel1-mingw-w64-i686-arm-none-eabi/bin/../lib/gcc/arm-none-eabi/12.2.1/thumb/v7-m/nofp\libg.a(libc_a-findfp.o)
                0x080089f0                __sfp_lock_release
 .text._fwalk_sglue
                0x080089fc       0x44 e:/_tool/arm-gnu-toolchain-12.2.mpacbti-rel1-mingw-w64-i686-arm-none-eabi/bin/../lib/gcc/arm-none-eabi/12.2.1/thumb/v7-m/nofp\libg.a(libc_a-fwalk.o)
                0x080089fc                _fwalk_sglue
 .text.printf   0x08008a40       0x28 e:/_tool/arm-gnu-toolchain-12.2.mpacbti-rel1-mingw-w64-i686-arm-none-eabi/bin/../lib/gcc/arm-none-eabi/12.2.1/thumb/v7-m/nofp\libg.a(libc_a-printf.o)
                0x08008a40                printf
 .text.__sread  0x08008a68       0x24 e:/_tool/arm-gnu-toolchain-12.2.mpacbti-rel1-mingw-w64-i686-arm-none-eabi/bin/../lib/gcc/arm-none-eabi/12.2.1/thumb/v7-m/nofp\libg.a(libc_a-stdio.o)
                0x08008a68                __sread
 .text.__swrite
                0x08008a8c       0x40 e:/_tool/arm-gnu-toolchain-12.2.mpacbti-rel1-mingw-w64-i686-arm-none-eabi/bin/../lib/gcc/arm-none-eabi/12.2.1/thumb/v7-m/nofp\libg.a(libc_a-stdio.o)
                0x08008a8c                __swrite
 .text.__sseek  0x08008acc       0x24 e:/_tool/arm-gnu-toolchain-12.2.mpacbti-rel1-mingw-w64-i686-arm-none-eabi/bin/../lib/gcc/arm-none-eabi/12.2.1/thumb/v7-m/nofp\libg.a(libc_a-stdio.o)
                0x08008acc                __sseek
 .text.__sclose
                0x08008af0        0x8 e:/_tool/arm-gnu-toolchain-12.2.mpacbti-rel1-mingw-w64-i686-arm-none-eabi/bin/../lib/gcc/arm-none-eabi/12.2.1/thumb/v7-m/nofp\libg.a(libc_a-stdio.o)
                0x08008af0                __sclose
 .text.memset   0x08008af8       0xa0 e:/_tool/arm-gnu-toolchain-12.2.mpacbti-rel1-mingw-w64-i686-arm-none-eabi/bin/../lib/gcc/arm-none-eabi/12.2.1/thumb/v7-m/nofp\libg.a(libc_a-memset.o)
                0x08008af8                memset
 .text._close_r
                0x08008b98       0x24 e:/_tool/arm-gnu-toolchain-12.2.mpacbti-rel1-mingw-w64-i686-arm-none-eabi/bin/../lib/gcc/arm-none-eabi/12.2.1/thumb/v7-m/nofp\libg.a(libc_a-closer.o)
                0x08008b98                _close_r
 .text._lseek_r
                0x08008bbc       0x2c e:/_tool/arm-gnu-toolchain-12.2.mpacbti-rel1-mingw-w64-i686-arm-none-eabi/bin/../lib/gcc/arm-none-eabi/12.2.1/thumb/v7-m/nofp\libg.a(libc_a-lseekr.o)
                0x08008bbc                _lseek_r
 .text._read_r  0x08008be8       0x2c e:/_tool/arm-gnu-toolchain-12.2.mpacbti-rel1-mingw-w64-i686-arm-none-eabi/bin/../lib/gcc/arm-none-eabi/12.2.1/thumb/v7-m/nofp\libg.a(libc_a-readr.o)
                0x08008be8                _read_r
 .text._sbrk_r  0x08008c14       0x24 e:/_tool/arm-gnu-toolchain-12.2.mpacbti-rel1-mingw-w64-i686-arm-none-eabi/bin/../lib/gcc/arm-none-eabi/12.2.1/thumb/v7-m/nofp\libg.a(libc_a-sbrkr.o)
                0x08008c14                _sbrk_r
 .text._write_r
                0x08008c38       0x2c e:/_tool/arm-gnu-toolchain-12.2.mpacbti-rel1-mingw-w64-i686-arm-none-eabi/bin/../lib/gcc/arm-none-eabi/12.2.1/thumb/v7-m/nofp\libg.a(libc_a-writer.o)
                0x08008c38                _write_r
 .text.__errno  0x08008c64        0xc e:/_tool/arm-gnu-toolchain-12.2.mpacbti-rel1-mingw-w64-i686-arm-none-eabi/bin/../lib/gcc/arm-none-eabi/12.2.1/thumb/v7-m/nofp\libg.a(libc_a-errno.o)
                0x08008c64                __errno
 .text.__libc_init_array
                0x08008c70       0x50 e:/_tool/arm-gnu-toolchain-12.2.mpacbti-rel1-mingw-w64-i686-arm-none-eabi/bin/../lib/gcc/arm-none-eabi/12.2.1/thumb/v7-m/nofp\libg.a(libc_a-init.o)
                0x08008c70                __libc_init_array
 .text.__retarget_lock_init_recursive
                0x08008cc0        0x4 e:/_tool/arm-gnu-toolchain-12.2.mpacbti-rel1-mingw-w64-i686-arm-none-eabi/bin/../lib/gcc/arm-none-eabi/12.2.1/thumb/v7-m/nofp\libg.a(libc_a-lock.o)
                0x08008cc0                __retarget_lock_init_recursive
 .text.__retarget_lock_close_recursive
                0x08008cc4        0x4 e:/_tool/arm-gnu-toolchain-12.2.mpacbti-rel1-mingw-w64-i686-arm-none-eabi/bin/../lib/gcc/arm-none-eabi/12.2.1/thumb/v7-m/nofp\libg.a(libc_a-lock.o)
                0x08008cc4                __retarget_lock_close_recursive
 .text.__retarget_lock_acquire_recursive
                0x08008cc8        0x4 e:/_tool/arm-gnu-toolchain-12.2.mpacbti-rel1-mingw-w64-i686-arm-none-eabi/bin/../lib/gcc/arm-none-eabi/12.2.1/thumb/v7-m/nofp\libg.a(libc_a-lock.o)
                0x08008cc8                __retarget_lock_acquire_recursive
 .text.__retarget_lock_release_recursive
                0x08008ccc        0x4 e:/_tool/arm-gnu-toolchain-12.2.mpacbti-rel1-mingw-w64-i686-arm-none-eabi/bin/../lib/gcc/arm-none-eabi/12.2.1/thumb/v7-m/nofp\libg.a(libc_a-lock.o)
                0x08008ccc                __retarget_lock_release_recursive
 .text.sysconf  0x08008cd0       0x1c e:/_tool/arm-gnu-toolchain-12.2.mpacbti-rel1-mingw-w64-i686-arm-none-eabi/bin/../lib/gcc/arm-none-eabi/12.2.1/thumb/v7-m/nofp\libg.a(libc_a-sysconf.o)
                0x08008cd0                sysconf
 .text.strlen   0x08008cec       0x5c e:/_tool/arm-gnu-toolchain-12.2.mpacbti-rel1-mingw-w64-i686-arm-none-eabi/bin/../lib/gcc/arm-none-eabi/12.2.1/thumb/v7-m/nofp\libg.a(libc_a-strlen-stub.o)
                0x08008cec                strlen
 .text.startup.register_fini
                0x08008d48       0x14 e:/_tool/arm-gnu-toolchain-12.2.mpacbti-rel1-mingw-w64-i686-arm-none-eabi/bin/../lib/gcc/arm-none-eabi/12.2.1/thumb/v7-m/nofp\libg.a(libc_a-__call_atexit.o)