Archive member included to satisfy reference by file (symbol)

e:/_tool/arm-gnu-toolchain-12.2.mpacbti-rel1-mingw-w64-i686-arm-none-eabi/bin/../lib/gcc/arm-none-eabi/12.2.1/thumb/v7-m/nofp\libgcc.a(_arm_mulsf3.o)
                              CMakeFiles/Ink-Paper.elf.dir/Lib/WaveShare1in54v2/GUI_Paint.c.obj (__aeabi_fmul)
e:/_tool/arm-gnu-toolchain-12.2.mpacbti-rel1-mingw-w64-i686-arm-none-eabi/bin/../lib/gcc/arm-none-eabi/12.2.1/thumb/v7-m/nofp\libgcc.a(_arm_addsubdf3.o)
                              CMakeFiles/Ink-Paper.elf.dir/Lib/WaveShare1in54v2/GUI_Paint.c.obj (__aeabi_dsub)
e:/_tool/arm-gnu-toolchain-12.2.mpacbti-rel1-mingw-w64-i686-arm-none-eabi/bin/../lib/gcc/arm-none-eabi/12.2.1/thumb/v7-m/nofp\libgcc.a(_arm_fixdfsi.o)
                              CMakeFiles/Ink-Paper.elf.dir/Lib/WaveShare1in54v2/GUI_Paint.c.obj (__aeabi_d2iz)
e:/_tool/arm-gnu-toolchain-12.2.mpacbti-rel1-mingw-w64-i686-arm-none-eabi/bin/../lib/gcc/arm-none-eabi/12.2.1/thumb/v7-m/nofp\libgcc.a(_arm_truncdfsf2.o)
                              CMakeFiles/Ink-Paper.elf.dir/Lib/WaveShare1in54v2/GUI_Paint.c.obj (__aeabi_d2f)
e:/_tool/arm-gnu-toolchain-12.2.mpacbti-rel1-mingw-w64-i686-arm-none-eabi/bin/../lib/gcc/arm-none-eabi/12.2.1/thumb/v7-m/nofp\libgcc.a(_arm_fixsfsi.o)
                              CMakeFiles/Ink-Paper.elf.dir/Lib/WaveShare1in54v2/GUI_Paint.c.obj (__aeabi_f2iz)
e:/_tool/arm-gnu-toolchain-12.2.mpacbti-rel1-mingw-w64-i686-arm-none-eabi/bin/../lib/gcc/arm-none-eabi/12.2.1/thumb/v7-m/nofp\libgcc.a(_aeabi_uldivmod.o)
                              CMakeFiles/Ink-Paper.elf.dir/Lib/Lvgl/src/misc/lv_printf.c.obj (__aeabi_uldivmod)
e:/_tool/arm-gnu-toolchain-12.2.mpacbti-rel1-mingw-w64-i686-arm-none-eabi/bin/../lib/gcc/arm-none-eabi/12.2.1/thumb/v7-m/nofp\libgcc.a(_udivmoddi4.o)
                              e:/_tool/arm-gnu-toolchain-12.2.mpacbti-rel1-mingw-w64-i686-arm-none-eabi/bin/../lib/gcc/arm-none-eabi/12.2.1/thumb/v7-m/nofp\libgcc.a(_aeabi_uldivmod.o) (__udivmoddi4)
e:/_tool/arm-gnu-toolchain-12.2.mpacbti-rel1-mingw-w64-i686-arm-none-eabi/bin/../lib/gcc/arm-none-eabi/12.2.1/thumb/v7-m/nofp\libgcc.a(_dvmd_tls.o)
                              e:/_tool/arm-gnu-toolchain-12.2.mpacbti-rel1-mingw-w64-i686-arm-none-eabi/bin/../lib/gcc/arm-none-eabi/12.2.1/thumb/v7-m/nofp\libgcc.a(_aeabi_uldivmod.o) (__aeabi_ldiv0)
e:/_tool/arm-gnu-toolchain-12.2.mpacbti-rel1-mingw-w64-i686-arm-none-eabi/bin/../lib/gcc/arm-none-eabi/12.2.1/thumb/v7-m/nofp\libg.a(libc_a-exit.o)
                              e:/_tool/arm-gnu-toolchain-12.2.mpacbti-rel1-mingw-w64-i686-arm-none-eabi/bin/../lib/gcc/arm-none-eabi/12.2.1/thumb/v7-m/nofp/crt0.o (exit)
e:/_tool/arm-gnu-toolchain-12.2.mpacbti-rel1-mingw-w64-i686-arm-none-eabi/bin/../lib/gcc/arm-none-eabi/12.2.1/thumb/v7-m/nofp\libg.a(libc_a-malloc.o)
                              CMakeFiles/Ink-Paper.elf.dir/User/Src/bsp_ink_paper.c.obj (malloc)
e:/_tool/arm-gnu-toolchain-12.2.mpacbti-rel1-mingw-w64-i686-arm-none-eabi/bin/../lib/gcc/arm-none-eabi/12.2.1/thumb/v7-m/nofp\libg.a(libc_a-mallocr.o)
                              e:/_tool/arm-gnu-toolchain-12.2.mpacbti-rel1-mingw-w64-i686-arm-none-eabi/bin/../lib/gcc/arm-none-eabi/12.2.1/thumb/v7-m/nofp\libg.a(libc_a-malloc.o) (_malloc_r)
e:/_tool/arm-gnu-toolchain-12.2.mpacbti-rel1-mingw-w64-i686-arm-none-eabi/bin/../lib/gcc/arm-none-eabi/12.2.1/thumb/v7-m/nofp\libg.a(libc_a-mlock.o)
                              e:/_tool/arm-gnu-toolchain-12.2.mpacbti-rel1-mingw-w64-i686-arm-none-eabi/bin/../lib/gcc/arm-none-eabi/12.2.1/thumb/v7-m/nofp\libg.a(libc_a-mallocr.o) (__malloc_lock)
e:/_tool/arm-gnu-toolchain-12.2.mpacbti-rel1-mingw-w64-i686-arm-none-eabi/bin/../lib/gcc/arm-none-eabi/12.2.1/thumb/v7-m/nofp\libg.a(libc_a-findfp.o)
                              e:/_tool/arm-gnu-toolchain-12.2.mpacbti-rel1-mingw-w64-i686-arm-none-eabi/bin/../lib/gcc/arm-none-eabi/12.2.1/thumb/v7-m/nofp\libg.a(libc_a-exit.o) (__stdio_exit_handler)
e:/_tool/arm-gnu-toolchain-12.2.mpacbti-rel1-mingw-w64-i686-arm-none-eabi/bin/../lib/gcc/arm-none-eabi/12.2.1/thumb/v7-m/nofp\libg.a(libc_a-fwalk.o)
                              e:/_tool/arm-gnu-toolchain-12.2.mpacbti-rel1-mingw-w64-i686-arm-none-eabi/bin/../lib/gcc/arm-none-eabi/12.2.1/thumb/v7-m/nofp\libg.a(libc_a-findfp.o) (_fwalk_sglue)
e:/_tool/arm-gnu-toolchain-12.2.mpacbti-rel1-mingw-w64-i686-arm-none-eabi/bin/../lib/gcc/arm-none-eabi/12.2.1/thumb/v7-m/nofp\libg.a(libc_a-printf.o)
                              CMakeFiles/Ink-Paper.elf.dir/Core/Src/main.c.obj (printf)
e:/_tool/arm-gnu-toolchain-12.2.mpacbti-rel1-mingw-w64-i686-arm-none-eabi/bin/../lib/gcc/arm-none-eabi/12.2.1/thumb/v7-m/nofp\libg.a(libc_a-puts.o)
                              CMakeFiles/Ink-Paper.elf.dir/User/Src/bsp_ink_paper.c.obj (puts)
e:/_tool/arm-gnu-toolchain-12.2.mpacbti-rel1-mingw-w64-i686-arm-none-eabi/bin/../lib/gcc/arm-none-eabi/12.2.1/thumb/v7-m/nofp\libg.a(libc_a-stdio.o)
[...]
Memory Configuration

Name             Origin             Length             Attributes
RAM              0x20000000         0x00010000         xrw
FLASH            0x08000000         0x00080000         xr
*default*        0x00000000         0xffffffff

Linker script and memory map

LOAD e:/_tool/arm-gnu-toolchain-12.2.mpacbti-rel1-mingw-w64-i686-arm-none-eabi/bin/../lib/gcc/arm-none-eabi/12.2.1/thumb/v7-m/nofp/crti.o
LOAD e:/_tool/arm-gnu-toolchain-12.2.mpacbti-rel1-mingw-w64-i686-arm-none-eabi/bin/../lib/gcc/arm-none-eabi/12.2.1/thumb/v7-m/nofp/crtbegin.o
LOAD e:/_tool/arm-gnu-toolchain-12.2.mpacbti-rel1-mingw-w64-i686-arm-none-eabi/bin/../lib/gcc/arm-none-eabi/12.2.1/thumb/v7-m/nofp/crt0.o
LOAD CMakeFiles/Ink-Paper.elf.dir/Core/Src/freertos.c.obj
LOAD CMakeFiles/Ink-Paper.elf.dir/Core/Src/gpio.c.obj
LOAD CMakeFiles/Ink-Paper.elf.dir/Core/Src/main.c.obj
LOAD CMakeFiles/Ink-Paper.elf.dir/Core/Src/sdio.c.obj
LOAD CMakeFiles/Ink-Paper.elf.dir/Core/Src/spi.c.obj
LOAD CMakeFiles/Ink-Paper.elf.dir/Core/Src/stm32f1xx_hal_msp.c.obj
LOAD CMakeFiles/Ink-Paper.elf.dir/Core/Src/stm32f1xx_hal_timebase_tim.c.obj
LOAD CMakeFiles/Ink-Paper.elf.dir/Core/Src/stm32f1xx_it.c.obj
LOAD CMakeFiles/Ink-Paper.elf.dir/Core/Src/syscalls.c.obj
LOAD CMakeFiles/Ink-Paper.elf.dir/Core/Src/sysmem.c.obj
LOAD CMakeFiles/Ink-Paper.elf.dir/Core/Src/system_stm32f1xx.c.obj
LOAD CMakeFiles/Ink-Paper.elf.dir/Core/Src/usart.c.obj
LOAD CMakeFiles/Ink-Paper.elf.dir/Core/Startup/startup_stm32f103vetx.s.obj
LOAD CMakeFiles/Ink-Paper.elf.dir/Drivers/STM32F1xx_HAL_Driver/Src/stm32f1xx_hal.c.obj
LOAD CMakeFiles/Ink-Paper.elf.dir/Drivers/STM32F1xx_HAL_Driver/Src/stm32f1xx_hal_cortex.c.obj
LOAD CMakeFiles/Ink-Paper.elf.dir/Drivers/STM32F1xx_HAL_Driver/Src/stm32f1xx_hal_dma.c.obj
LOAD CMakeFiles/Ink-Paper.elf.dir/Drivers/STM32F1xx_HAL_Driver/Src/stm32f1xx_hal_exti.c.obj
LOAD CMakeFiles/Ink-Paper.elf.dir/Drivers/STM32F1xx_HAL_Driver/Src/stm32f1xx_hal_flash.c.obj
LOAD CMakeFiles/Ink-Paper.elf.dir/Drivers/STM32F1xx_HAL_Driver/Src/stm32f1xx_hal_flash_ex.c.obj
LOAD CMakeFiles/Ink-Paper.elf.dir/Drivers/STM32F1xx_HAL_Driver/Src/stm32f1xx_hal_gpio.c.obj
LOAD CMakeFiles/Ink-Paper.elf.dir/Drivers/STM32F1xx_HAL_Driver/Src/stm32f1xx_hal_gpio_ex.c.obj
LOAD CMakeFiles/Ink-Paper.elf.dir/Drivers/STM32F1xx_HAL_Driver/Src/stm32f1xx_hal_pcd.c.obj
LOAD CMakeFiles/Ink-Paper.elf.dir/Drivers/STM32F1xx_HAL_Driver/Src/stm32f1xx_hal_pcd_ex.c.obj
LOAD CMakeFiles/Ink-Paper.elf.dir/Drivers/STM32F1xx_HAL_Driver/Src/stm32f1xx_hal_pwr.c.obj
LOAD CMakeFiles/Ink-Paper.elf.dir/Drivers/STM32F1xx_HAL_Driver/Src/stm32f1xx_hal_rcc.c.obj
LOAD CMakeFiles/Ink-Paper.elf.dir/Drivers/STM32F1xx_HAL_Driver/Src/stm32f1xx_hal_rcc_ex.c.obj
LOAD CMakeFiles/Ink-Paper.elf.dir/Drivers/STM32F1xx_HAL_Driver/Src/stm32f1xx_hal_sd.c.obj
LOAD CMakeFiles/Ink-Paper.elf.dir/Drivers/STM32F1xx_HAL_Driver/Src/stm32f1xx_hal_spi.c.obj
LOAD CMakeFiles/Ink-Paper.elf.dir/Drivers/STM32F1xx_HAL_Driver/Src/stm32f1xx_hal_tim.c.obj
LOAD CMakeFiles/Ink-Paper.elf.dir/Drivers/STM32F1xx_HAL_Driver/Src/stm32f1xx_hal_tim_ex.c.obj
LOAD CMakeFiles/Ink-Paper.elf.dir/Drivers/STM32F1xx_HAL_Driver/Src/stm32f1xx_hal_uart.c.obj
LOAD CMakeFiles/Ink-Paper.elf.dir/Drivers/STM32F1xx_HAL_Driver/Src/stm32f1xx_ll_sdmmc.c.obj
LOAD CMakeFiles/Ink-Paper.elf.dir/Drivers/STM32F1xx_HAL_Driver/Src/stm32f1xx_ll_usb.c.obj
LOAD CMakeFiles/Ink-Paper.elf.dir/FATFS/App/fatfs.c.obj
LOAD CMakeFiles/Ink-Paper.elf.dir/FATFS/Target/bsp_driver_sd.c.obj
LOAD CMakeFiles/Ink-Paper.elf.dir/Lib/Lvgl/porting/lv_port_disp.c.obj
LOAD CMakeFiles/Ink-Paper.elf.dir/Lib/Lvgl/porting/lv_port_fs.c.obj
LOAD CMakeFiles/Ink-Paper.elf.dir/Lib/Lvgl/porting/lv_port_indev.c.obj
LOAD CMakeFiles/Ink-Paper.elf.dir/Lib/Lvgl/src/core/lv_disp.c.obj
LOAD CMakeFiles/Ink-Paper.elf.dir/Lib/Lvgl/src/core/lv_event.c.obj
LOAD CMakeFiles/Ink-Paper.elf.dir/Lib/Lvgl/src/core/lv_group.c.obj
LOAD CMakeFiles/Ink-Paper.elf.dir/Lib/Lvgl/src/core/lv_indev.c.obj
LOAD CMakeFiles/Ink-Paper.elf.dir/Lib/Lvgl/src/core/lv_indev_scroll.c.obj
LOAD CMakeFiles/Ink-Paper.elf.dir/Lib/Lvgl/src/core/lv_obj.c.obj
LOAD CMakeFiles/Ink-Paper.elf.dir/Lib/Lvgl/src/core/lv_obj_class.c.obj
LOAD CMakeFiles/Ink-Paper.elf.dir/Lib/Lvgl/src/core/lv_obj_draw.c.obj
LOAD CMakeFiles/Ink-Paper.elf.dir/Lib/Lvgl/src/core/lv_obj_pos.c.obj
LOAD CMakeFiles/Ink-Paper.elf.dir/Lib/Lvgl/src/core/lv_obj_scroll.c.obj
LOAD CMakeFiles/Ink-Paper.elf.dir/Lib/Lvgl/src/core/lv_obj_style.c.obj
LOAD CMakeFiles/Ink-Paper.elf.dir/Lib/Lvgl/src/core/lv_obj_style_gen.c.obj
LOAD CMakeFiles/Ink-Paper.elf.dir/Lib/Lvgl/src/core/lv_obj_tree.c.obj
LOAD CMakeFiles/Ink-Paper.elf.dir/Lib/Lvgl/src/core/lv_refr.c.obj
LOAD CMakeFiles/Ink-Paper.elf.dir/Lib/Lvgl/src/core/lv_theme.c.obj
LOAD CMakeFiles/Ink-Paper.elf.dir/Lib/Lvgl/src/draw/lv_draw_arc.c.obj
LOAD CMakeFiles/Ink-Paper.elf.dir/Lib/Lvgl/src/draw/lv_draw_blend.c.obj
LOAD CMakeFiles/Ink-Paper.elf.dir/Lib/Lvgl/src/draw/lv_draw_img.c.obj
LOAD CMakeFiles/Ink-Paper.elf.dir/Lib/Lvgl/src/draw/lv_draw_label.c.obj
LOAD CMakeFiles/Ink-Paper.elf.dir/Lib/Lvgl/src/draw/lv_draw_line.c.obj
LOAD CMakeFiles/Ink-Paper.elf.dir/Lib/Lvgl/src/draw/lv_draw_mask.c.obj
LOAD CMakeFiles/Ink-Paper.elf.dir/Lib/Lvgl/src/draw/lv_draw_rect.c.obj
LOAD CMakeFiles/Ink-Paper.elf.dir/Lib/Lvgl/src/draw/lv_draw_triangle.c.obj
LOAD CMakeFiles/Ink-Paper.elf.dir/Lib/Lvgl/src/draw/lv_img_buf.c.obj
LOAD CMakeFiles/Ink-Paper.elf.dir/Lib/Lvgl/src/draw/lv_img_cache.c.obj
LOAD CMakeFiles/Ink-Paper.elf.dir/Lib/Lvgl/src/draw/lv_img_decoder.c.obj
LOAD CMakeFiles/Ink-Paper.elf.dir/Lib/Lvgl/src/extra/layouts/flex/lv_flex.c.obj
LOAD CMakeFiles/Ink-Paper.elf.dir/Lib/Lvgl/src/extra/layouts/grid/lv_grid.c.obj
LOAD CMakeFiles/Ink-Paper.elf.dir/Lib/Lvgl/src/extra/lv_extra.c.obj
LOAD CMakeFiles/Ink-Paper.elf.dir/Lib/Lvgl/src/extra/themes/basic/lv_theme_basic.c.obj
LOAD CMakeFiles/Ink-Paper.elf.dir/Lib/Lvgl/src/extra/themes/default/lv_theme_default.c.obj
LOAD CMakeFiles/Ink-Paper.elf.dir/Lib/Lvgl/src/extra/themes/mono/lv_theme_mono.c.obj
LOAD CMakeFiles/Ink-Paper.elf.dir/Lib/Lvgl/src/extra/widgets/animimg/lv_animimg.c.obj
LOAD CMakeFiles/Ink-Paper.elf.dir/Lib/Lvgl/src/extra/widgets/calendar/lv_calendar.c.obj
LOAD CMakeFiles/Ink-Paper.elf.dir/Lib/Lvgl/src/extra/widgets/calendar/lv_calendar_header_arrow.c.obj
LOAD CMakeFiles/Ink-Paper.elf.dir/Lib/Lvgl/src/extra/widgets/calendar/lv_calendar_header_dropdown.c.obj
LOAD CMakeFiles/Ink-Paper.elf.dir/Lib/Lvgl/src/extra/widgets/chart/lv_chart.c.obj
LOAD CMakeFiles/Ink-Paper.elf.dir/Lib/Lvgl/src/extra/widgets/colorwheel/lv_colorwheel.c.obj
LOAD CMakeFiles/Ink-Paper.elf.dir/Lib/Lvgl/src/extra/widgets/imgbtn/lv_imgbtn.c.obj
LOAD CMakeFiles/Ink-Paper.elf.dir/Lib/Lvgl/src/extra/widgets/keyboard/lv_keyboard.c.obj
LOAD CMakeFiles/Ink-Paper.elf.dir/Lib/Lvgl/src/extra/widgets/led/lv_led.c.obj
LOAD CMakeFiles/Ink-Paper.elf.dir/Lib/Lvgl/src/extra/widgets/list/lv_list.c.obj
LOAD CMakeFiles/Ink-Paper.elf.dir/Lib/Lvgl/src/extra/widgets/meter/lv_meter.c.obj
LOAD CMakeFiles/Ink-Paper.elf.dir/Lib/Lvgl/src/extra/widgets/msgbox/lv_msgbox.c.obj
LOAD CMakeFiles/Ink-Paper.elf.dir/Lib/Lvgl/src/extra/widgets/span/lv_span.c.obj
LOAD CMakeFiles/Ink-Paper.elf.dir/Lib/Lvgl/src/extra/widgets/spinbox/lv_spinbox.c.obj
LOAD CMakeFiles/Ink-Paper.elf.dir/Lib/Lvgl/src/extra/widgets/spinner/lv_spinner.c.obj
LOAD CMakeFiles/Ink-Paper.elf.dir/Lib/Lvgl/src/extra/widgets/tabview/lv_tabview.c.obj
LOAD CMakeFiles/Ink-Paper.elf.dir/Lib/Lvgl/src/extra/widgets/tileview/lv_tileview.c.obj
LOAD CMakeFiles/Ink-Paper.elf.dir/Lib/Lvgl/src/extra/widgets/win/lv_win.c.obj
LOAD CMakeFiles/Ink-Paper.elf.dir/Lib/Lvgl/src/font/lv_font.c.obj
LOAD CMakeFiles/Ink-Paper.elf.dir/Lib/Lvgl/src/font/lv_font_dejavu_16_persian_hebrew.c.obj
LOAD CMakeFiles/Ink-Paper.elf.dir/Lib/Lvgl/src/font/lv_font_fmt_txt.c.obj
LOAD CMakeFiles/Ink-Paper.elf.dir/Lib/Lvgl/src/font/lv_font_loader.c.obj
LOAD CMakeFiles/Ink-Paper.elf.dir/Lib/Lvgl/src/font/lv_font_montserrat_10.c.obj
LOAD CMakeFiles/Ink-Paper.elf.dir/Lib/Lvgl/src/font/lv_font_montserrat_12.c.obj
LOAD CMakeFiles/Ink-Paper.elf.dir/Lib/Lvgl/src/font/lv_font_montserrat_12_subpx.c.obj
LOAD CMakeFiles/Ink-Paper.elf.dir/Lib/Lvgl/src/font/lv_font_montserrat_14.c.obj
LOAD CMakeFiles/Ink-Paper.elf.dir/Lib/Lvgl/src/font/lv_font_montserrat_16.c.obj
LOAD CMakeFiles/Ink-Paper.elf.dir/Lib/Lvgl/src/font/lv_font_montserrat_18.c.obj
LOAD CMakeFiles/Ink-Paper.elf.dir/Lib/Lvgl/src/font/lv_font_montserrat_20.c.obj
LOAD CMakeFiles/Ink-Paper.elf.dir/Lib/Lvgl/src/font/lv_font_montserrat_22.c.obj
LOAD CMakeFiles/Ink-Paper.elf.dir/Lib/Lvgl/src/font/lv_font_montserrat_24.c.obj
LOAD CMakeFiles/Ink-Paper.elf.dir/Lib/Lvgl/src/font/lv_font_montserrat_26.c.obj
LOAD CMakeFiles/Ink-Paper.elf.dir/Lib/Lvgl/src/font/lv_font_montserrat_28.c.obj
LOAD CMakeFiles/Ink-Paper.elf.dir/Lib/Lvgl/src/font/lv_font_montserrat_28_compressed.c.obj
LOAD CMakeFiles/Ink-Paper.elf.dir/Lib/Lvgl/src/font/lv_font_montserrat_30.c.obj
LOAD CMakeFiles/Ink-Paper.elf.dir/Lib/Lvgl/src/font/lv_font_montserrat_32.c.obj
LOAD CMakeFiles/Ink-Paper.elf.dir/Lib/Lvgl/src/font/lv_font_montserrat_34.c.obj
LOAD CMakeFiles/Ink-Paper.elf.dir/Lib/Lvgl/src/font/lv_font_montserrat_36.c.obj
LOAD CMakeFiles/Ink-Paper.elf.dir/Lib/Lvgl/src/font/lv_font_montserrat_38.c.obj
LOAD CMakeFiles/Ink-Paper.elf.dir/Lib/Lvgl/src/font/lv_font_montserrat_40.c.obj
LOAD CMakeFiles/Ink-Paper.elf.dir/Lib/Lvgl/src/font/lv_font_montserrat_42.c.obj
LOAD CMakeFiles/Ink-Paper.elf.dir/Lib/Lvgl/src/font/lv_font_montserrat_44.c.obj
LOAD CMakeFiles/Ink-Paper.elf.dir/Lib/Lvgl/src/font/lv_font_montserrat_46.c.obj
LOAD CMakeFiles/Ink-Paper.elf.dir/Lib/Lvgl/src/font/lv_font_montserrat_48.c.obj
LOAD CMakeFiles/Ink-Paper.elf.dir/Lib/Lvgl/src/font/lv_font_montserrat_8.c.obj
LOAD CMakeFiles/Ink-Paper.elf.dir/Lib/Lvgl/src/font/lv_font_simsun_16_cjk.c.obj
LOAD CMakeFiles/Ink-Paper.elf.dir/Lib/Lvgl/src/font/lv_font_unscii_16.c.obj
LOAD CMakeFiles/Ink-Paper.elf.dir/Lib/Lvgl/src/font/lv_font_unscii_8.c.obj
LOAD CMakeFiles/Ink-Paper.elf.dir/Lib/Lvgl/src/gpu/lv_gpu_nxp_pxp.c.obj
LOAD CMakeFiles/Ink-Paper.elf.dir/Lib/Lvgl/src/gpu/lv_gpu_nxp_pxp_osa.c.obj
LOAD CMakeFiles/Ink-Paper.elf.dir/Lib/Lvgl/src/gpu/lv_gpu_nxp_vglite.c.obj
LOAD CMakeFiles/Ink-Paper.elf.dir/Lib/Lvgl/src/gpu/lv_gpu_stm32_dma2d.c.obj
LOAD CMakeFiles/Ink-Paper.elf.dir/Lib/Lvgl/src/hal/lv_hal_disp.c.obj
LOAD CMakeFiles/Ink-Paper.elf.dir/Lib/Lvgl/src/hal/lv_hal_indev.c.obj
LOAD CMakeFiles/Ink-Paper.elf.dir/Lib/Lvgl/src/hal/lv_hal_tick.c.obj
LOAD CMakeFiles/Ink-Paper.elf.dir/Lib/Lvgl/src/misc/lv_anim.c.obj
LOAD CMakeFiles/Ink-Paper.elf.dir/Lib/Lvgl/src/misc/lv_area.c.obj
LOAD CMakeFiles/Ink-Paper.elf.dir/Lib/Lvgl/src/misc/lv_async.c.obj
LOAD CMakeFiles/Ink-Paper.elf.dir/Lib/Lvgl/src/misc/lv_bidi.c.obj
LOAD CMakeFiles/Ink-Paper.elf.dir/Lib/Lvgl/src/misc/lv_color.c.obj
LOAD CMakeFiles/Ink-Paper.elf.dir/Lib/Lvgl/src/misc/lv_fs.c.obj
LOAD CMakeFiles/Ink-Paper.elf.dir/Lib/Lvgl/src/misc/lv_gc.c.obj
LOAD CMakeFiles/Ink-Paper.elf.dir/Lib/Lvgl/src/misc/lv_ll.c.obj
LOAD CMakeFiles/Ink-Paper.elf.dir/Lib/Lvgl/src/misc/lv_log.c.obj
LOAD CMakeFiles/Ink-Paper.elf.dir/Lib/Lvgl/src/misc/lv_math.c.obj
LOAD CMakeFiles/Ink-Paper.elf.dir/Lib/Lvgl/src/misc/lv_mem.c.obj
LOAD CMakeFiles/Ink-Paper.elf.dir/Lib/Lvgl/src/misc/lv_printf.c.obj
LOAD CMakeFiles/Ink-Paper.elf.dir/Lib/Lvgl/src/misc/lv_style.c.obj
LOAD CMakeFiles/Ink-Paper.elf.dir/Lib/Lvgl/src/misc/lv_style_gen.c.obj
LOAD CMakeFiles/Ink-Paper.elf.dir/Lib/Lvgl/src/misc/lv_templ.c.obj
LOAD CMakeFiles/Ink-Paper.elf.dir/Lib/Lvgl/src/misc/lv_timer.c.obj
LOAD CMakeFiles/Ink-Paper.elf.dir/Lib/Lvgl/src/misc/lv_tlsf.c.obj
LOAD CMakeFiles/Ink-Paper.elf.dir/Lib/Lvgl/src/misc/lv_txt.c.obj
LOAD CMakeFiles/Ink-Paper.elf.dir/Lib/Lvgl/src/misc/lv_txt_ap.c.obj
LOAD CMakeFiles/Ink-Paper.elf.dir/Lib/Lvgl/src/misc/lv_utils.c.obj
LOAD CMakeFiles/Ink-Paper.elf.dir/Lib/Lvgl/src/widgets/lv_arc.c.obj
LOAD CMakeFiles/Ink-Paper.elf.dir/Lib/Lvgl/src/widgets/lv_bar.c.obj
LOAD CMakeFiles/Ink-Paper.elf.dir/Lib/Lvgl/src/widgets/lv_btn.c.obj
LOAD CMakeFiles/Ink-Paper.elf.dir/Lib/Lvgl/src/widgets/lv_btnmatrix.c.obj
LOAD CMakeFiles/Ink-Paper.elf.dir/Lib/Lvgl/src/widgets/lv_canvas.c.obj
LOAD CMakeFiles/Ink-Paper.elf.dir/Lib/Lvgl/src/widgets/lv_checkbox.c.obj
LOAD CMakeFiles/Ink-Paper.elf.dir/Lib/Lvgl/src/widgets/lv_dropdown.c.obj
LOAD CMakeFiles/Ink-Paper.elf.dir/Lib/Lvgl/src/widgets/lv_img.c.obj
LOAD CMakeFiles/Ink-Paper.elf.dir/Lib/Lvgl/src/widgets/lv_label.c.obj
LOAD CMakeFiles/Ink-Paper.elf.dir/Lib/Lvgl/src/widgets/lv_line.c.obj
LOAD CMakeFiles/Ink-Paper.elf.dir/Lib/Lvgl/src/widgets/lv_objx_templ.c.obj
LOAD CMakeFiles/Ink-Paper.elf.dir/Lib/Lvgl/src/widgets/lv_roller.c.obj
LOAD CMakeFiles/Ink-Paper.elf.dir/Lib/Lvgl/src/widgets/lv_slider.c.obj
LOAD CMakeFiles/Ink-Paper.elf.dir/Lib/Lvgl/src/widgets/lv_switch.c.obj
LOAD CMakeFiles/Ink-Paper.elf.dir/Lib/Lvgl/src/widgets/lv_table.c.obj
LOAD CMakeFiles/Ink-Paper.elf.dir/Lib/Lvgl/src/widgets/lv_textarea.c.obj
LOAD CMakeFiles/Ink-Paper.elf.dir/Lib/WaveShare1in54v2/DEV_Config.c.obj
LOAD CMakeFiles/Ink-Paper.elf.dir/Lib/WaveShare1in54v2/EPD_1in54_V2.c.obj
LOAD CMakeFiles/Ink-Paper.elf.dir/Lib/WaveShare1in54v2/Fonts/font12.c.obj
LOAD CMakeFiles/Ink-Paper.elf.dir/Lib/WaveShare1in54v2/Fonts/font12CN.c.obj
LOAD CMakeFiles/Ink-Paper.elf.dir/Lib/WaveShare1in54v2/Fonts/font16.c.obj
LOAD CMakeFiles/Ink-Paper.elf.dir/Lib/WaveShare1in54v2/Fonts/font20.c.obj
LOAD CMakeFiles/Ink-Paper.elf.dir/Lib/WaveShare1in54v2/Fonts/font24.c.obj
LOAD CMakeFiles/Ink-Paper.elf.dir/Lib/WaveShare1in54v2/Fonts/font24CN.c.obj
LOAD CMakeFiles/Ink-Paper.elf.dir/Lib/WaveShare1in54v2/Fonts/font8.c.obj
LOAD CMakeFiles/Ink-Paper.elf.dir/Lib/WaveShare1in54v2/GUI_Paint.c.obj
LOAD CMakeFiles/Ink-Paper.elf.dir/Lib/WaveShare1in54v2/Imgs/ImageData.c.obj
LOAD CMakeFiles/Ink-Paper.elf.dir/Middlewares/ST/STM32_USB_Device_Library/Class/MSC/Src/usbd_msc.c.obj
LOAD CMakeFiles/Ink-Paper.elf.dir/Middlewares/ST/STM32_USB_Device_Library/Class/MSC/Src/usbd_msc_bot.c.obj
LOAD CMakeFiles/Ink-Paper.elf.dir/Middlewares/ST/STM32_USB_Device_Library/Class/MSC/Src/usbd_msc_data.c.obj
LOAD CMakeFiles/Ink-Paper.elf.dir/Middlewares/ST/STM32_USB_Device_Library/Class/MSC/Src/usbd_msc_scsi.c.obj
LOAD CMakeFiles/Ink-Paper.elf.dir/Middlewares/ST/STM32_USB_Device_Library/Core/Src/usbd_core.c.obj
LOAD CMakeFiles/Ink-Paper.elf.dir/Middlewares/ST/STM32_USB_Device_Library/Core/Src/usbd_ctlreq.c.obj
LOAD CMakeFiles/Ink-Paper.elf.dir/Middlewares/ST/STM32_USB_Device_Library/Core/Src/usbd_ioreq.c.obj
LOAD CMakeFiles/Ink-Paper.elf.dir/Middlewares/Third_Party/FatFs/src/diskio.c.obj
LOAD CMakeFiles/Ink-Paper.elf.dir/Middlewares/Third_Party/FatFs/src/drivers/sd_diskio.c.obj
LOAD CMakeFiles/Ink-Paper.elf.dir/Middlewares/Third_Party/FatFs/src/ff.c.obj
LOAD CMakeFiles/Ink-Paper.elf.dir/Middlewares/Third_Party/FatFs/src/ff_gen_drv.c.obj
LOAD CMakeFiles/Ink-Paper.elf.dir/Middlewares/Third_Party/FatFs/src/option/cc936.c.obj
LOAD CMakeFiles/Ink-Paper.elf.dir/Middlewares/Third_Party/FatFs/src/option/syscall.c.obj
LOAD CMakeFiles/Ink-Paper.elf.dir/Middlewares/Third_Party/FreeRTOS/Source/CMSIS_RTOS/cmsis_os.c.obj
LOAD CMakeFiles/Ink-Paper.elf.dir/Middlewares/Third_Party/FreeRTOS/Source/croutine.c.obj
LOAD CMakeFiles/Ink-Paper.elf.dir/Middlewares/Third_Party/FreeRTOS/Source/event_groups.c.obj
LOAD CMakeFiles/Ink-Paper.elf.dir/Middlewares/Third_Party/FreeRTOS/Source/list.c.obj
LOAD CMakeFiles/Ink-Paper.elf.dir/Middlewares/Third_Party/FreeRTOS/Source/portable/GCC/ARM_CM3/port.c.obj
LOAD CMakeFiles/Ink-Paper.elf.dir/Middlewares/Third_Party/FreeRTOS/Source/portable/MemMang/heap_4.c.obj
LOAD CMakeFiles/Ink-Paper.elf.dir/Middlewares/Third_Party/FreeRTOS/Source/queue.c.obj
LOAD CMakeFiles/Ink-Paper.elf.dir/Middlewares/Third_Party/FreeRTOS/Source/stream_buffer.c.obj
LOAD CMakeFiles/Ink-Paper.elf.dir/Middlewares/Third_Party/FreeRTOS/Source/tasks.c.obj
LOAD CMakeFiles/Ink-Paper.elf.dir/Middlewares/Third_Party/FreeRTOS/Source/timers.c.obj
LOAD CMakeFiles/Ink-Paper.elf.dir/USB_DEVICE/App/usb_device.c.obj
LOAD CMakeFiles/Ink-Paper.elf.dir/USB_DEVICE/App/usbd_desc.c.obj
LOAD CMakeFiles/Ink-Paper.elf.dir/USB_DEVICE/App/usbd_storage_if.c.obj
LOAD CMakeFiles/Ink-Paper.elf.dir/USB_DEVICE/Target/usbd_conf.c.obj
LOAD CMakeFiles/Ink-Paper.elf.dir/User/Src/CustomFonts/custom_yaheiBold_18.c.obj
LOAD CMakeFiles/Ink-Paper.elf.dir/User/Src/CustomFonts/custom_yaheiBold_22.c.obj
LOAD CMakeFiles/Ink-Paper.elf.dir/User/Src/CustomFonts/custom_yaheiBold_26.c.obj
LOAD CMakeFiles/Ink-Paper.elf.dir/User/Src/CustomFonts/custom_yahei_18.c.obj
LOAD CMakeFiles/Ink-Paper.elf.dir/User/Src/CustomFonts/custom_yahei_22.c.obj
LOAD CMakeFiles/Ink-Paper.elf.dir/User/Src/CustomFonts/custom_yahei_26.c.obj
LOAD CMakeFiles/Ink-Paper.elf.dir/User/Src/Img/me.c.obj
LOAD CMakeFiles/Ink-Paper.elf.dir/User/Src/Img/me2.c.obj
LOAD CMakeFiles/Ink-Paper.elf.dir/User/Src/bsp_ink_paper.c.obj
LOAD CMakeFiles/Ink-Paper.elf.dir/User/Src/bsp_key.c.obj
START GROUP
LOAD e:/_tool/arm-gnu-toolchain-12.2.mpacbti-rel1-mingw-w64-i686-arm-none-eabi/bin/../lib/gcc/arm-none-eabi/12.2.1/thumb/v7-m/nofp\libgcc.a
LOAD e:/_tool/arm-gnu-toolchain-12.2.mpacbti-rel1-mingw-w64-i686-arm-none-eabi/bin/../lib/gcc/arm-none-eabi/12.2.1/thumb/v7-m/nofp\libg.a
LOAD e:/_tool/arm-gnu-toolchain-12.2.mpacbti-rel1-mingw-w64-i686-arm-none-eabi/bin/../lib/gcc/arm-none-eabi/12.2.1/thumb/v7-m/nofp\libc.a
END GROUP
LOAD e:/_tool/arm-gnu-toolchain-12.2.mpacbti-rel1-mingw-w64-i686-arm-none-eabi/bin/../lib/gcc/arm-none-eabi/12.2.1/thumb/v7-m/nofp/crtend.o
LOAD e:/_tool/arm-gnu-toolchain-12.2.mpacbti-rel1-mingw-w64-i686-arm-none-eabi/bin/../lib/gcc/arm-none-eabi/12.2.1/thumb/v7-m/nofp/crtn.o
                0x20010000                        _estack = (ORIGIN (RAM) + LENGTH (RAM))
                0x00001800                        _Min_Heap_Size = 0x1800
                0x00001000                        _Min_Stack_Size = 0x1000

.isr_vector     0x08000000      0x1e4
                0x08000000                        . = ALIGN (0x4)
 *(.isr_vector)
 .isr_vector    0x08000000      0x1e4 CMakeFiles/Ink-Paper.elf.dir/Core/Startup/startup_stm32f103vetx.s.obj
                0x08000000                g_pfnVectors
                0x080001e4                        . = ALIGN (0x4)

.text           0x080001f0    0x36428
                0x080001f0                        . = ALIGN (0x4)
 *(.text)
 .text          0x080001f0      0x378 e:/_tool/arm-gnu-toolchain-12.2.mpacbti-rel1-mingw-w64-i686-arm-none-eabi/bin/../lib/gcc/arm-none-eabi/12.2.1/thumb/v7-m/nofp\libgcc.a(_arm_addsubdf3.o)
                0x080001f0                __aeabi_drsub
                0x080001f8                __aeabi_dsub
                0x080001f8                __subdf3
                0x080001fc                __aeabi_dadd
                0x080001fc                __adddf3
                0x08000474                __floatunsidf
                0x08000474                __aeabi_ui2d
                0x08000494                __floatsidf
                0x08000494                __aeabi_i2d
                0x080004b8                __aeabi_f2d
                0x080004b8                __extendsfdf2
                0x080004fc                __floatundidf
                0x080004fc                __aeabi_ul2d
                0x0800050c                __floatdidf
                0x0800050c                __aeabi_l2d
 .text          0x08000568       0x50 e:/_tool/arm-gnu-toolchain-12.2.mpacbti-rel1-mingw-w64-i686-arm-none-eabi/bin/../lib/gcc/arm-none-eabi/12.2.1/thumb/v7-m/nofp\libgcc.a(_arm_fixdfsi.o)
                0x08000568                __aeabi_d2iz
                0x08000568                __fixdfsi
 .text          0x080005b8       0x30 e:/_tool/arm-gnu-toolchain-12.2.mpacbti-rel1-mingw-w64-i686-arm-none-eabi/bin/../lib/gcc/arm-none-eabi/12.2.1/thumb/v7-m/nofp\libgcc.a(_aeabi_uldivmod.o)
                0x080005b8                __aeabi_uldivmod
 .text          0x080005e8        0x4 e:/_tool/arm-gnu-toolchain-12.2.mpacbti-rel1-mingw-w64-i686-arm-none-eabi/bin/../lib/gcc/arm-none-eabi/12.2.1/thumb/v7-m/nofp\libgcc.a(_dvmd_tls.o)
                0x080005e8                __aeabi_idiv0
                0x080005e8                __aeabi_ldiv0
 .text          0x080005ec      0x1bc e:/_tool/arm-gnu-toolchain-12.2.mpacbti-rel1-mingw-w64-i686-arm-none-eabi/bin/../lib/gcc/arm-none-eabi/12.2.1/thumb/v7-m/nofp\libg.a(libc_a-strcmp.o)
                0x080005ec                strcmp
 .text          0x080007a8       0xec e:/_tool/arm-gnu-toolchain-12.2.mpacbti-rel1-mingw-w64-i686-arm-none-eabi/bin/../lib/gcc/arm-none-eabi/12.2.1/thumb/v7-m/nofp\libg.a(libc_a-memcpy.o)
                0x080007a8                memcpy
 .text          0x08000894      0x424 e:/_tool/arm-gnu-toolchain-12.2.mpacbti-rel1-mingw-w64-i686-arm-none-eabi/bin/../lib/gcc/arm-none-eabi/12.2.1/thumb/v7-m/nofp\libgcc.a(_arm_muldivdf3.o)
                0x08000894                __aeabi_dmul
                0x08000894                __muldf3
                0x08000ae8                __divdf3
                0x08000ae8                __aeabi_ddiv
 .text          0x08000cb8      0x110 e:/_tool/arm-gnu-toolchain-12.2.mpacbti-rel1-mingw-w64-i686-arm-none-eabi/bin/../lib/gcc/arm-none-eabi/12.2.1/thumb/v7-m/nofp\libgcc.a(_arm_cmpdf2.o)
                0x08000cb8                __gtdf2
                0x08000cb8                __gedf2
                0x08000cc0                __ltdf2
                0x08000cc0                __ledf2
                0x08000cc8                __nedf2
                0x08000cc8                __eqdf2
                0x08000cc8                __cmpdf2
                0x08000d44                __aeabi_cdrcmple
                0x08000d54                __aeabi_cdcmpeq
                0x08000d54                __aeabi_cdcmple
                0x08000d64                __aeabi_dcmpeq
                0x08000d78                __aeabi_dcmplt
                0x08000d8c                __aeabi_dcmple
                0x08000da0                __aeabi_dcmpge
                0x08000db4                __aeabi_dcmpgt
 .text          0x08000dc8       0x2c e:/_tool/arm-gnu-toolchain-12.2.mpacbti-rel1-mingw-w64-i686-arm-none-eabi/bin/../lib/gcc/arm-none-eabi/12.2.1/thumb/v7-m/nofp\libgcc.a(_arm_unorddf2.o)
                0x08000dc8                __unorddf2
                0x08000dc8                __aeabi_dcmpun
 *(.text*)
 .text.deregister_tm_clones
                0x08000df4       0x1c e:/_tool/arm-gnu-toolchain-12.2.mpacbti-rel1-mingw-w64-i686-arm-none-eabi/bin/../lib/gcc/arm-none-eabi/12.2.1/thumb/v7-m/nofp/crtbegin.o
 .text.register_tm_clones
                0x08000e10       0x24 e:/_tool/arm-gnu-toolchain-12.2.mpacbti-rel1-mingw-w64-i686-arm-none-eabi/bin/../lib/gcc/arm-none-eabi/12.2.1/thumb/v7-m/nofp/crtbegin.o
 .text.__do_global_dtors_aux
                0x08000e34       0x28 e:/_tool/arm-gnu-toolchain-12.2.mpacbti-rel1-mingw-w64-i686-arm-none-eabi/bin/../lib/gcc/arm-none-eabi/12.2.1/thumb/v7-m/nofp/crtbegin.o
 .text.frame_dummy
                0x08000e5c       0x24 e:/_tool/arm-gnu-toolchain-12.2.mpacbti-rel1-mingw-w64-i686-arm-none-eabi/bin/../lib/gcc/arm-none-eabi/12.2.1/thumb/v7-m/nofp/crtbegin.o
 .text.StartDefaultTask
                0x08000e80       0x40 CMakeFiles/Ink-Paper.elf.dir/Core/Src/freertos.c.obj
                0x08000e80                StartDefaultTask
 .text.lv_scr_act
                0x08000ec0        0xc CMakeFiles/Ink-Paper.elf.dir/Core/Src/freertos.c.obj
 .text.vApplicationGetIdleTaskMemory
                0x08000ecc       0x18 CMakeFiles/Ink-Paper.elf.dir/Core/Src/freertos.c.obj
                0x08000ecc                vApplicationGetIdleTaskMemory
 .text.MX_FREERTOS_Init
                0x08000ee4       0x60 CMakeFiles/Ink-Paper.elf.dir/Core/Src/freertos.c.obj
                0x08000ee4                MX_FREERTOS_Init
 .text.lv_example3
                0x08000f44       0x78 CMakeFiles/Ink-Paper.elf.dir/Core/Src/freertos.c.obj
                0x08000f44                lv_example3
 .text.StartMainTask
                0x08000fbc       0x2c CMakeFiles/Ink-Paper.elf.dir/Core/Src/freertos.c.obj
                0x08000fbc                StartMainTask
 .text.MX_GPIO_Init
                0x08000fe8      0x14c CMakeFiles/Ink-Paper.elf.dir/Core/Src/gpio.c.obj
                0x08000fe8                MX_GPIO_Init
 .text.exf_showfree
                0x08001134       0x58 CMakeFiles/Ink-Paper.elf.dir/Core/Src/main.c.obj
                0x08001134                exf_showfree
 .text.HAL_TIM_PeriodElapsedCallback
                0x0800118c       0x28 CMakeFiles/Ink-Paper.elf.dir/Core/Src/main.c.obj
                0x0800118c                HAL_TIM_PeriodElapsedCallback
 .text.Error_Handler
                0x080011b4        0x4 CMakeFiles/Ink-Paper.elf.dir/Core/Src/main.c.obj
                0x080011b4                Error_Handler
 .text.SystemClock_Config
                0x080011b8       0x84 CMakeFiles/Ink-Paper.elf.dir/Core/Src/main.c.obj
                0x080011b8                SystemClock_Config
 .text.main     0x0800123c       0x50 CMakeFiles/Ink-Paper.elf.dir/Core/Src/main.c.obj
                0x0800123c                main
 .text.MX_SDIO_SD_Init
                0x0800128c       0x24 CMakeFiles/Ink-Paper.elf.dir/Core/Src/sdio.c.obj
                0x0800128c                MX_SDIO_SD_Init
 .text.HAL_SD_MspInit
                0x080012b0       0x98 CMakeFiles/Ink-Paper.elf.dir/Core/Src/sdio.c.obj
                0x080012b0                HAL_SD_MspInit
 .text.MX_SPI1_Init
                0x08001348       0x44 CMakeFiles/Ink-Paper.elf.dir/Core/Src/spi.c.obj
                0x08001348                MX_SPI1_Init
 .text.HAL_SPI_MspInit
                0x0800138c       0x64 CMakeFiles/Ink-Paper.elf.dir/Core/Src/spi.c.obj
                0x0800138c                HAL_SPI_MspInit
 .text.HAL_MspInit
                0x080013f0       0x54 CMakeFiles/Ink-Paper.elf.dir/Core/Src/stm32f1xx_hal_msp.c.obj
                0x080013f0                HAL_MspInit
 .text.HAL_InitTick
                0x08001444       0x94 CMakeFiles/Ink-Paper.elf.dir/Core/Src/stm32f1xx_hal_timebase_tim.c.obj
                0x08001444                HAL_InitTick
 .text.NMI_Handler
                0x080014d8        0x2 CMakeFiles/Ink-Paper.elf.dir/Core/Src/stm32f1xx_it.c.obj
                0x080014d8                NMI_Handler
 .text.HardFault_Handler
                0x080014da        0x2 CMakeFiles/Ink-Paper.elf.dir/Core/Src/stm32f1xx_it.c.obj
                0x080014da                HardFault_Handler
 .text.MemManage_Handler
                0x080014dc        0x2 CMakeFiles/Ink-Paper.elf.dir/Core/Src/stm32f1xx_it.c.obj
                0x080014dc                MemManage_Handler
 .text.BusFault_Handler
                0x080014de        0x2 CMakeFiles/Ink-Paper.elf.dir/Core/Src/stm32f1xx_it.c.obj
                0x080014de                BusFault_Handler
 .text.UsageFault_Handler
                0x080014e0        0x2 CMakeFiles/Ink-Paper.elf.dir/Core/Src/stm32f1xx_it.c.obj
                0x080014e0                UsageFault_Handler
 .text.DebugMon_Handler
                0x080014e2        0x2 CMakeFiles/Ink-Paper.elf.dir/Core/Src/stm32f1xx_it.c.obj
                0x080014e2                DebugMon_Handler
 .text.EXTI0_IRQHandler
                0x080014e4        0xa CMakeFiles/Ink-Paper.elf.dir/Core/Src/stm32f1xx_it.c.obj
                0x080014e4                EXTI0_IRQHandler
 *fill*         0x080014ee        0x2 
 .text.USB_LP_CAN1_RX0_IRQHandler
                0x080014f0       0x10 CMakeFiles/Ink-Paper.elf.dir/Core/Src/stm32f1xx_it.c.obj
                0x080014f0                USB_LP_CAN1_RX0_IRQHandler
 .text.TIM1_UP_IRQHandler
                0x08001500       0x10 CMakeFiles/Ink-Paper.elf.dir/Core/Src/stm32f1xx_it.c.obj
                0x08001500                TIM1_UP_IRQHandler
 .text.EXTI15_10_IRQHandler
                0x08001510        0xc CMakeFiles/Ink-Paper.elf.dir/Core/Src/stm32f1xx_it.c.obj
                0x08001510                EXTI15_10_IRQHandler
 .text.SDIO_IRQHandler
                0x0800151c       0x10 CMakeFiles/Ink-Paper.elf.dir/Core/Src/stm32f1xx_it.c.obj
                0x0800151c                SDIO_IRQHandler
 .text._getpid  0x0800152c        0x4 CMakeFiles/Ink-Paper.elf.dir/Core/Src/syscalls.c.obj
                0x0800152c                _getpid
 .text._kill    0x08001530       0x10 CMakeFiles/Ink-Paper.elf.dir/Core/Src/syscalls.c.obj
                0x08001530                _kill
 .text._exit    0x08001540        0xc CMakeFiles/Ink-Paper.elf.dir/Core/Src/syscalls.c.obj
                0x08001540                _exit
 .text._read    0x0800154c       0x20 CMakeFiles/Ink-Paper.elf.dir/Core/Src/syscalls.c.obj
                0x0800154c                _read
 .text._write   0x0800156c       0x1c CMakeFiles/Ink-Paper.elf.dir/Core/Src/syscalls.c.obj
                0x0800156c                _write
 .text._close   0x08001588        0x6 CMakeFiles/Ink-Paper.elf.dir/Core/Src/syscalls.c.obj
                0x08001588                _close
 .text._fstat   0x0800158e        0xa CMakeFiles/Ink-Paper.elf.dir/Core/Src/syscalls.c.obj
                0x0800158e                _fstat
 .text._isatty  0x08001598        0x4 CMakeFiles/Ink-Paper.elf.dir/Core/Src/syscalls.c.obj
                0x08001598                _isatty
 .text._lseek   0x0800159c        0x4 CMakeFiles/Ink-Paper.elf.dir/Core/Src/syscalls.c.obj
                0x0800159c                _lseek
 .text._sbrk    0x080015a0       0x48 CMakeFiles/Ink-Paper.elf.dir/Core/Src/sysmem.c.obj
                0x080015a0                _sbrk
 .text.SystemInit
                0x080015e8        0x2 CMakeFiles/Ink-Paper.elf.dir/Core/Src/system_stm32f1xx.c.obj
                0x080015e8                SystemInit
 *fill*         0x080015ea        0x2 
 .text.MX_USART1_UART_Init
                0x080015ec       0x34 CMakeFiles/Ink-Paper.elf.dir/Core/Src/usart.c.obj
                0x080015ec                MX_USART1_UART_Init
 .text.HAL_UART_MspInit
                0x08001620       0x78 CMakeFiles/Ink-Paper.elf.dir/Core/Src/usart.c.obj
                0x08001620                HAL_UART_MspInit
 .text.__io_putchar
                0x08001698       0x20 CMakeFiles/Ink-Paper.elf.dir/Core/Src/usart.c.obj
                0x08001698                __io_putchar
 .text.Reset_Handler
                0x080016b8       0x48 CMakeFiles/Ink-Paper.elf.dir/Core/Startup/startup_stm32f103vetx.s.obj
                0x080016b8                Reset_Handler
 .text.Default_Handler
                0x08001700        0x2 CMakeFiles/Ink-Paper.elf.dir/Core/Startup/startup_stm32f103vetx.s.obj
                0x08001700                RTC_Alarm_IRQHandler
                0x08001700                EXTI2_IRQHandler
                0x08001700                TIM8_TRG_COM_IRQHandler
                0x08001700                TIM8_CC_IRQHandler
                0x08001700                TIM1_CC_IRQHandler
                0x08001700                TIM6_IRQHandler
                0x08001700                PVD_IRQHandler
                0x08001700                EXTI3_IRQHandler
                0x08001700                I2C2_EV_IRQHandler
                0x08001700                ADC1_2_IRQHandler
                0x08001700                SPI1_IRQHandler
                0x08001700                TAMPER_IRQHandler
                0x08001700                TIM8_UP_IRQHandler
                0x08001700                DMA2_Channel2_IRQHandler
                0x08001700                DMA1_Channel4_IRQHandler
                0x08001700                USART3_IRQHandler
                0x08001700                RTC_IRQHandler
                0x08001700                DMA1_Channel7_IRQHandler
                0x08001700                CAN1_RX1_IRQHandler
                0x08001700                UART5_IRQHandler
                0x08001700                ADC3_IRQHandler
                0x08001700                TIM4_IRQHandler
                0x08001700                DMA2_Channel1_IRQHandler
                0x08001700                I2C1_EV_IRQHandler
                0x08001700                DMA1_Channel6_IRQHandler
                0x08001700                UART4_IRQHandler
                0x08001700                TIM3_IRQHandler
                0x08001700                RCC_IRQHandler
                0x08001700                TIM1_TRG_COM_IRQHandler
                0x08001700                DMA1_Channel1_IRQHandler
                0x08001700                Default_Handler
                0x08001700                TIM7_IRQHandler
                0x08001700                TIM5_IRQHandler
                0x08001700                EXTI9_5_IRQHandler
                0x08001700                SPI2_IRQHandler
                0x08001700                DMA1_Channel5_IRQHandler
                0x08001700                EXTI4_IRQHandler
                0x08001700                USB_HP_CAN1_TX_IRQHandler
                0x08001700                DMA1_Channel3_IRQHandler
                0x08001700                FSMC_IRQHandler
                0x08001700                WWDG_IRQHandler
                0x08001700                TIM2_IRQHandler
                0x08001700                TIM1_BRK_IRQHandler
                0x08001700                EXTI1_IRQHandler
                0x08001700                DMA2_Channel4_5_IRQHandler
                0x08001700                USART2_IRQHandler
                0x08001700                I2C2_ER_IRQHandler
                0x08001700                DMA1_Channel2_IRQHandler
                0x08001700                TIM8_BRK_IRQHandler
                0x08001700                CAN1_SCE_IRQHandler
                0x08001700                FLASH_IRQHandler
                0x08001700                USART1_IRQHandler
                0x08001700                SPI3_IRQHandler
                0x08001700                I2C1_ER_IRQHandler
                0x08001700                USBWakeUp_IRQHandler
                0x08001700                DMA2_Channel3_IRQHandler
 *fill*         0x08001702        0x2 
 .text.HAL_Init
                0x08001704       0x24 CMakeFiles/Ink-Paper.elf.dir/Drivers/STM32F1xx_HAL_Driver/Src/stm32f1xx_hal.c.obj
                0x08001704                HAL_Init
 .text.HAL_IncTick
                0x08001728       0x18 CMakeFiles/Ink-Paper.elf.dir/Drivers/STM32F1xx_HAL_Driver/Src/stm32f1xx_hal.c.obj
                0x08001728                HAL_IncTick
 .text.HAL_GetTick
                0x08001740        0xc CMakeFiles/Ink-Paper.elf.dir/Drivers/STM32F1xx_HAL_Driver/Src/stm32f1xx_hal.c.obj
                0x08001740                HAL_GetTick
 .text.HAL_Delay
                0x0800174c       0x28 CMakeFiles/Ink-Paper.elf.dir/Drivers/STM32F1xx_HAL_Driver/Src/stm32f1xx_hal.c.obj
                0x0800174c                HAL_Delay
 .text.__NVIC_SetPriority
                0x08001774       0x28 CMakeFiles/Ink-Paper.elf.dir/Drivers/STM32F1xx_HAL_Driver/Src/stm32f1xx_hal_cortex.c.obj
 .text.NVIC_EncodePriority
                0x0800179c       0x3e CMakeFiles/Ink-Paper.elf.dir/Drivers/STM32F1xx_HAL_Driver/Src/stm32f1xx_hal_cortex.c.obj
 *fill*         0x080017da        0x2 
 .text.HAL_NVIC_SetPriorityGrouping
                0x080017dc       0x24 CMakeFiles/Ink-Paper.elf.dir/Drivers/STM32F1xx_HAL_Driver/Src/stm32f1xx_hal_cortex.c.obj
                0x080017dc                HAL_NVIC_SetPriorityGrouping
 .text.HAL_NVIC_SetPriority
                0x08001800       0x20 CMakeFiles/Ink-Paper.elf.dir/Drivers/STM32F1xx_HAL_Driver/Src/stm32f1xx_hal_cortex.c.obj
                0x08001800                HAL_NVIC_SetPriority
 .text.HAL_NVIC_EnableIRQ
                0x08001820       0x1c CMakeFiles/Ink-Paper.elf.dir/Drivers/STM32F1xx_HAL_Driver/Src/stm32f1xx_hal_cortex.c.obj
                0x08001820                HAL_NVIC_EnableIRQ
 .text.HAL_DMA_Abort_IT
                0x0800183c      0x168 CMakeFiles/Ink-Paper.elf.dir/Drivers/STM32F1xx_HAL_Driver/Src/stm32f1xx_hal_dma.c.obj
                0x0800183c                HAL_DMA_Abort_IT
 .text.HAL_GPIO_Init
                0x080019a4      0x238 CMakeFiles/Ink-Paper.elf.dir/Drivers/STM32F1xx_HAL_Driver/Src/stm32f1xx_hal_gpio.c.obj
                0x080019a4                HAL_GPIO_Init
 .text.HAL_GPIO_ReadPin
                0x08001bdc        0xe CMakeFiles/Ink-Paper.elf.dir/Drivers/STM32F1xx_HAL_Driver/Src/stm32f1xx_hal_gpio.c.obj
                0x08001bdc                HAL_GPIO_ReadPin
 .text.HAL_GPIO_WritePin
                0x08001bea        0xc CMakeFiles/Ink-Paper.elf.dir/Drivers/STM32F1xx_HAL_Driver/Src/stm32f1xx_hal_gpio.c.obj
                0x08001bea                HAL_GPIO_WritePin
 *fill*         0x08001bf6        0x2 
 .text.HAL_GPIO_EXTI_IRQHandler
                0x08001bf8       0x1c CMakeFiles/Ink-Paper.elf.dir/Drivers/STM32F1xx_HAL_Driver/Src/stm32f1xx_hal_gpio.c.obj
                0x08001bf8                HAL_GPIO_EXTI_IRQHandler
 .text.HAL_PCD_EP_DB_Receive
                0x08001c14      0x11c CMakeFiles/Ink-Paper.elf.dir/Drivers/STM32F1xx_HAL_Driver/Src/stm32f1xx_hal_pcd.c.obj
 .text.HAL_PCD_Init
                0x08001d30      0x118 CMakeFiles/Ink-Paper.elf.dir/Drivers/STM32F1xx_HAL_Driver/Src/stm32f1xx_hal_pcd.c.obj
                0x08001d30                HAL_PCD_Init
 .text.HAL_PCD_Start
                0x08001e48       0x32 CMakeFiles/Ink-Paper.elf.dir/Drivers/STM32F1xx_HAL_Driver/Src/stm32f1xx_hal_pcd.c.obj
                0x08001e48                HAL_PCD_Start
 .text.HAL_PCD_EP_DB_Transmit
                0x08001e7a      0x420 CMakeFiles/Ink-Paper.elf.dir/Drivers/STM32F1xx_HAL_Driver/Src/stm32f1xx_hal_pcd.c.obj
 .text.PCD_EP_ISR_Handler
                0x0800229a      0x440 CMakeFiles/Ink-Paper.elf.dir/Drivers/STM32F1xx_HAL_Driver/Src/stm32f1xx_hal_pcd.c.obj
 .text.HAL_PCD_SetAddress
                0x080026da       0x28 CMakeFiles/Ink-Paper.elf.dir/Drivers/STM32F1xx_HAL_Driver/Src/stm32f1xx_hal_pcd.c.obj
                0x080026da                HAL_PCD_SetAddress
 .text.HAL_PCD_IRQHandler
                0x08002702      0x1d4 CMakeFiles/Ink-Paper.elf.dir/Drivers/STM32F1xx_HAL_Driver/Src/stm32f1xx_hal_pcd.c.obj
                0x08002702                HAL_PCD_IRQHandler
 .text.HAL_PCD_EP_Open
                0x080028d6       0x84 CMakeFiles/Ink-Paper.elf.dir/Drivers/STM32F1xx_HAL_Driver/Src/stm32f1xx_hal_pcd.c.obj
                0x080028d6                HAL_PCD_EP_Open
 .text.HAL_PCD_EP_Close
                0x0800295a       0x64 CMakeFiles/Ink-Paper.elf.dir/Drivers/STM32F1xx_HAL_Driver/Src/stm32f1xx_hal_pcd.c.obj
                0x0800295a                HAL_PCD_EP_Close
 .text.HAL_PCD_EP_Receive
                0x080029be       0x44 CMakeFiles/Ink-Paper.elf.dir/Drivers/STM32F1xx_HAL_Driver/Src/stm32f1xx_hal_pcd.c.obj
                0x080029be                HAL_PCD_EP_Receive
 .text.HAL_PCD_EP_GetRxCount
                0x08002a02       0x12 CMakeFiles/Ink-Paper.elf.dir/Drivers/STM32F1xx_HAL_Driver/Src/stm32f1xx_hal_pcd.c.obj
                0x08002a02                HAL_PCD_EP_GetRxCount
 .text.HAL_PCD_EP_Transmit
                0x08002a14       0x50 CMakeFiles/Ink-Paper.elf.dir/Drivers/STM32F1xx_HAL_Driver/Src/stm32f1xx_hal_pcd.c.obj
                0x08002a14                HAL_PCD_EP_Transmit
 .text.HAL_PCD_EP_SetStall
                0x08002a64       0x78 CMakeFiles/Ink-Paper.elf.dir/Drivers/STM32F1xx_HAL_Driver/Src/stm32f1xx_hal_pcd.c.obj
                0x08002a64                HAL_PCD_EP_SetStall
 .text.HAL_PCD_EP_ClrStall
                0x08002adc       0x76 CMakeFiles/Ink-Paper.elf.dir/Drivers/STM32F1xx_HAL_Driver/Src/stm32f1xx_hal_pcd.c.obj
                0x08002adc                HAL_PCD_EP_ClrStall
 .text.HAL_PCD_EP_Flush
                0x08002b52       0x36 CMakeFiles/Ink-Paper.elf.dir/Drivers/STM32F1xx_HAL_Driver/Src/stm32f1xx_hal_pcd.c.obj
                0x08002b52                HAL_PCD_EP_Flush
 .text.HAL_PCDEx_PMAConfig
                0x08002b88       0x38 CMakeFiles/Ink-Paper.elf.dir/Drivers/STM32F1xx_HAL_Driver/Src/stm32f1xx_hal_pcd_ex.c.obj
                0x08002b88                HAL_PCDEx_PMAConfig
 .text.RCC_Delay
                0x08002bc0       0x2c CMakeFiles/Ink-Paper.elf.dir/Drivers/STM32F1xx_HAL_Driver/Src/stm32f1xx_hal_rcc.c.obj
 .text.HAL_RCC_OscConfig
                0x08002bec      0x410 CMakeFiles/Ink-Paper.elf.dir/Drivers/STM32F1xx_HAL_Driver/Src/stm32f1xx_hal_rcc.c.obj
                0x08002bec                HAL_RCC_OscConfig
 .text.HAL_RCC_GetSysClockFreq
                0x08002ffc       0x70 CMakeFiles/Ink-Paper.elf.dir/Drivers/STM32F1xx_HAL_Driver/Src/stm32f1xx_hal_rcc.c.obj
                0x08002ffc                HAL_RCC_GetSysClockFreq
 .text.HAL_RCC_ClockConfig
                0x0800306c      0x16c CMakeFiles/Ink-Paper.elf.dir/Drivers/STM32F1xx_HAL_Driver/Src/stm32f1xx_hal_rcc.c.obj
                0x0800306c                HAL_RCC_ClockConfig
 .text.HAL_RCC_GetHCLKFreq
                0x080031d8        0xc CMakeFiles/Ink-Paper.elf.dir/Drivers/STM32F1xx_HAL_Driver/Src/stm32f1xx_hal_rcc.c.obj
                0x080031d8                HAL_RCC_GetHCLKFreq
 .text.HAL_RCC_GetPCLK1Freq
                0x080031e4       0x20 CMakeFiles/Ink-Paper.elf.dir/Drivers/STM32F1xx_HAL_Driver/Src/stm32f1xx_hal_rcc.c.obj
                0x080031e4                HAL_RCC_GetPCLK1Freq
 .text.HAL_RCC_GetPCLK2Freq
                0x08003204       0x20 CMakeFiles/Ink-Paper.elf.dir/Drivers/STM32F1xx_HAL_Driver/Src/stm32f1xx_hal_rcc.c.obj
                0x08003204                HAL_RCC_GetPCLK2Freq
 .text.HAL_RCC_GetClockConfig
                0x08003224       0x3c CMakeFiles/Ink-Paper.elf.dir/Drivers/STM32F1xx_HAL_Driver/Src/stm32f1xx_hal_rcc.c.obj
                0x08003224                HAL_RCC_GetClockConfig
 .text.HAL_RCCEx_PeriphCLKConfig
                0x08003260      0x118 CMakeFiles/Ink-Paper.elf.dir/Drivers/STM32F1xx_HAL_Driver/Src/stm32f1xx_hal_rcc_ex.c.obj
                0x08003260                HAL_RCCEx_PeriphCLKConfig
 .text.SD_PowerON
                0x08003378       0xc0 CMakeFiles/Ink-Paper.elf.dir/Drivers/STM32F1xx_HAL_Driver/Src/stm32f1xx_hal_sd.c.obj
 .text.SD_Read_IT
                0x08003438       0x38 CMakeFiles/Ink-Paper.elf.dir/Drivers/STM32F1xx_HAL_Driver/Src/stm32f1xx_hal_sd.c.obj
 .text.SD_Write_IT
                0x08003470       0x48 CMakeFiles/Ink-Paper.elf.dir/Drivers/STM32F1xx_HAL_Driver/Src/stm32f1xx_hal_sd.c.obj
 .text.SD_FindSCR
                0x080034b8      0x100 CMakeFiles/Ink-Paper.elf.dir/Drivers/STM32F1xx_HAL_Driver/Src/stm32f1xx_hal_sd.c.obj
 .text.SD_WideBus_Enable
                0x080035b8       0x4e CMakeFiles/Ink-Paper.elf.dir/Drivers/STM32F1xx_HAL_Driver/Src/stm32f1xx_hal_sd.c.obj
 .text.SD_WideBus_Disable
                0x08003606       0x4e CMakeFiles/Ink-Paper.elf.dir/Drivers/STM32F1xx_HAL_Driver/Src/stm32f1xx_hal_sd.c.obj
 .text.SD_SendStatus
                0x08003654       0x2c CMakeFiles/Ink-Paper.elf.dir/Drivers/STM32F1xx_HAL_Driver/Src/stm32f1xx_hal_sd.c.obj
 .text.HAL_SD_ReadBlocks
                0x08003680      0x248 CMakeFiles/Ink-Paper.elf.dir/Drivers/STM32F1xx_HAL_Driver/Src/stm32f1xx_hal_sd.c.obj
                0x08003680                HAL_SD_ReadBlocks
 .text.HAL_SD_WriteBlocks
                0x080038c8      0x204 CMakeFiles/Ink-Paper.elf.dir/Drivers/STM32F1xx_HAL_Driver/Src/stm32f1xx_hal_sd.c.obj
                0x080038c8                HAL_SD_WriteBlocks
 .text.HAL_SD_GetState
                0x08003acc        0x6 CMakeFiles/Ink-Paper.elf.dir/Drivers/STM32F1xx_HAL_Driver/Src/stm32f1xx_hal_sd.c.obj
                0x08003acc                HAL_SD_GetState
 .text.HAL_SD_ErrorCallback
                0x08003ad2        0x2 CMakeFiles/Ink-Paper.elf.dir/Drivers/STM32F1xx_HAL_Driver/Src/stm32f1xx_hal_sd.c.obj
                0x08003ad2                HAL_SD_ErrorCallback
 .text.HAL_SD_GetCardCSD
                0x08003ad4      0x1b8 CMakeFiles/Ink-Paper.elf.dir/Drivers/STM32F1xx_HAL_Driver/Src/stm32f1xx_hal_sd.c.obj
                0x08003ad4                HAL_SD_GetCardCSD
 .text.SD_InitCard
                0x08003c8c      0x100 CMakeFiles/Ink-Paper.elf.dir/Drivers/STM32F1xx_HAL_Driver/Src/stm32f1xx_hal_sd.c.obj
 .text.HAL_SD_InitCard
                0x08003d8c       0xa0 CMakeFiles/Ink-Paper.elf.dir/Drivers/STM32F1xx_HAL_Driver/Src/stm32f1xx_hal_sd.c.obj
                0x08003d8c                HAL_SD_InitCard
 .text.HAL_SD_Init
                0x08003e2c       0x36 CMakeFiles/Ink-Paper.elf.dir/Drivers/STM32F1xx_HAL_Driver/Src/stm32f1xx_hal_sd.c.obj
                0x08003e2c                HAL_SD_Init
 .text.HAL_SD_GetCardInfo
                0x08003e62       0x24 CMakeFiles/Ink-Paper.elf.dir/Drivers/STM32F1xx_HAL_Driver/Src/stm32f1xx_hal_sd.c.obj
                0x08003e62                HAL_SD_GetCardInfo
 *fill*         0x08003e86        0x2 
 .text.HAL_SD_ConfigWideBusOperation
                0x08003e88       0xc0 CMakeFiles/Ink-Paper.elf.dir/Drivers/STM32F1xx_HAL_Driver/Src/stm32f1xx_hal_sd.c.obj
                0x08003e88                HAL_SD_ConfigWideBusOperation
 .text.HAL_SD_GetCardState
                0x08003f48       0x22 CMakeFiles/Ink-Paper.elf.dir/Drivers/STM32F1xx_HAL_Driver/Src/stm32f1xx_hal_sd.c.obj
                0x08003f48                HAL_SD_GetCardState
 .text.SD_DMATxAbort
                0x08003f6a       0x44 CMakeFiles/Ink-Paper.elf.dir/Drivers/STM32F1xx_HAL_Driver/Src/stm32f1xx_hal_sd.c.obj
 .text.SD_DMARxAbort
                0x08003fae       0x44 CMakeFiles/Ink-Paper.elf.dir/Drivers/STM32F1xx_HAL_Driver/Src/stm32f1xx_hal_sd.c.obj
 *fill*         0x08003ff2        0x2 
 .text.HAL_SD_IRQHandler
                0x08003ff4      0x1cc CMakeFiles/Ink-Paper.elf.dir/Drivers/STM32F1xx_HAL_Driver/Src/stm32f1xx_hal_sd.c.obj
                0x08003ff4                HAL_SD_IRQHandler
 .text.SPI_WaitFlagStateUntilTimeout
                0x080041c0       0xc8 CMakeFiles/Ink-Paper.elf.dir/Drivers/STM32F1xx_HAL_Driver/Src/stm32f1xx_hal_spi.c.obj
 .text.SPI_EndRxTxTransaction
                0x08004288       0x24 CMakeFiles/Ink-Paper.elf.dir/Drivers/STM32F1xx_HAL_Driver/Src/stm32f1xx_hal_spi.c.obj
 .text.HAL_SPI_Init
                0x080042ac       0xb6 CMakeFiles/Ink-Paper.elf.dir/Drivers/STM32F1xx_HAL_Driver/Src/stm32f1xx_hal_spi.c.obj
                0x080042ac                HAL_SPI_Init
 .text.HAL_SPI_Transmit
                0x08004362      0x1b8 CMakeFiles/Ink-Paper.elf.dir/Drivers/STM32F1xx_HAL_Driver/Src/stm32f1xx_hal_spi.c.obj
                0x08004362                HAL_SPI_Transmit
 .text.HAL_TIM_Base_MspInit
                0x0800451a        0x2 CMakeFiles/Ink-Paper.elf.dir/Drivers/STM32F1xx_HAL_Driver/Src/stm32f1xx_hal_tim.c.obj
                0x0800451a                HAL_TIM_Base_MspInit
 .text.HAL_TIM_Base_Start_IT
                0x0800451c       0x78 CMakeFiles/Ink-Paper.elf.dir/Drivers/STM32F1xx_HAL_Driver/Src/stm32f1xx_hal_tim.c.obj
                0x0800451c                HAL_TIM_Base_Start_IT
 .text.HAL_TIM_OC_DelayElapsedCallback
                0x08004594        0x2 CMakeFiles/Ink-Paper.elf.dir/Drivers/STM32F1xx_HAL_Driver/Src/stm32f1xx_hal_tim.c.obj
                0x08004594                HAL_TIM_OC_DelayElapsedCallback
 .text.HAL_TIM_IC_CaptureCallback
                0x08004596        0x2 CMakeFiles/Ink-Paper.elf.dir/Drivers/STM32F1xx_HAL_Driver/Src/stm32f1xx_hal_tim.c.obj
                0x08004596                HAL_TIM_IC_CaptureCallback
 .text.HAL_TIM_PWM_PulseFinishedCallback
                0x08004598        0x2 CMakeFiles/Ink-Paper.elf.dir/Drivers/STM32F1xx_HAL_Driver/Src/stm32f1xx_hal_tim.c.obj
                0x08004598                HAL_TIM_PWM_PulseFinishedCallback
 .text.HAL_TIM_TriggerCallback
                0x0800459a        0x2 CMakeFiles/Ink-Paper.elf.dir/Drivers/STM32F1xx_HAL_Driver/Src/stm32f1xx_hal_tim.c.obj
                0x0800459a                HAL_TIM_TriggerCallback
 .text.HAL_TIM_IRQHandler
                0x0800459c      0x17a CMakeFiles/Ink-Paper.elf.dir/Drivers/STM32F1xx_HAL_Driver/Src/stm32f1xx_hal_tim.c.obj
                0x0800459c                HAL_TIM_IRQHandler
 *fill*         0x08004716        0x2 
 .text.TIM_Base_SetConfig
                0x08004718       0x98 CMakeFiles/Ink-Paper.elf.dir/Drivers/STM32F1xx_HAL_Driver/Src/stm32f1xx_hal_tim.c.obj
                0x08004718                TIM_Base_SetConfig
 .text.HAL_TIM_Base_Init
                0x080047b0       0x58 CMakeFiles/Ink-Paper.elf.dir/Drivers/STM32F1xx_HAL_Driver/Src/stm32f1xx_hal_tim.c.obj
                0x080047b0                HAL_TIM_Base_Init
 .text.HAL_TIMEx_CommutCallback
                0x08004808        0x2 CMakeFiles/Ink-Paper.elf.dir/Drivers/STM32F1xx_HAL_Driver/Src/stm32f1xx_hal_tim_ex.c.obj
                0x08004808                HAL_TIMEx_CommutCallback
 .text.HAL_TIMEx_BreakCallback
                0x0800480a        0x2 CMakeFiles/Ink-Paper.elf.dir/Drivers/STM32F1xx_HAL_Driver/Src/stm32f1xx_hal_tim_ex.c.obj
                0x0800480a                HAL_TIMEx_BreakCallback
 .text.UART_SetConfig
                0x0800480c       0x94 CMakeFiles/Ink-Paper.elf.dir/Drivers/STM32F1xx_HAL_Driver/Src/stm32f1xx_hal_uart.c.obj
 .text.UART_WaitOnFlagUntilTimeout
                0x080048a0       0x68 CMakeFiles/Ink-Paper.elf.dir/Drivers/STM32F1xx_HAL_Driver/Src/stm32f1xx_hal_uart.c.obj
 .text.HAL_UART_Init
                0x08004908       0x5e CMakeFiles/Ink-Paper.elf.dir/Drivers/STM32F1xx_HAL_Driver/Src/stm32f1xx_hal_uart.c.obj
                0x08004908                HAL_UART_Init
 .text.HAL_UART_Transmit
                0x08004966       0xd8 CMakeFiles/Ink-Paper.elf.dir/Drivers/STM32F1xx_HAL_Driver/Src/stm32f1xx_hal_uart.c.obj
                0x08004966                HAL_UART_Transmit
 *fill*         0x08004a3e        0x2 
 .text.SDMMC_GetCmdError
                0x08004a40       0x38 CMakeFiles/Ink-Paper.elf.dir/Drivers/STM32F1xx_HAL_Driver/Src/stm32f1xx_ll_sdmmc.c.obj
 .text.SDMMC_GetCmdResp2
                0x08004a78       0x5c CMakeFiles/Ink-Paper.elf.dir/Drivers/STM32F1xx_HAL_Driver/Src/stm32f1xx_ll_sdmmc.c.obj
 .text.SDMMC_GetCmdResp3
                0x08004ad4       0x4c CMakeFiles/Ink-Paper.elf.dir/Drivers/STM32F1xx_HAL_Driver/Src/stm32f1xx_ll_sdmmc.c.obj
 .text.SDMMC_GetCmdResp7
                0x08004b20       0x64 CMakeFiles/Ink-Paper.elf.dir/Drivers/STM32F1xx_HAL_Driver/Src/stm32f1xx_ll_sdmmc.c.obj
 .text.SDIO_Init
                0x08004b84       0x32 CMakeFiles/Ink-Paper.elf.dir/Drivers/STM32F1xx_HAL_Driver/Src/stm32f1xx_ll_sdmmc.c.obj
                0x08004b84                SDIO_Init
 .text.SDIO_ReadFIFO
                0x08004bb6        0x6 CMakeFiles/Ink-Paper.elf.dir/Drivers/STM32F1xx_HAL_Driver/Src/stm32f1xx_ll_sdmmc.c.obj
                0x08004bb6                SDIO_ReadFIFO
 .text.SDIO_WriteFIFO
                0x08004bbc        0xa CMakeFiles/Ink-Paper.elf.dir/Drivers/STM32F1xx_HAL_Driver/Src/stm32f1xx_ll_sdmmc.c.obj
                0x08004bbc                SDIO_WriteFIFO
 .text.SDIO_PowerState_ON
                0x08004bc6       0x10 CMakeFiles/Ink-Paper.elf.dir/Drivers/STM32F1xx_HAL_Driver/Src/stm32f1xx_ll_sdmmc.c.obj
                0x08004bc6                SDIO_PowerState_ON
 .text.SDIO_GetPowerState
                0x08004bd6        0x8 CMakeFiles/Ink-Paper.elf.dir/Drivers/STM32F1xx_HAL_Driver/Src/stm32f1xx_ll_sdmmc.c.obj
                0x08004bd6                SDIO_GetPowerState
 .text.SDIO_SendCommand
                0x08004bde       0x24 CMakeFiles/Ink-Paper.elf.dir/Drivers/STM32F1xx_HAL_Driver/Src/stm32f1xx_ll_sdmmc.c.obj
                0x08004bde                SDIO_SendCommand
 .text.SDIO_GetCommandResponse
                0x08004c02        0x6 CMakeFiles/Ink-Paper.elf.dir/Drivers/STM32F1xx_HAL_Driver/Src/stm32f1xx_ll_sdmmc.c.obj
                0x08004c02                SDIO_GetCommandResponse
 .text.SDIO_GetResponse
                0x08004c08        0x6 CMakeFiles/Ink-Paper.elf.dir/Drivers/STM32F1xx_HAL_Driver/Src/stm32f1xx_ll_sdmmc.c.obj
                0x08004c08                SDIO_GetResponse
 *fill*         0x08004c0e        0x2 
 .text.SDMMC_GetCmdResp1
                0x08004c10      0x154 CMakeFiles/Ink-Paper.elf.dir/Drivers/STM32F1xx_HAL_Driver/Src/stm32f1xx_ll_sdmmc.c.obj
 .text.SDMMC_GetCmdResp6
                0x08004d64       0xa0 CMakeFiles/Ink-Paper.elf.dir/Drivers/STM32F1xx_HAL_Driver/Src/stm32f1xx_ll_sdmmc.c.obj
 .text.SDIO_ConfigData
                0x08004e04       0x24 CMakeFiles/Ink-Paper.elf.dir/Drivers/STM32F1xx_HAL_Driver/Src/stm32f1xx_ll_sdmmc.c.obj
                0x08004e04                SDIO_ConfigData
 .text.SDMMC_CmdBlockLength
                0x08004e28       0x30 CMakeFiles/Ink-Paper.elf.dir/Drivers/STM32F1xx_HAL_Driver/Src/stm32f1xx_ll_sdmmc.c.obj
                0x08004e28                SDMMC_CmdBlockLength
 .text.SDMMC_CmdReadSingleBlock
                0x08004e58       0x30 CMakeFiles/Ink-Paper.elf.dir/Drivers/STM32F1xx_HAL_Driver/Src/stm32f1xx_ll_sdmmc.c.obj
                0x08004e58                SDMMC_CmdReadSingleBlock
 .text.SDMMC_CmdReadMultiBlock
                0x08004e88       0x30 CMakeFiles/Ink-Paper.elf.dir/Drivers/STM32F1xx_HAL_Driver/Src/stm32f1xx_ll_sdmmc.c.obj
                0x08004e88                SDMMC_CmdReadMultiBlock
 .text.SDMMC_CmdWriteSingleBlock
                0x08004eb8       0x30 CMakeFiles/Ink-Paper.elf.dir/Drivers/STM32F1xx_HAL_Driver/Src/stm32f1xx_ll_sdmmc.c.obj
                0x08004eb8                SDMMC_CmdWriteSingleBlock
 .text.SDMMC_CmdWriteMultiBlock
                0x08004ee8       0x30 CMakeFiles/Ink-Paper.elf.dir/Drivers/STM32F1xx_HAL_Driver/Src/stm32f1xx_ll_sdmmc.c.obj
                0x08004ee8                SDMMC_CmdWriteMultiBlock
 .text.SDMMC_CmdStopTransfer
                0x08004f18       0x34 CMakeFiles/Ink-Paper.elf.dir/Drivers/STM32F1xx_HAL_Driver/Src/stm32f1xx_ll_sdmmc.c.obj
                0x08004f18                SDMMC_CmdStopTransfer
 .text.SDMMC_CmdSelDesel
                0x08004f4c       0x30 CMakeFiles/Ink-Paper.elf.dir/Drivers/STM32F1xx_HAL_Driver/Src/stm32f1xx_ll_sdmmc.c.obj
                0x08004f4c                SDMMC_CmdSelDesel
 .text.SDMMC_CmdGoIdleState
                0x08004f7c       0x26 CMakeFiles/Ink-Paper.elf.dir/Drivers/STM32F1xx_HAL_Driver/Src/stm32f1xx_ll_sdmmc.c.obj
                0x08004f7c                SDMMC_CmdGoIdleState
 .text.SDMMC_CmdOperCond
                0x08004fa2       0x2e CMakeFiles/Ink-Paper.elf.dir/Drivers/STM32F1xx_HAL_Driver/Src/stm32f1xx_ll_sdmmc.c.obj
                0x08004fa2                SDMMC_CmdOperCond
 .text.SDMMC_CmdAppCommand
                0x08004fd0       0x30 CMakeFiles/Ink-Paper.elf.dir/Drivers/STM32F1xx_HAL_Driver/Src/stm32f1xx_ll_sdmmc.c.obj
                0x08004fd0                SDMMC_CmdAppCommand
 .text.SDMMC_CmdAppOperCommand
                0x08005000       0x32 CMakeFiles/Ink-Paper.elf.dir/Drivers/STM32F1xx_HAL_Driver/Src/stm32f1xx_ll_sdmmc.c.obj
                0x08005000                SDMMC_CmdAppOperCommand
 .text.SDMMC_CmdBusWidth
                0x08005032       0x30 CMakeFiles/Ink-Paper.elf.dir/Drivers/STM32F1xx_HAL_Driver/Src/stm32f1xx_ll_sdmmc.c.obj
                0x08005032                SDMMC_CmdBusWidth
 .text.SDMMC_CmdSendSCR
                0x08005062       0x30 CMakeFiles/Ink-Paper.elf.dir/Drivers/STM32F1xx_HAL_Driver/Src/stm32f1xx_ll_sdmmc.c.obj
                0x08005062                SDMMC_CmdSendSCR
 .text.SDMMC_CmdSendCID
                0x08005092       0x2a CMakeFiles/Ink-Paper.elf.dir/Drivers/STM32F1xx_HAL_Driver/Src/stm32f1xx_ll_sdmmc.c.obj
                0x08005092                SDMMC_CmdSendCID
 .text.SDMMC_CmdSendCSD
                0x080050bc       0x2a CMakeFiles/Ink-Paper.elf.dir/Drivers/STM32F1xx_HAL_Driver/Src/stm32f1xx_ll_sdmmc.c.obj
                0x080050bc                SDMMC_CmdSendCSD
 .text.SDMMC_CmdSetRelAdd
                0x080050e6       0x30 CMakeFiles/Ink-Paper.elf.dir/Drivers/STM32F1xx_HAL_Driver/Src/stm32f1xx_ll_sdmmc.c.obj
                0x080050e6                SDMMC_CmdSetRelAdd
 .text.SDMMC_CmdSendStatus
                0x08005116       0x30 CMakeFiles/Ink-Paper.elf.dir/Drivers/STM32F1xx_HAL_Driver/Src/stm32f1xx_ll_sdmmc.c.obj
                0x08005116                SDMMC_CmdSendStatus
 .text.USB_CoreInit
                0x08005146        0xe CMakeFiles/Ink-Paper.elf.dir/Drivers/STM32F1xx_HAL_Driver/Src/stm32f1xx_ll_usb.c.obj
                0x08005146                USB_CoreInit
 .text.USB_EnableGlobalInt
                0x08005154       0x12 CMakeFiles/Ink-Paper.elf.dir/Drivers/STM32F1xx_HAL_Driver/Src/stm32f1xx_ll_usb.c.obj
                0x08005154                USB_EnableGlobalInt
 .text.USB_DisableGlobalInt
                0x08005166       0x14 CMakeFiles/Ink-Paper.elf.dir/Drivers/STM32F1xx_HAL_Driver/Src/stm32f1xx_ll_usb.c.obj
                0x08005166                USB_DisableGlobalInt
 .text.USB_SetCurrentMode
                0x0800517a        0x4 CMakeFiles/Ink-Paper.elf.dir/Drivers/STM32F1xx_HAL_Driver/Src/stm32f1xx_ll_usb.c.obj
                0x0800517a                USB_SetCurrentMode
 .text.USB_DevInit
                0x0800517e       0x22 CMakeFiles/Ink-Paper.elf.dir/Drivers/STM32F1xx_HAL_Driver/Src/stm32f1xx_ll_usb.c.obj
                0x0800517e                USB_DevInit
 .text.USB_FlushTxFifo
                0x080051a0        0x4 CMakeFiles/Ink-Paper.elf.dir/Drivers/STM32F1xx_HAL_Driver/Src/stm32f1xx_ll_usb.c.obj
                0x080051a0                USB_FlushTxFifo
 .text.USB_FlushRxFifo
                0x080051a4        0x4 CMakeFiles/Ink-Paper.elf.dir/Drivers/STM32F1xx_HAL_Driver/Src/stm32f1xx_ll_usb.c.obj
                0x080051a4                USB_FlushRxFifo
 .text.USB_ActivateEndpoint
                0x080051a8      0x378 CMakeFiles/Ink-Paper.elf.dir/Drivers/STM32F1xx_HAL_Driver/Src/stm32f1xx_ll_usb.c.obj
                0x080051a8                USB_ActivateEndpoint
 .text.USB_DeactivateEndpoint
                0x08005520      0x1d6 CMakeFiles/Ink-Paper.elf.dir/Drivers/STM32F1xx_HAL_Driver/Src/stm32f1xx_ll_usb.c.obj
                0x08005520                USB_DeactivateEndpoint
 .text.USB_EPSetStall
                0x080056f6       0x4a CMakeFiles/Ink-Paper.elf.dir/Drivers/STM32F1xx_HAL_Driver/Src/stm32f1xx_ll_usb.c.obj
                0x080056f6                USB_EPSetStall
 .text.USB_EPClearStall
                0x08005740       0xa2 CMakeFiles/Ink-Paper.elf.dir/Drivers/STM32F1xx_HAL_Driver/Src/stm32f1xx_ll_usb.c.obj
                0x08005740                USB_EPClearStall
 .text.USB_SetDevAddress
                0x080057e2        0xc CMakeFiles/Ink-Paper.elf.dir/Drivers/STM32F1xx_HAL_Driver/Src/stm32f1xx_ll_usb.c.obj
                0x080057e2                USB_SetDevAddress
 .text.USB_DevConnect
                0x080057ee        0x4 CMakeFiles/Ink-Paper.elf.dir/Drivers/STM32F1xx_HAL_Driver/Src/stm32f1xx_ll_usb.c.obj
                0x080057ee                USB_DevConnect
 .text.USB_DevDisconnect
                0x080057f2        0x4 CMakeFiles/Ink-Paper.elf.dir/Drivers/STM32F1xx_HAL_Driver/Src/stm32f1xx_ll_usb.c.obj
                0x080057f2                USB_DevDisconnect
 .text.USB_ReadInterrupts
                0x080057f6        0x8 CMakeFiles/Ink-Paper.elf.dir/Drivers/STM32F1xx_HAL_Driver/Src/stm32f1xx_ll_usb.c.obj
                0x080057f6                USB_ReadInterrupts
 .text.USB_EP0_OutStart
                0x080057fe        0x4 CMakeFiles/Ink-Paper.elf.dir/Drivers/STM32F1xx_HAL_Driver/Src/stm32f1xx_ll_usb.c.obj
                0x080057fe                USB_EP0_OutStart
 .text.USB_WritePMA
                0x08005802       0x26 CMakeFiles/Ink-Paper.elf.dir/Drivers/STM32F1xx_HAL_Driver/Src/stm32f1xx_ll_usb.c.obj
                0x08005802                USB_WritePMA
 .text.USB_EPStartXfer
                0x08005828      0x8b2 CMakeFiles/Ink-Paper.elf.dir/Drivers/STM32F1xx_HAL_Driver/Src/stm32f1xx_ll_usb.c.obj
                0x08005828                USB_EPStartXfer
 .text.USB_ReadPMA
                0x080060da       0x30 CMakeFiles/Ink-Paper.elf.dir/Drivers/STM32F1xx_HAL_Driver/Src/stm32f1xx_ll_usb.c.obj
                0x080060da                USB_ReadPMA
 *fill*         0x0800610a        0x2 
 .text.MX_FATFS_Init
                0x0800610c       0x1c CMakeFiles/Ink-Paper.elf.dir/FATFS/App/fatfs.c.obj
                0x0800610c                MX_FATFS_Init
 .text.get_fattime
                0x08006128        0x4 CMakeFiles/Ink-Paper.elf.dir/FATFS/App/fatfs.c.obj
                0x08006128                get_fattime
 .text.BSP_SD_ReadBlocks
                0x0800612c       0x20 CMakeFiles/Ink-Paper.elf.dir/FATFS/Target/bsp_driver_sd.c.obj
                0x0800612c                BSP_SD_ReadBlocks
 .text.BSP_SD_WriteBlocks
                0x0800614c       0x20 CMakeFiles/Ink-Paper.elf.dir/FATFS/Target/bsp_driver_sd.c.obj
                0x0800614c                BSP_SD_WriteBlocks
 .text.BSP_SD_GetCardState
                0x0800616c       0x14 CMakeFiles/Ink-Paper.elf.dir/FATFS/Target/bsp_driver_sd.c.obj
                0x0800616c                BSP_SD_GetCardState
 .text.BSP_SD_GetCardInfo
                0x08006180       0x10 CMakeFiles/Ink-Paper.elf.dir/FATFS/Target/bsp_driver_sd.c.obj
                0x08006180                BSP_SD_GetCardInfo
 .text.BSP_SD_AbortCallback
                0x08006190        0x2 CMakeFiles/Ink-Paper.elf.dir/FATFS/Target/bsp_driver_sd.c.obj
                0x08006190                BSP_SD_AbortCallback
 .text.HAL_SD_AbortCallback
                0x08006192        0x8 CMakeFiles/Ink-Paper.elf.dir/FATFS/Target/bsp_driver_sd.c.obj
                0x08006192                HAL_SD_AbortCallback
 .text.BSP_SD_WriteCpltCallback
                0x0800619a        0x2 CMakeFiles/Ink-Paper.elf.dir/FATFS/Target/bsp_driver_sd.c.obj
                0x0800619a                BSP_SD_WriteCpltCallback
 .text.HAL_SD_TxCpltCallback
                0x0800619c        0x8 CMakeFiles/Ink-Paper.elf.dir/FATFS/Target/bsp_driver_sd.c.obj
                0x0800619c                HAL_SD_TxCpltCallback
 .text.BSP_SD_ReadCpltCallback
                0x080061a4        0x2 CMakeFiles/Ink-Paper.elf.dir/FATFS/Target/bsp_driver_sd.c.obj
                0x080061a4                BSP_SD_ReadCpltCallback
 .text.HAL_SD_RxCpltCallback
                0x080061a6        0x8 CMakeFiles/Ink-Paper.elf.dir/FATFS/Target/bsp_driver_sd.c.obj
                0x080061a6                HAL_SD_RxCpltCallback
 .text.BSP_SD_IsDetected
                0x080061ae       0x10 CMakeFiles/Ink-Paper.elf.dir/FATFS/Target/bsp_driver_sd.c.obj
                0x080061ae                BSP_SD_IsDetected
 *fill*         0x080061be        0x2 
 .text.BSP_SD_Init
                0x080061c0       0x34 CMakeFiles/Ink-Paper.elf.dir/FATFS/Target/bsp_driver_sd.c.obj
                0x080061c0                BSP_SD_Init
 .text.disp_flush
                0x080061f4       0x68 CMakeFiles/Ink-Paper.elf.dir/Lib/Lvgl/porting/lv_port_disp.c.obj
 .text.lv_port_disp_init
                0x0800625c       0x40 CMakeFiles/Ink-Paper.elf.dir/Lib/Lvgl/porting/lv_port_disp.c.obj
                0x0800625c                lv_port_disp_init
 .text.fs_tell  0x0800629c       0x14 CMakeFiles/Ink-Paper.elf.dir/Lib/Lvgl/porting/lv_port_fs.c.obj
 .text.fs_dir_read
                0x080062b0       0x2e CMakeFiles/Ink-Paper.elf.dir/Lib/Lvgl/porting/lv_port_fs.c.obj
 *fill*         0x080062de        0x2 
 .text.fs_dir_open
                0x080062e0       0x18 CMakeFiles/Ink-Paper.elf.dir/Lib/Lvgl/porting/lv_port_fs.c.obj
 .text.fs_dir_close
                0x080062f8       0x10 CMakeFiles/Ink-Paper.elf.dir/Lib/Lvgl/porting/lv_port_fs.c.obj
 .text.fs_seek  0x08006308       0x2a CMakeFiles/Ink-Paper.elf.dir/Lib/Lvgl/porting/lv_port_fs.c.obj
 .text.fs_write
                0x08006332       0x16 CMakeFiles/Ink-Paper.elf.dir/Lib/Lvgl/porting/lv_port_fs.c.obj
 .text.fs_read  0x08006348       0x16 CMakeFiles/Ink-Paper.elf.dir/Lib/Lvgl/porting/lv_port_fs.c.obj
 .text.fs_close
                0x0800635e       0x10 CMakeFiles/Ink-Paper.elf.dir/Lib/Lvgl/porting/lv_port_fs.c.obj
 *fill*         0x0800636e        0x2 
 .text.fs_open  0x08006370       0x3c CMakeFiles/Ink-Paper.elf.dir/Lib/Lvgl/porting/lv_port_fs.c.obj
 .text.lv_port_fs_init
                0x080063ac       0x64 CMakeFiles/Ink-Paper.elf.dir/Lib/Lvgl/porting/lv_port_fs.c.obj
                0x080063ac                lv_port_fs_init
 .text.encoder_read
                0x08006410       0x1c CMakeFiles/Ink-Paper.elf.dir/Lib/Lvgl/porting/lv_port_indev.c.obj
 .text.encoder_handler
                0x0800642c       0x5c CMakeFiles/Ink-Paper.elf.dir/Lib/Lvgl/porting/lv_port_indev.c.obj
 .text.lv_port_indev_init
                0x08006488       0x2c CMakeFiles/Ink-Paper.elf.dir/Lib/Lvgl/porting/lv_port_indev.c.obj
                0x08006488                lv_port_indev_init
 .text.HAL_GPIO_EXTI_Callback
                0x080064b4        0x8 CMakeFiles/Ink-Paper.elf.dir/Lib/Lvgl/porting/lv_port_indev.c.obj
                0x080064b4                HAL_GPIO_EXTI_Callback
 .text.lv_disp_get_scr_act
                0x080064bc       0x16 CMakeFiles/Ink-Paper.elf.dir/Lib/Lvgl/src/core/lv_disp.c.obj
                0x080064bc                lv_disp_get_scr_act
 .text.lv_disp_get_scr_prev
                0x080064d2       0x16 CMakeFiles/Ink-Paper.elf.dir/Lib/Lvgl/src/core/lv_disp.c.obj
                0x080064d2                lv_disp_get_scr_prev
 .text.lv_disp_get_layer_top
                0x080064e8       0x16 CMakeFiles/Ink-Paper.elf.dir/Lib/Lvgl/src/core/lv_disp.c.obj
                0x080064e8                lv_disp_get_layer_top
 .text.lv_disp_get_layer_sys
                0x080064fe       0x16 CMakeFiles/Ink-Paper.elf.dir/Lib/Lvgl/src/core/lv_disp.c.obj
                0x080064fe                lv_disp_get_layer_sys
 .text.lv_disp_get_theme
                0x08006514       0x12 CMakeFiles/Ink-Paper.elf.dir/Lib/Lvgl/src/core/lv_disp.c.obj
                0x08006514                lv_disp_get_theme
 .text.lv_obj_get_event_dsc
                0x08006526       0x1a CMakeFiles/Ink-Paper.elf.dir/Lib/Lvgl/src/core/lv_event.c.obj
 .text.event_is_bubbled
                0x08006540       0x28 CMakeFiles/Ink-Paper.elf.dir/Lib/Lvgl/src/core/lv_event.c.obj
 .text.lv_obj_event_base
                0x08006568       0x42 CMakeFiles/Ink-Paper.elf.dir/Lib/Lvgl/src/core/lv_event.c.obj
                0x08006568                lv_obj_event_base
 .text.event_send_core
                0x080065aa       0xa2 CMakeFiles/Ink-Paper.elf.dir/Lib/Lvgl/src/core/lv_event.c.obj
 .text.lv_event_send
                0x0800664c       0x40 CMakeFiles/Ink-Paper.elf.dir/Lib/Lvgl/src/core/lv_event.c.obj
                0x0800664c                lv_event_send
 .text.lv_event_get_target
                0x0800668c        0x4 CMakeFiles/Ink-Paper.elf.dir/Lib/Lvgl/src/core/lv_event.c.obj
                0x0800668c                lv_event_get_target
 .text.lv_event_get_code
                0x08006690        0x4 CMakeFiles/Ink-Paper.elf.dir/Lib/Lvgl/src/core/lv_event.c.obj
                0x08006690                lv_event_get_code
 .text.lv_event_get_param
                0x08006694        0x4 CMakeFiles/Ink-Paper.elf.dir/Lib/Lvgl/src/core/lv_event.c.obj
                0x08006694                lv_event_get_param
 .text.lv_event_get_user_data
                0x08006698        0x4 CMakeFiles/Ink-Paper.elf.dir/Lib/Lvgl/src/core/lv_event.c.obj
                0x08006698                lv_event_get_user_data
 .text._lv_event_mark_deleted
                0x0800669c       0x28 CMakeFiles/Ink-Paper.elf.dir/Lib/Lvgl/src/core/lv_event.c.obj
                0x0800669c                _lv_event_mark_deleted
 .text.lv_obj_add_event_cb
                0x080066c4       0x7e CMakeFiles/Ink-Paper.elf.dir/Lib/Lvgl/src/core/lv_event.c.obj
                0x080066c4                lv_obj_add_event_cb
 .text.lv_event_get_indev
                0x08006742       0x16 CMakeFiles/Ink-Paper.elf.dir/Lib/Lvgl/src/core/lv_event.c.obj
                0x08006742                lv_event_get_indev
 .text.lv_event_set_ext_draw_size
                0x08006758       0x1e CMakeFiles/Ink-Paper.elf.dir/Lib/Lvgl/src/core/lv_event.c.obj
                0x08006758                lv_event_set_ext_draw_size
 .text.get_indev
                0x08006776       0x52 CMakeFiles/Ink-Paper.elf.dir/Lib/Lvgl/src/core/lv_group.c.obj
 .text.focus_next_core
                0x080067c8       0xc4 CMakeFiles/Ink-Paper.elf.dir/Lib/Lvgl/src/core/lv_group.c.obj
 .text._lv_group_init
                0x0800688c       0x10 CMakeFiles/Ink-Paper.elf.dir/Lib/Lvgl/src/core/lv_group.c.obj
                0x0800688c                _lv_group_init
 .text.lv_group_get_default
                0x0800689c        0xc CMakeFiles/Ink-Paper.elf.dir/Lib/Lvgl/src/core/lv_group.c.obj
                0x0800689c                lv_group_get_default
 .text.lv_group_focus_next
                0x080068a8       0x14 CMakeFiles/Ink-Paper.elf.dir/Lib/Lvgl/src/core/lv_group.c.obj
                0x080068a8                lv_group_focus_next
 .text.lv_group_focus_prev
                0x080068bc       0x14 CMakeFiles/Ink-Paper.elf.dir/Lib/Lvgl/src/core/lv_group.c.obj
                0x080068bc                lv_group_focus_prev
 .text.lv_group_refocus
                0x080068d0       0x2c CMakeFiles/Ink-Paper.elf.dir/Lib/Lvgl/src/core/lv_group.c.obj
 .text.lv_group_add_obj
                0x080068fc       0x70 CMakeFiles/Ink-Paper.elf.dir/Lib/Lvgl/src/core/lv_group.c.obj
                0x080068fc                lv_group_add_obj
 .text.lv_group_remove_obj
                0x0800696c       0xa2 CMakeFiles/Ink-Paper.elf.dir/Lib/Lvgl/src/core/lv_group.c.obj
                0x0800696c                lv_group_remove_obj
 .text.lv_group_get_focused
                0x08006a0e        0xc CMakeFiles/Ink-Paper.elf.dir/Lib/Lvgl/src/core/lv_group.c.obj
                0x08006a0e                lv_group_get_focused
 .text.lv_group_send_data
                0x08006a1a       0x1e CMakeFiles/Ink-Paper.elf.dir/Lib/Lvgl/src/core/lv_group.c.obj
                0x08006a1a                lv_group_send_data
 .text.lv_group_set_editing
                0x08006a38       0x44 CMakeFiles/Ink-Paper.elf.dir/Lib/Lvgl/src/core/lv_group.c.obj
                0x08006a38                lv_group_set_editing
 .text.lv_group_focus_obj
                0x08006a7c       0x92 CMakeFiles/Ink-Paper.elf.dir/Lib/Lvgl/src/core/lv_group.c.obj
                0x08006a7c                lv_group_focus_obj
 .text.lv_group_get_editing
                0x08006b0e        0xe CMakeFiles/Ink-Paper.elf.dir/Lib/Lvgl/src/core/lv_group.c.obj
                0x08006b0e                lv_group_get_editing
 .text.lv_group_get_obj_count
                0x08006b1c        0x8 CMakeFiles/Ink-Paper.elf.dir/Lib/Lvgl/src/core/lv_group.c.obj
                0x08006b1c                lv_group_get_obj_count
 .text.indev_proc_reset_query_handler
                0x08006b24       0x48 CMakeFiles/Ink-Paper.elf.dir/Lib/Lvgl/src/core/lv_indev.c.obj
 .text.indev_reset_check
                0x08006b6c       0x18 CMakeFiles/Ink-Paper.elf.dir/Lib/Lvgl/src/core/lv_indev.c.obj
 .text.indev_proc_release
                0x08006b84       0x98 CMakeFiles/Ink-Paper.elf.dir/Lib/Lvgl/src/core/lv_indev.c.obj
 .text.indev_click_focus
                0x08006c1c       0xfc CMakeFiles/Ink-Paper.elf.dir/Lib/Lvgl/src/core/lv_indev.c.obj
 .text.indev_gesture
                0x08006d18      0x114 CMakeFiles/Ink-Paper.elf.dir/Lib/Lvgl/src/core/lv_indev.c.obj
 .text.indev_keypad_proc
                0x08006e2c      0x268 CMakeFiles/Ink-Paper.elf.dir/Lib/Lvgl/src/core/lv_indev.c.obj
 .text.indev_encoder_proc
                0x08007094      0x3b0 CMakeFiles/Ink-Paper.elf.dir/Lib/Lvgl/src/core/lv_indev.c.obj
 .text.lv_indev_get_act
                0x08007444        0xc CMakeFiles/Ink-Paper.elf.dir/Lib/Lvgl/src/core/lv_indev.c.obj
                0x08007444                lv_indev_get_act
 .text.lv_indev_get_type
                0x08007450        0xc CMakeFiles/Ink-Paper.elf.dir/Lib/Lvgl/src/core/lv_indev.c.obj
                0x08007450                lv_indev_get_type
 .text.lv_indev_reset
                0x0800745c       0xb0 CMakeFiles/Ink-Paper.elf.dir/Lib/Lvgl/src/core/lv_indev.c.obj
                0x0800745c                lv_indev_reset
 .text.lv_indev_reset_long_press
                0x0800750c       0x1a CMakeFiles/Ink-Paper.elf.dir/Lib/Lvgl/src/core/lv_indev.c.obj
                0x0800750c                lv_indev_reset_long_press
 .text.lv_indev_get_point
                0x08007526       0x30 CMakeFiles/Ink-Paper.elf.dir/Lib/Lvgl/src/core/lv_indev.c.obj
                0x08007526                lv_indev_get_point
 .text.lv_indev_get_scroll_dir
                0x08007556       0x22 CMakeFiles/Ink-Paper.elf.dir/Lib/Lvgl/src/core/lv_indev.c.obj
                0x08007556                lv_indev_get_scroll_dir
 .text.lv_indev_get_scroll_obj
                0x08007578       0x1a CMakeFiles/Ink-Paper.elf.dir/Lib/Lvgl/src/core/lv_indev.c.obj
                0x08007578                lv_indev_get_scroll_obj
 .text.lv_indev_get_vect
                0x08007592       0x24 CMakeFiles/Ink-Paper.elf.dir/Lib/Lvgl/src/core/lv_indev.c.obj
                0x08007592                lv_indev_get_vect
 .text.lv_indev_wait_release
                0x080075b6        0xc CMakeFiles/Ink-Paper.elf.dir/Lib/Lvgl/src/core/lv_indev.c.obj
                0x080075b6                lv_indev_wait_release
 *fill*         0x080075c2        0x2 
 .text.lv_indev_get_obj_act
                0x080075c4        0xc CMakeFiles/Ink-Paper.elf.dir/Lib/Lvgl/src/core/lv_indev.c.obj
                0x080075c4                lv_indev_get_obj_act
 .text.lv_indev_search_obj
                0x080075d0       0x6e CMakeFiles/Ink-Paper.elf.dir/Lib/Lvgl/src/core/lv_indev.c.obj
                0x080075d0                lv_indev_search_obj
 *fill*         0x0800763e        0x2 
 .text.indev_proc_press
                0x08007640      0x28c CMakeFiles/Ink-Paper.elf.dir/Lib/Lvgl/src/core/lv_indev.c.obj
 .text.indev_pointer_proc
                0x080078cc       0xbe CMakeFiles/Ink-Paper.elf.dir/Lib/Lvgl/src/core/lv_indev.c.obj
 .text.indev_button_proc
                0x0800798a       0x76 CMakeFiles/Ink-Paper.elf.dir/Lib/Lvgl/src/core/lv_indev.c.obj
 .text.lv_indev_read_timer_cb
                0x08007a00       0xcc CMakeFiles/Ink-Paper.elf.dir/Lib/Lvgl/src/core/lv_indev.c.obj
                0x08007a00                lv_indev_read_timer_cb
 .text.scroll_limit_diff
                0x08007acc       0x88 CMakeFiles/Ink-Paper.elf.dir/Lib/Lvgl/src/core/lv_indev_scroll.c.obj
 .text.scroll_throw_predict_y
                0x08007b54       0x38 CMakeFiles/Ink-Paper.elf.dir/Lib/Lvgl/src/core/lv_indev_scroll.c.obj
 .text.scroll_throw_predict_x
                0x08007b8c       0x38 CMakeFiles/Ink-Paper.elf.dir/Lib/Lvgl/src/core/lv_indev_scroll.c.obj
 .text.find_scroll_obj
                0x08007bc4      0x1ec CMakeFiles/Ink-Paper.elf.dir/Lib/Lvgl/src/core/lv_indev_scroll.c.obj
 .text.find_snap_point_y
                0x08007db0      0x120 CMakeFiles/Ink-Paper.elf.dir/Lib/Lvgl/src/core/lv_indev_scroll.c.obj
 .text.find_snap_point_x
                0x08007ed0      0x120 CMakeFiles/Ink-Paper.elf.dir/Lib/Lvgl/src/core/lv_indev_scroll.c.obj
 .text.init_scroll_limits
                0x08007ff0      0x1a8 CMakeFiles/Ink-Paper.elf.dir/Lib/Lvgl/src/core/lv_indev_scroll.c.obj
 .text.elastic_diff
                0x08008198      0x1d2 CMakeFiles/Ink-Paper.elf.dir/Lib/Lvgl/src/core/lv_indev_scroll.c.obj
 .text._lv_indev_scroll_handler
                0x0800836a      0x134 CMakeFiles/Ink-Paper.elf.dir/Lib/Lvgl/src/core/lv_indev_scroll.c.obj
                0x0800836a                _lv_indev_scroll_handler
 *fill*         0x0800849e        0x2 
 .text._lv_indev_scroll_throw_handler
                0x080084a0      0x240 CMakeFiles/Ink-Paper.elf.dir/Lib/Lvgl/src/core/lv_indev_scroll.c.obj
                0x080084a0                _lv_indev_scroll_throw_handler
 .text.lv_indev_scroll_throw_predict
                0x080086e0       0x4c CMakeFiles/Ink-Paper.elf.dir/Lib/Lvgl/src/core/lv_indev_scroll.c.obj
                0x080086e0                lv_indev_scroll_throw_predict
 .text.lv_style_get_prop_inlined
                0x0800872c       0x6e CMakeFiles/Ink-Paper.elf.dir/Lib/Lvgl/src/core/lv_obj.c.obj
 .text.scrollbar_init_draw_dsc
                0x0800879a      0x114 CMakeFiles/Ink-Paper.elf.dir/Lib/Lvgl/src/core/lv_obj.c.obj
 .text.draw_scrollbar
                0x080088ae       0x5a CMakeFiles/Ink-Paper.elf.dir/Lib/Lvgl/src/core/lv_obj.c.obj
 .text.lv_obj_draw
                0x08008908      0x2ac CMakeFiles/Ink-Paper.elf.dir/Lib/Lvgl/src/core/lv_obj.c.obj
 .text.lv_obj_constructor
                0x08008bb4       0x9a CMakeFiles/Ink-Paper.elf.dir/Lib/Lvgl/src/core/lv_obj.c.obj
 .text.lv_obj_set_state
                0x08008c4e      0x1e0 CMakeFiles/Ink-Paper.elf.dir/Lib/Lvgl/src/core/lv_obj.c.obj
 *fill*         0x08008e2e        0x2 
 .text.lv_init  0x08008e30       0x54 CMakeFiles/Ink-Paper.elf.dir/Lib/Lvgl/src/core/lv_obj.c.obj
                0x08008e30                lv_init
 .text.lv_obj_create
                0x08008e84       0x18 CMakeFiles/Ink-Paper.elf.dir/Lib/Lvgl/src/core/lv_obj.c.obj
                0x08008e84                lv_obj_create
 .text.lv_obj_add_flag
                0x08008e9c       0x46 CMakeFiles/Ink-Paper.elf.dir/Lib/Lvgl/src/core/lv_obj.c.obj
                0x08008e9c                lv_obj_add_flag
 .text.lv_obj_clear_flag
                0x08008ee2       0x52 CMakeFiles/Ink-Paper.elf.dir/Lib/Lvgl/src/core/lv_obj.c.obj
                0x08008ee2                lv_obj_clear_flag
 .text.lv_obj_add_state
                0x08008f34       0x18 CMakeFiles/Ink-Paper.elf.dir/Lib/Lvgl/src/core/lv_obj.c.obj
                0x08008f34                lv_obj_add_state
 .text.lv_obj_clear_state
                0x08008f4c       0x18 CMakeFiles/Ink-Paper.elf.dir/Lib/Lvgl/src/core/lv_obj.c.obj
                0x08008f4c                lv_obj_clear_state
 .text.lv_obj_has_flag
                0x08008f64        0xc CMakeFiles/Ink-Paper.elf.dir/Lib/Lvgl/src/core/lv_obj.c.obj
                0x08008f64                lv_obj_has_flag
 .text.lv_obj_has_flag_any
                0x08008f70        0xc CMakeFiles/Ink-Paper.elf.dir/Lib/Lvgl/src/core/lv_obj.c.obj
                0x08008f70                lv_obj_has_flag_any
 .text.lv_obj_get_state
                0x08008f7c        0x4 CMakeFiles/Ink-Paper.elf.dir/Lib/Lvgl/src/core/lv_obj.c.obj
                0x08008f7c                lv_obj_get_state
 .text.lv_obj_get_group
                0x08008f80        0x8 CMakeFiles/Ink-Paper.elf.dir/Lib/Lvgl/src/core/lv_obj.c.obj
                0x08008f80                lv_obj_get_group
 .text.lv_obj_event
                0x08008f88      0x252 CMakeFiles/Ink-Paper.elf.dir/Lib/Lvgl/src/core/lv_obj.c.obj
 *fill*         0x080091da        0x2 
 .text.lv_obj_destructor
                0x080091dc       0x68 CMakeFiles/Ink-Paper.elf.dir/Lib/Lvgl/src/core/lv_obj.c.obj
 .text.lv_obj_allocate_spec_attr
                0x08009244       0x40 CMakeFiles/Ink-Paper.elf.dir/Lib/Lvgl/src/core/lv_obj.c.obj
                0x08009244                lv_obj_allocate_spec_attr
 .text.lv_obj_check_type
                0x08009284       0x12 CMakeFiles/Ink-Paper.elf.dir/Lib/Lvgl/src/core/lv_obj.c.obj
                0x08009284                lv_obj_check_type
 .text.lv_obj_construct
                0x08009296       0x1e CMakeFiles/Ink-Paper.elf.dir/Lib/Lvgl/src/core/lv_obj_class.c.obj
 .text.get_instance_size
                0x080092b4       0x24 CMakeFiles/Ink-Paper.elf.dir/Lib/Lvgl/src/core/lv_obj_class.c.obj
 .text.lv_obj_class_create_obj
                0x080092d8       0xd0 CMakeFiles/Ink-Paper.elf.dir/Lib/Lvgl/src/core/lv_obj_class.c.obj
                0x080092d8                lv_obj_class_create_obj
 .text._lv_obj_destruct
                0x080093a8       0x1e CMakeFiles/Ink-Paper.elf.dir/Lib/Lvgl/src/core/lv_obj_class.c.obj
                0x080093a8                _lv_obj_destruct
 .text.lv_obj_is_editable
                0x080093c6       0x26 CMakeFiles/Ink-Paper.elf.dir/Lib/Lvgl/src/core/lv_obj_class.c.obj
                0x080093c6                lv_obj_is_editable
 .text.lv_obj_is_group_def
                0x080093ec       0x26 CMakeFiles/Ink-Paper.elf.dir/Lib/Lvgl/src/core/lv_obj_class.c.obj
                0x080093ec                lv_obj_is_group_def
 .text.lv_obj_class_init_obj
                0x08009412       0x66 CMakeFiles/Ink-Paper.elf.dir/Lib/Lvgl/src/core/lv_obj_class.c.obj
                0x08009412                lv_obj_class_init_obj
 .text.lv_obj_init_draw_rect_dsc
                0x08009478      0x2a6 CMakeFiles/Ink-Paper.elf.dir/Lib/Lvgl/src/core/lv_obj_draw.c.obj
                0x08009478                lv_obj_init_draw_rect_dsc
 .text.lv_obj_init_draw_label_dsc
                0x0800971e       0xd2 CMakeFiles/Ink-Paper.elf.dir/Lib/Lvgl/src/core/lv_obj_draw.c.obj
                0x0800971e                lv_obj_init_draw_label_dsc
 .text.lv_obj_init_draw_img_dsc
                0x080097f0       0xa2 CMakeFiles/Ink-Paper.elf.dir/Lib/Lvgl/src/core/lv_obj_draw.c.obj
                0x080097f0                lv_obj_init_draw_img_dsc
 .text.lv_obj_init_draw_line_dsc
                0x08009892       0xa8 CMakeFiles/Ink-Paper.elf.dir/Lib/Lvgl/src/core/lv_obj_draw.c.obj
                0x08009892                lv_obj_init_draw_line_dsc
 .text.lv_obj_init_draw_arc_dsc
                0x0800993a       0x8a CMakeFiles/Ink-Paper.elf.dir/Lib/Lvgl/src/core/lv_obj_draw.c.obj
                0x0800993a                lv_obj_init_draw_arc_dsc
 .text.lv_obj_calculate_ext_draw_size
                0x080099c4       0xec CMakeFiles/Ink-Paper.elf.dir/Lib/Lvgl/src/core/lv_obj_draw.c.obj
                0x080099c4                lv_obj_calculate_ext_draw_size
 .text.lv_obj_draw_dsc_init
                0x08009ab0       0x10 CMakeFiles/Ink-Paper.elf.dir/Lib/Lvgl/src/core/lv_obj_draw.c.obj
                0x08009ab0                lv_obj_draw_dsc_init
 .text._lv_obj_get_ext_draw_size
                0x08009ac0        0xe CMakeFiles/Ink-Paper.elf.dir/Lib/Lvgl/src/core/lv_obj_draw.c.obj
                0x08009ac0                _lv_obj_get_ext_draw_size
 .text.lv_obj_refresh_ext_draw_size
                0x08009ace       0x64 CMakeFiles/Ink-Paper.elf.dir/Lib/Lvgl/src/core/lv_obj_draw.c.obj
                0x08009ace                lv_obj_refresh_ext_draw_size
 .text.lv_obj_set_width
                0x08009b32       0x30 CMakeFiles/Ink-Paper.elf.dir/Lib/Lvgl/src/core/lv_obj_pos.c.obj
                0x08009b32                lv_obj_set_width
 .text.lv_obj_set_height
                0x08009b62       0x30 CMakeFiles/Ink-Paper.elf.dir/Lib/Lvgl/src/core/lv_obj_pos.c.obj
                0x08009b62                lv_obj_set_height
 .text.lv_obj_set_size
                0x08009b92       0x14 CMakeFiles/Ink-Paper.elf.dir/Lib/Lvgl/src/core/lv_obj_pos.c.obj
                0x08009b92                lv_obj_set_size
 *fill*         0x08009ba6        0x2 
 .text.lv_obj_is_layout_positioned
                0x08009ba8       0x38 CMakeFiles/Ink-Paper.elf.dir/Lib/Lvgl/src/core/lv_obj_pos.c.obj
                0x08009ba8                lv_obj_is_layout_positioned
 .text.lv_obj_set_x
                0x08009be0       0x3c CMakeFiles/Ink-Paper.elf.dir/Lib/Lvgl/src/core/lv_obj_pos.c.obj
                0x08009be0                lv_obj_set_x
 .text.lv_obj_set_y
                0x08009c1c       0x3c CMakeFiles/Ink-Paper.elf.dir/Lib/Lvgl/src/core/lv_obj_pos.c.obj
                0x08009c1c                lv_obj_set_y
 .text.lv_obj_set_pos
                0x08009c58       0x14 CMakeFiles/Ink-Paper.elf.dir/Lib/Lvgl/src/core/lv_obj_pos.c.obj
                0x08009c58                lv_obj_set_pos
 .text.lv_obj_mark_layout_as_dirty
                0x08009c6c       0x2a CMakeFiles/Ink-Paper.elf.dir/Lib/Lvgl/src/core/lv_obj_pos.c.obj
                0x08009c6c                lv_obj_mark_layout_as_dirty
 *fill*         0x08009c96        0x2 
 .text.lv_layout_register
                0x08009c98       0x44 CMakeFiles/Ink-Paper.elf.dir/Lib/Lvgl/src/core/lv_obj_pos.c.obj
                0x08009c98                lv_layout_register
 .text.lv_obj_align
                0x08009cdc       0x1a CMakeFiles/Ink-Paper.elf.dir/Lib/Lvgl/src/core/lv_obj_pos.c.obj
                0x08009cdc                lv_obj_align
 .text.lv_obj_get_coords
                0x08009cf6       0x1a CMakeFiles/Ink-Paper.elf.dir/Lib/Lvgl/src/core/lv_obj_pos.c.obj
                0x08009cf6                lv_obj_get_coords
 .text.lv_obj_get_x
                0x08009d10       0x4a CMakeFiles/Ink-Paper.elf.dir/Lib/Lvgl/src/core/lv_obj_pos.c.obj
                0x08009d10                lv_obj_get_x
 .text.lv_obj_get_y
                0x08009d5a       0x4a CMakeFiles/Ink-Paper.elf.dir/Lib/Lvgl/src/core/lv_obj_pos.c.obj
                0x08009d5a                lv_obj_get_y
 .text.lv_obj_get_width
                0x08009da4        0xe CMakeFiles/Ink-Paper.elf.dir/Lib/Lvgl/src/core/lv_obj_pos.c.obj
                0x08009da4                lv_obj_get_width
 .text.lv_obj_get_height
                0x08009db2        0xe CMakeFiles/Ink-Paper.elf.dir/Lib/Lvgl/src/core/lv_obj_pos.c.obj
                0x08009db2                lv_obj_get_height
 .text.calc_auto_size
                0x08009dc0       0x56 CMakeFiles/Ink-Paper.elf.dir/Lib/Lvgl/src/core/lv_obj_pos.c.obj
 .text.lv_obj_get_y2
                0x08009e16       0x18 CMakeFiles/Ink-Paper.elf.dir/Lib/Lvgl/src/core/lv_obj_pos.c.obj
                0x08009e16                lv_obj_get_y2
 .text.lv_obj_get_content_width
                0x08009e2e       0x46 CMakeFiles/Ink-Paper.elf.dir/Lib/Lvgl/src/core/lv_obj_pos.c.obj
                0x08009e2e                lv_obj_get_content_width
 .text.lv_obj_get_content_height
                0x08009e74       0x46 CMakeFiles/Ink-Paper.elf.dir/Lib/Lvgl/src/core/lv_obj_pos.c.obj
                0x08009e74                lv_obj_get_content_height
 .text.lv_obj_get_content_coords
                0x08009eba       0x78 CMakeFiles/Ink-Paper.elf.dir/Lib/Lvgl/src/core/lv_obj_pos.c.obj
                0x08009eba                lv_obj_get_content_coords
 .text.lv_obj_get_self_width
                0x08009f32       0x24 CMakeFiles/Ink-Paper.elf.dir/Lib/Lvgl/src/core/lv_obj_pos.c.obj
                0x08009f32                lv_obj_get_self_width
 .text.lv_obj_get_self_height
                0x08009f56       0x24 CMakeFiles/Ink-Paper.elf.dir/Lib/Lvgl/src/core/lv_obj_pos.c.obj
                0x08009f56                lv_obj_get_self_height
 .text.lv_obj_refresh_self_size
                0x08009f7a       0x38 CMakeFiles/Ink-Paper.elf.dir/Lib/Lvgl/src/core/lv_obj_pos.c.obj
                0x08009f7a                lv_obj_refresh_self_size
 .text.lv_obj_move_children_by
                0x08009fb2       0x66 CMakeFiles/Ink-Paper.elf.dir/Lib/Lvgl/src/core/lv_obj_pos.c.obj
                0x08009fb2                lv_obj_move_children_by
 .text.lv_obj_area_is_visible
                0x0800a018       0xe4 CMakeFiles/Ink-Paper.elf.dir/Lib/Lvgl/src/core/lv_obj_pos.c.obj
                0x0800a018                lv_obj_area_is_visible
 .text.lv_obj_invalidate_area
                0x0800a0fc       0x40 CMakeFiles/Ink-Paper.elf.dir/Lib/Lvgl/src/core/lv_obj_pos.c.obj
                0x0800a0fc                lv_obj_invalidate_area
 .text.lv_obj_invalidate
                0x0800a13c       0x5e CMakeFiles/Ink-Paper.elf.dir/Lib/Lvgl/src/core/lv_obj_pos.c.obj
                0x0800a13c                lv_obj_invalidate
 .text.lv_obj_move_to
                0x0800a19a      0x154 CMakeFiles/Ink-Paper.elf.dir/Lib/Lvgl/src/core/lv_obj_pos.c.obj
                0x0800a19a                lv_obj_move_to
 *fill*         0x0800a2ee        0x2 
 .text.lv_obj_refr_pos
                0x0800a2f0      0x2c4 CMakeFiles/Ink-Paper.elf.dir/Lib/Lvgl/src/core/lv_obj_pos.c.obj
                0x0800a2f0                lv_obj_refr_pos
 .text.lv_obj_is_visible
                0x0800a5b4       0x5e CMakeFiles/Ink-Paper.elf.dir/Lib/Lvgl/src/core/lv_obj_pos.c.obj
                0x0800a5b4                lv_obj_is_visible
 .text.lv_obj_set_ext_click_area
                0x0800a612       0x10 CMakeFiles/Ink-Paper.elf.dir/Lib/Lvgl/src/core/lv_obj_pos.c.obj
                0x0800a612                lv_obj_set_ext_click_area
 .text.lv_obj_get_click_area
                0x0800a622       0x54 CMakeFiles/Ink-Paper.elf.dir/Lib/Lvgl/src/core/lv_obj_pos.c.obj
                0x0800a622                lv_obj_get_click_area
 .text.lv_obj_hit_test
                0x0800a676       0x48 CMakeFiles/Ink-Paper.elf.dir/Lib/Lvgl/src/core/lv_obj_pos.c.obj
                0x0800a676                lv_obj_hit_test
 *fill*         0x0800a6be        0x2 
 .text.lv_clamp_width
                0x0800a6c0       0x80 CMakeFiles/Ink-Paper.elf.dir/Lib/Lvgl/src/core/lv_obj_pos.c.obj
                0x0800a6c0                lv_clamp_width
 .text.lv_clamp_height
                0x0800a740       0x80 CMakeFiles/Ink-Paper.elf.dir/Lib/Lvgl/src/core/lv_obj_pos.c.obj
                0x0800a740                lv_clamp_height
 .text.lv_obj_refr_size
                0x0800a7c0      0x2f8 CMakeFiles/Ink-Paper.elf.dir/Lib/Lvgl/src/core/lv_obj_pos.c.obj
                0x0800a7c0                lv_obj_refr_size
 .text.layout_update_core
                0x0800aab8       0x8c CMakeFiles/Ink-Paper.elf.dir/Lib/Lvgl/src/core/lv_obj_pos.c.obj
 .text.lv_obj_update_layout
                0x0800ab44       0x40 CMakeFiles/Ink-Paper.elf.dir/Lib/Lvgl/src/core/lv_obj_pos.c.obj
                0x0800ab44                lv_obj_update_layout
 .text.lv_obj_align_to
                0x0800ab84      0x430 CMakeFiles/Ink-Paper.elf.dir/Lib/Lvgl/src/core/lv_obj_pos.c.obj
                0x0800ab84                lv_obj_align_to
 .text.scroll_by_raw
                0x0800afb4       0x46 CMakeFiles/Ink-Paper.elf.dir/Lib/Lvgl/src/core/lv_obj_scroll.c.obj
 .text.scroll_anim_ready_cb
                0x0800affa        0xe CMakeFiles/Ink-Paper.elf.dir/Lib/Lvgl/src/core/lv_obj_scroll.c.obj
 .text.lv_obj_set_scrollbar_mode
                0x0800b008       0x26 CMakeFiles/Ink-Paper.elf.dir/Lib/Lvgl/src/core/lv_obj_scroll.c.obj
                0x0800b008                lv_obj_set_scrollbar_mode
 .text.lv_obj_set_scroll_dir
                0x0800b02e       0x20 CMakeFiles/Ink-Paper.elf.dir/Lib/Lvgl/src/core/lv_obj_scroll.c.obj
                0x0800b02e                lv_obj_set_scroll_dir
 .text.lv_obj_set_scroll_snap_x
                0x0800b04e       0x16 CMakeFiles/Ink-Paper.elf.dir/Lib/Lvgl/src/core/lv_obj_scroll.c.obj
                0x0800b04e                lv_obj_set_scroll_snap_x
 .text.lv_obj_set_scroll_snap_y
                0x0800b064       0x16 CMakeFiles/Ink-Paper.elf.dir/Lib/Lvgl/src/core/lv_obj_scroll.c.obj
                0x0800b064                lv_obj_set_scroll_snap_y
 .text.lv_obj_get_scrollbar_mode
                0x0800b07a       0x10 CMakeFiles/Ink-Paper.elf.dir/Lib/Lvgl/src/core/lv_obj_scroll.c.obj
                0x0800b07a                lv_obj_get_scrollbar_mode
 .text.lv_obj_get_scroll_dir
                0x0800b08a       0x10 CMakeFiles/Ink-Paper.elf.dir/Lib/Lvgl/src/core/lv_obj_scroll.c.obj
                0x0800b08a                lv_obj_get_scroll_dir
 .text.lv_obj_get_scroll_snap_x
                0x0800b09a       0x10 CMakeFiles/Ink-Paper.elf.dir/Lib/Lvgl/src/core/lv_obj_scroll.c.obj
                0x0800b09a                lv_obj_get_scroll_snap_x
 .text.lv_obj_get_scroll_snap_y
                0x0800b0aa       0x10 CMakeFiles/Ink-Paper.elf.dir/Lib/Lvgl/src/core/lv_obj_scroll.c.obj
                0x0800b0aa                lv_obj_get_scroll_snap_y
 .text.lv_obj_get_scroll_x
                0x0800b0ba       0x10 CMakeFiles/Ink-Paper.elf.dir/Lib/Lvgl/src/core/lv_obj_scroll.c.obj
                0x0800b0ba                lv_obj_get_scroll_x
 .text.scroll_x_anim
                0x0800b0ca       0x1a CMakeFiles/Ink-Paper.elf.dir/Lib/Lvgl/src/core/lv_obj_scroll.c.obj
 .text.lv_obj_get_scroll_y
                0x0800b0e4       0x10 CMakeFiles/Ink-Paper.elf.dir/Lib/Lvgl/src/core/lv_obj_scroll.c.obj
                0x0800b0e4                lv_obj_get_scroll_y
 .text.scroll_y_anim
                0x0800b0f4       0x1a CMakeFiles/Ink-Paper.elf.dir/Lib/Lvgl/src/core/lv_obj_scroll.c.obj
 .text.lv_obj_get_scroll_top
                0x0800b10e       0x10 CMakeFiles/Ink-Paper.elf.dir/Lib/Lvgl/src/core/lv_obj_scroll.c.obj
                0x0800b10e                lv_obj_get_scroll_top
 *fill*         0x0800b11e        0x2 
 .text.lv_obj_get_scroll_bottom
                0x0800b120       0xb4 CMakeFiles/Ink-Paper.elf.dir/Lib/Lvgl/src/core/lv_obj_scroll.c.obj
                0x0800b120                lv_obj_get_scroll_bottom
 .text.lv_obj_get_scroll_left
                0x0800b1d4       0xe0 CMakeFiles/Ink-Paper.elf.dir/Lib/Lvgl/src/core/lv_obj_scroll.c.obj
                0x0800b1d4                lv_obj_get_scroll_left
 .text.lv_obj_get_scroll_right
                0x0800b2b4       0xd4 CMakeFiles/Ink-Paper.elf.dir/Lib/Lvgl/src/core/lv_obj_scroll.c.obj
                0x0800b2b4                lv_obj_get_scroll_right
 .text.lv_obj_get_scroll_end
                0x0800b388       0x44 CMakeFiles/Ink-Paper.elf.dir/Lib/Lvgl/src/core/lv_obj_scroll.c.obj
                0x0800b388                lv_obj_get_scroll_end
 .text.lv_obj_scroll_by
                0x0800b3cc      0x11c CMakeFiles/Ink-Paper.elf.dir/Lib/Lvgl/src/core/lv_obj_scroll.c.obj
                0x0800b3cc                lv_obj_scroll_by
 .text.scroll_area_into_view
                0x0800b4e8      0x334 CMakeFiles/Ink-Paper.elf.dir/Lib/Lvgl/src/core/lv_obj_scroll.c.obj
 .text.lv_obj_scroll_to_x
                0x0800b81c       0x98 CMakeFiles/Ink-Paper.elf.dir/Lib/Lvgl/src/core/lv_obj_scroll.c.obj
                0x0800b81c                lv_obj_scroll_to_x
 .text.lv_obj_scroll_to_y
                0x0800b8b4       0x54 CMakeFiles/Ink-Paper.elf.dir/Lib/Lvgl/src/core/lv_obj_scroll.c.obj
                0x0800b8b4                lv_obj_scroll_to_y
 .text.lv_obj_scroll_to
                0x0800b908       0x1a CMakeFiles/Ink-Paper.elf.dir/Lib/Lvgl/src/core/lv_obj_scroll.c.obj
                0x0800b908                lv_obj_scroll_to
 .text.lv_obj_scroll_to_view_recursive
                0x0800b922       0x40 CMakeFiles/Ink-Paper.elf.dir/Lib/Lvgl/src/core/lv_obj_scroll.c.obj
                0x0800b922                lv_obj_scroll_to_view_recursive
 *fill*         0x0800b962        0x2 
 .text.lv_obj_get_scrollbar_area
                0x0800b964      0x6cc CMakeFiles/Ink-Paper.elf.dir/Lib/Lvgl/src/core/lv_obj_scroll.c.obj
                0x0800b964                lv_obj_get_scrollbar_area
 .text.lv_obj_scrollbar_invalidate
                0x0800c030       0x46 CMakeFiles/Ink-Paper.elf.dir/Lib/Lvgl/src/core/lv_obj_scroll.c.obj